Archive member included to satisfy reference by file (symbol)

/usr/local/Cellar/arm-none-eabi-gcc/9-2019-q4-major/gcc/bin/../lib/gcc/arm-none-eabi/9.2.1/../../../../arm-none-eabi/lib/thumb/v7e-m+fp/hard/libg.a(lib_a-errno.o)
                              CMakeFiles/CANSimulator.elf.dir/Core/Src/syscalls.c.obj (__errno)
/usr/local/Cellar/arm-none-eabi-gcc/9-2019-q4-major/gcc/bin/../lib/gcc/arm-none-eabi/9.2.1/../../../../arm-none-eabi/lib/thumb/v7e-m+fp/hard/libg.a(lib_a-exit.o)
                              /usr/local/Cellar/arm-none-eabi-gcc/9-2019-q4-major/gcc/bin/../lib/gcc/arm-none-eabi/9.2.1/../../../../arm-none-eabi/lib/thumb/v7e-m+fp/hard/crt0.o (exit)
/usr/local/Cellar/arm-none-eabi-gcc/9-2019-q4-major/gcc/bin/../lib/gcc/arm-none-eabi/9.2.1/../../../../arm-none-eabi/lib/thumb/v7e-m+fp/hard/libg.a(lib_a-impure.o)
                              /usr/local/Cellar/arm-none-eabi-gcc/9-2019-q4-major/gcc/bin/../lib/gcc/arm-none-eabi/9.2.1/../../../../arm-none-eabi/lib/thumb/v7e-m+fp/hard/libg.a(lib_a-exit.o) (_global_impure_ptr)
/usr/local/Cellar/arm-none-eabi-gcc/9-2019-q4-major/gcc/bin/../lib/gcc/arm-none-eabi/9.2.1/../../../../arm-none-eabi/lib/thumb/v7e-m+fp/hard/libg.a(lib_a-init.o)
                              /usr/local/Cellar/arm-none-eabi-gcc/9-2019-q4-major/gcc/bin/../lib/gcc/arm-none-eabi/9.2.1/../../../../arm-none-eabi/lib/thumb/v7e-m+fp/hard/crt0.o (__libc_init_array)
/usr/local/Cellar/arm-none-eabi-gcc/9-2019-q4-major/gcc/bin/../lib/gcc/arm-none-eabi/9.2.1/../../../../arm-none-eabi/lib/thumb/v7e-m+fp/hard/libg.a(lib_a-memcpy.o)
                              CMakeFiles/CANSimulator.elf.dir/Middlewares/Third_Party/FreeRTOS/Source/CMSIS_RTOS_V2/cmsis_os2.c.obj (memcpy)
/usr/local/Cellar/arm-none-eabi-gcc/9-2019-q4-major/gcc/bin/../lib/gcc/arm-none-eabi/9.2.1/../../../../arm-none-eabi/lib/thumb/v7e-m+fp/hard/libg.a(lib_a-memset.o)
                              /usr/local/Cellar/arm-none-eabi-gcc/9-2019-q4-major/gcc/bin/../lib/gcc/arm-none-eabi/9.2.1/../../../../arm-none-eabi/lib/thumb/v7e-m+fp/hard/crt0.o (memset)
/usr/local/Cellar/arm-none-eabi-gcc/9-2019-q4-major/gcc/bin/../lib/gcc/arm-none-eabi/9.2.1/../../../../arm-none-eabi/lib/thumb/v7e-m+fp/hard/libg.a(lib_a-__call_atexit.o)
                              /usr/local/Cellar/arm-none-eabi-gcc/9-2019-q4-major/gcc/bin/../lib/gcc/arm-none-eabi/9.2.1/../../../../arm-none-eabi/lib/thumb/v7e-m+fp/hard/libg.a(lib_a-exit.o) (__call_exitprocs)
/usr/local/Cellar/arm-none-eabi-gcc/9-2019-q4-major/gcc/bin/../lib/gcc/arm-none-eabi/9.2.1/../../../../arm-none-eabi/lib/thumb/v7e-m+fp/hard/libg.a(lib_a-atexit.o)
                              /usr/local/Cellar/arm-none-eabi-gcc/9-2019-q4-major/gcc/bin/../lib/gcc/arm-none-eabi/9.2.1/../../../../arm-none-eabi/lib/thumb/v7e-m+fp/hard/libg.a(lib_a-__call_atexit.o) (atexit)
/usr/local/Cellar/arm-none-eabi-gcc/9-2019-q4-major/gcc/bin/../lib/gcc/arm-none-eabi/9.2.1/../../../../arm-none-eabi/lib/thumb/v7e-m+fp/hard/libg.a(lib_a-fini.o)
                              /usr/local/Cellar/arm-none-eabi-gcc/9-2019-q4-major/gcc/bin/../lib/gcc/arm-none-eabi/9.2.1/../../../../arm-none-eabi/lib/thumb/v7e-m+fp/hard/libg.a(lib_a-__call_atexit.o) (__libc_fini_array)
/usr/local/Cellar/arm-none-eabi-gcc/9-2019-q4-major/gcc/bin/../lib/gcc/arm-none-eabi/9.2.1/../../../../arm-none-eabi/lib/thumb/v7e-m+fp/hard/libg.a(lib_a-lock.o)
                              /usr/local/Cellar/arm-none-eabi-gcc/9-2019-q4-major/gcc/bin/../lib/gcc/arm-none-eabi/9.2.1/../../../../arm-none-eabi/lib/thumb/v7e-m+fp/hard/libg.a(lib_a-__call_atexit.o) (__retarget_lock_acquire_recursive)
/usr/local/Cellar/arm-none-eabi-gcc/9-2019-q4-major/gcc/bin/../lib/gcc/arm-none-eabi/9.2.1/../../../../arm-none-eabi/lib/thumb/v7e-m+fp/hard/libg.a(lib_a-__atexit.o)
                              /usr/local/Cellar/arm-none-eabi-gcc/9-2019-q4-major/gcc/bin/../lib/gcc/arm-none-eabi/9.2.1/../../../../arm-none-eabi/lib/thumb/v7e-m+fp/hard/libg.a(lib_a-atexit.o) (__register_exitproc)

Allocating common symbols
Common symbol       size              file

__lock___atexit_recursive_mutex
                    0x1               /usr/local/Cellar/arm-none-eabi-gcc/9-2019-q4-major/gcc/bin/../lib/gcc/arm-none-eabi/9.2.1/../../../../arm-none-eabi/lib/thumb/v7e-m+fp/hard/libg.a(lib_a-lock.o)
__lock___arc4random_mutex
                    0x1               /usr/local/Cellar/arm-none-eabi-gcc/9-2019-q4-major/gcc/bin/../lib/gcc/arm-none-eabi/9.2.1/../../../../arm-none-eabi/lib/thumb/v7e-m+fp/hard/libg.a(lib_a-lock.o)
__lock___env_recursive_mutex
                    0x1               /usr/local/Cellar/arm-none-eabi-gcc/9-2019-q4-major/gcc/bin/../lib/gcc/arm-none-eabi/9.2.1/../../../../arm-none-eabi/lib/thumb/v7e-m+fp/hard/libg.a(lib_a-lock.o)
__lock___sinit_recursive_mutex
                    0x1               /usr/local/Cellar/arm-none-eabi-gcc/9-2019-q4-major/gcc/bin/../lib/gcc/arm-none-eabi/9.2.1/../../../../arm-none-eabi/lib/thumb/v7e-m+fp/hard/libg.a(lib_a-lock.o)
[...]
Memory Configuration

Name             Origin             Length             Attributes
CCMRAM           0x0000000010000000 0x0000000000001000 xrw
RAM              0x0000000020000000 0x0000000000003000 xrw
FLASH            0x0000000008000000 0x0000000000010000 xr
*default*        0x0000000000000000 0xffffffffffffffff

Linker script and memory map

LOAD /usr/local/Cellar/arm-none-eabi-gcc/9-2019-q4-major/gcc/bin/../lib/gcc/arm-none-eabi/9.2.1/thumb/v7e-m+fp/hard/crti.o
LOAD /usr/local/Cellar/arm-none-eabi-gcc/9-2019-q4-major/gcc/bin/../lib/gcc/arm-none-eabi/9.2.1/thumb/v7e-m+fp/hard/crtbegin.o
LOAD /usr/local/Cellar/arm-none-eabi-gcc/9-2019-q4-major/gcc/bin/../lib/gcc/arm-none-eabi/9.2.1/../../../../arm-none-eabi/lib/thumb/v7e-m+fp/hard/crt0.o
LOAD CMakeFiles/CANSimulator.elf.dir/Core/Src/CANData.c.obj
LOAD CMakeFiles/CANSimulator.elf.dir/Core/Src/freertos.c.obj
LOAD CMakeFiles/CANSimulator.elf.dir/Core/Src/main.c.obj
LOAD CMakeFiles/CANSimulator.elf.dir/Core/Src/stm32f3xx_hal_msp.c.obj
LOAD CMakeFiles/CANSimulator.elf.dir/Core/Src/stm32f3xx_hal_timebase_tim.c.obj
LOAD CMakeFiles/CANSimulator.elf.dir/Core/Src/stm32f3xx_it.c.obj
LOAD CMakeFiles/CANSimulator.elf.dir/Core/Src/syscalls.c.obj
LOAD CMakeFiles/CANSimulator.elf.dir/Core/Src/sysmem.c.obj
LOAD CMakeFiles/CANSimulator.elf.dir/Core/Src/system_stm32f3xx.c.obj
LOAD CMakeFiles/CANSimulator.elf.dir/Core/Startup/startup_stm32f303k8tx.s.obj
LOAD CMakeFiles/CANSimulator.elf.dir/Drivers/STM32F3xx_HAL_Driver/Src/stm32f3xx_hal.c.obj
LOAD CMakeFiles/CANSimulator.elf.dir/Drivers/STM32F3xx_HAL_Driver/Src/stm32f3xx_hal_can.c.obj
LOAD CMakeFiles/CANSimulator.elf.dir/Drivers/STM32F3xx_HAL_Driver/Src/stm32f3xx_hal_cortex.c.obj
LOAD CMakeFiles/CANSimulator.elf.dir/Drivers/STM32F3xx_HAL_Driver/Src/stm32f3xx_hal_dma.c.obj
LOAD CMakeFiles/CANSimulator.elf.dir/Drivers/STM32F3xx_HAL_Driver/Src/stm32f3xx_hal_exti.c.obj
LOAD CMakeFiles/CANSimulator.elf.dir/Drivers/STM32F3xx_HAL_Driver/Src/stm32f3xx_hal_flash.c.obj
LOAD CMakeFiles/CANSimulator.elf.dir/Drivers/STM32F3xx_HAL_Driver/Src/stm32f3xx_hal_flash_ex.c.obj
LOAD CMakeFiles/CANSimulator.elf.dir/Drivers/STM32F3xx_HAL_Driver/Src/stm32f3xx_hal_gpio.c.obj
LOAD CMakeFiles/CANSimulator.elf.dir/Drivers/STM32F3xx_HAL_Driver/Src/stm32f3xx_hal_i2c.c.obj
LOAD CMakeFiles/CANSimulator.elf.dir/Drivers/STM32F3xx_HAL_Driver/Src/stm32f3xx_hal_i2c_ex.c.obj
LOAD CMakeFiles/CANSimulator.elf.dir/Drivers/STM32F3xx_HAL_Driver/Src/stm32f3xx_hal_pwr.c.obj
LOAD CMakeFiles/CANSimulator.elf.dir/Drivers/STM32F3xx_HAL_Driver/Src/stm32f3xx_hal_pwr_ex.c.obj
LOAD CMakeFiles/CANSimulator.elf.dir/Drivers/STM32F3xx_HAL_Driver/Src/stm32f3xx_hal_rcc.c.obj
LOAD CMakeFiles/CANSimulator.elf.dir/Drivers/STM32F3xx_HAL_Driver/Src/stm32f3xx_hal_rcc_ex.c.obj
LOAD CMakeFiles/CANSimulator.elf.dir/Drivers/STM32F3xx_HAL_Driver/Src/stm32f3xx_hal_spi.c.obj
LOAD CMakeFiles/CANSimulator.elf.dir/Drivers/STM32F3xx_HAL_Driver/Src/stm32f3xx_hal_spi_ex.c.obj
LOAD CMakeFiles/CANSimulator.elf.dir/Drivers/STM32F3xx_HAL_Driver/Src/stm32f3xx_hal_tim.c.obj
LOAD CMakeFiles/CANSimulator.elf.dir/Drivers/STM32F3xx_HAL_Driver/Src/stm32f3xx_hal_tim_ex.c.obj
LOAD CMakeFiles/CANSimulator.elf.dir/Drivers/STM32F3xx_HAL_Driver/Src/stm32f3xx_hal_uart.c.obj
LOAD CMakeFiles/CANSimulator.elf.dir/Drivers/STM32F3xx_HAL_Driver/Src/stm32f3xx_hal_uart_ex.c.obj
LOAD CMakeFiles/CANSimulator.elf.dir/Middlewares/Third_Party/FreeRTOS/Source/CMSIS_RTOS_V2/cmsis_os2.c.obj
LOAD CMakeFiles/CANSimulator.elf.dir/Middlewares/Third_Party/FreeRTOS/Source/croutine.c.obj
LOAD CMakeFiles/CANSimulator.elf.dir/Middlewares/Third_Party/FreeRTOS/Source/event_groups.c.obj
LOAD CMakeFiles/CANSimulator.elf.dir/Middlewares/Third_Party/FreeRTOS/Source/list.c.obj
LOAD CMakeFiles/CANSimulator.elf.dir/Middlewares/Third_Party/FreeRTOS/Source/portable/GCC/ARM_CM4F/port.c.obj
LOAD CMakeFiles/CANSimulator.elf.dir/Middlewares/Third_Party/FreeRTOS/Source/portable/MemMang/heap_4.c.obj
LOAD CMakeFiles/CANSimulator.elf.dir/Middlewares/Third_Party/FreeRTOS/Source/queue.c.obj
LOAD CMakeFiles/CANSimulator.elf.dir/Middlewares/Third_Party/FreeRTOS/Source/stream_buffer.c.obj
LOAD CMakeFiles/CANSimulator.elf.dir/Middlewares/Third_Party/FreeRTOS/Source/tasks.c.obj
LOAD CMakeFiles/CANSimulator.elf.dir/Middlewares/Third_Party/FreeRTOS/Source/timers.c.obj
START GROUP
LOAD /usr/local/Cellar/arm-none-eabi-gcc/9-2019-q4-major/gcc/bin/../lib/gcc/arm-none-eabi/9.2.1/thumb/v7e-m+fp/hard/libgcc.a
LOAD /usr/local/Cellar/arm-none-eabi-gcc/9-2019-q4-major/gcc/bin/../lib/gcc/arm-none-eabi/9.2.1/../../../../arm-none-eabi/lib/thumb/v7e-m+fp/hard/libg.a
LOAD /usr/local/Cellar/arm-none-eabi-gcc/9-2019-q4-major/gcc/bin/../lib/gcc/arm-none-eabi/9.2.1/../../../../arm-none-eabi/lib/thumb/v7e-m+fp/hard/libc.a
END GROUP
LOAD /usr/local/Cellar/arm-none-eabi-gcc/9-2019-q4-major/gcc/bin/../lib/gcc/arm-none-eabi/9.2.1/thumb/v7e-m+fp/hard/crtend.o
LOAD /usr/local/Cellar/arm-none-eabi-gcc/9-2019-q4-major/gcc/bin/../lib/gcc/arm-none-eabi/9.2.1/thumb/v7e-m+fp/hard/crtn.o
                0x0000000020003000                _estack = (ORIGIN (RAM) + LENGTH (RAM))
                0x0000000000000200                _Min_Heap_Size = 0x200
                0x0000000000000400                _Min_Stack_Size = 0x400

.isr_vector     0x0000000008000000      0x188
                0x0000000008000000                . = ALIGN (0x4)
 *(.isr_vector)
 .isr_vector    0x0000000008000000      0x188 CMakeFiles/CANSimulator.elf.dir/Core/Startup/startup_stm32f303k8tx.s.obj
                0x0000000008000000                g_pfnVectors
                0x0000000008000188                . = ALIGN (0x4)

.text           0x0000000008000190     0x39f4
                0x0000000008000190                . = ALIGN (0x4)
 *(.text)
 .text          0x0000000008000190       0x40 /usr/local/Cellar/arm-none-eabi-gcc/9-2019-q4-major/gcc/bin/../lib/gcc/arm-none-eabi/9.2.1/thumb/v7e-m+fp/hard/crtbegin.o
 .text          0x00000000080001d0      0x134 /usr/local/Cellar/arm-none-eabi-gcc/9-2019-q4-major/gcc/bin/../lib/gcc/arm-none-eabi/9.2.1/../../../../arm-none-eabi/lib/thumb/v7e-m+fp/hard/libg.a(lib_a-memcpy.o)
                0x00000000080001d0                memcpy
 *(.text*)
 .text.MX_GPIO_Init
                0x0000000008000304       0x44 CMakeFiles/CANSimulator.elf.dir/Core/Src/main.c.obj
 .text.MX_CAN_Init
                0x0000000008000348       0x30 CMakeFiles/CANSimulator.elf.dir/Core/Src/main.c.obj
 .text.MX_SPI1_Init
                0x0000000008000378       0x44 CMakeFiles/CANSimulator.elf.dir/Core/Src/main.c.obj
 .text.MX_USART1_UART_Init
                0x00000000080003bc       0x30 CMakeFiles/CANSimulator.elf.dir/Core/Src/main.c.obj
 .text.StartDefaultTask
                0x00000000080003ec        0xa CMakeFiles/CANSimulator.elf.dir/Core/Src/main.c.obj
                0x00000000080003ec                StartDefaultTask
 .text.startSendCAN
                0x00000000080003f6        0xa CMakeFiles/CANSimulator.elf.dir/Core/Src/main.c.obj
                0x00000000080003f6                startSendCAN
 .text.SystemClock_Config
                0x0000000008000400       0x68 CMakeFiles/CANSimulator.elf.dir/Core/Src/main.c.obj
                0x0000000008000400                SystemClock_Config
 .text.main     0x0000000008000468       0x58 CMakeFiles/CANSimulator.elf.dir/Core/Src/main.c.obj
                0x0000000008000468                main
 .text.HAL_TIM_PeriodElapsedCallback
                0x00000000080004c0       0x18 CMakeFiles/CANSimulator.elf.dir/Core/Src/main.c.obj
                0x00000000080004c0                HAL_TIM_PeriodElapsedCallback
 .text.HAL_MspInit
                0x00000000080004d8       0x30 CMakeFiles/CANSimulator.elf.dir/Core/Src/stm32f3xx_hal_msp.c.obj
                0x00000000080004d8                HAL_MspInit
 .text.HAL_CAN_MspInit
                0x0000000008000508       0x6c CMakeFiles/CANSimulator.elf.dir/Core/Src/stm32f3xx_hal_msp.c.obj
                0x0000000008000508                HAL_CAN_MspInit
 .text.HAL_SPI_MspInit
                0x0000000008000574       0x6c CMakeFiles/CANSimulator.elf.dir/Core/Src/stm32f3xx_hal_msp.c.obj
                0x0000000008000574                HAL_SPI_MspInit
 .text.HAL_UART_MspInit
                0x00000000080005e0       0x6c CMakeFiles/CANSimulator.elf.dir/Core/Src/stm32f3xx_hal_msp.c.obj
                0x00000000080005e0                HAL_UART_MspInit
 .text.HAL_InitTick
                0x000000000800064c       0x78 CMakeFiles/CANSimulator.elf.dir/Core/Src/stm32f3xx_hal_timebase_tim.c.obj
                0x000000000800064c                HAL_InitTick
 .text.NMI_Handler
                0x00000000080006c4        0x2 CMakeFiles/CANSimulator.elf.dir/Core/Src/stm32f3xx_it.c.obj
                0x00000000080006c4                NMI_Handler
 .text.HardFault_Handler
                0x00000000080006c6        0x2 CMakeFiles/CANSimulator.elf.dir/Core/Src/stm32f3xx_it.c.obj
                0x00000000080006c6                HardFault_Handler
 .text.MemManage_Handler
                0x00000000080006c8        0x2 CMakeFiles/CANSimulator.elf.dir/Core/Src/stm32f3xx_it.c.obj
                0x00000000080006c8                MemManage_Handler
 .text.BusFault_Handler
                0x00000000080006ca        0x2 CMakeFiles/CANSimulator.elf.dir/Core/Src/stm32f3xx_it.c.obj
                0x00000000080006ca                BusFault_Handler
 .text.UsageFault_Handler
                0x00000000080006cc        0x2 CMakeFiles/CANSimulator.elf.dir/Core/Src/stm32f3xx_it.c.obj
                0x00000000080006cc                UsageFault_Handler
 .text.DebugMon_Handler
                0x00000000080006ce        0x2 CMakeFiles/CANSimulator.elf.dir/Core/Src/stm32f3xx_it.c.obj
                0x00000000080006ce                DebugMon_Handler
 .text.TIM1_UP_TIM16_IRQHandler
                0x00000000080006d0       0x10 CMakeFiles/CANSimulator.elf.dir/Core/Src/stm32f3xx_it.c.obj
                0x00000000080006d0                TIM1_UP_TIM16_IRQHandler
 .text.SystemInit
                0x00000000080006e0       0x1c CMakeFiles/CANSimulator.elf.dir/Core/Src/system_stm32f3xx.c.obj
                0x00000000080006e0                SystemInit
 .text.Reset_Handler
                0x00000000080006fc       0x50 CMakeFiles/CANSimulator.elf.dir/Core/Startup/startup_stm32f303k8tx.s.obj
                0x00000000080006fc                Reset_Handler
 .text.Default_Handler
                0x000000000800074c        0x2 CMakeFiles/CANSimulator.elf.dir/Core/Startup/startup_stm32f303k8tx.s.obj
                0x000000000800074c                TIM1_BRK_TIM15_IRQHandler
                0x000000000800074c                TIM1_CC_IRQHandler
                0x000000000800074c                PVD_IRQHandler
                0x000000000800074c                TAMP_STAMP_IRQHandler
                0x000000000800074c                EXTI3_IRQHandler
                0x000000000800074c                EXTI0_IRQHandler
                0x000000000800074c                FPU_IRQHandler
                0x000000000800074c                CAN_TX_IRQHandler
                0x000000000800074c                ADC1_2_IRQHandler
                0x000000000800074c                SPI1_IRQHandler
                0x000000000800074c                CAN_SCE_IRQHandler
                0x000000000800074c                DMA1_Channel4_IRQHandler
                0x000000000800074c                USART3_IRQHandler
                0x000000000800074c                DMA1_Channel7_IRQHandler
                0x000000000800074c                TIM7_DAC2_IRQHandler
                0x000000000800074c                CAN_RX1_IRQHandler
                0x000000000800074c                I2C1_EV_IRQHandler
                0x000000000800074c                DMA1_Channel6_IRQHandler
                0x000000000800074c                TIM3_IRQHandler
                0x000000000800074c                RCC_IRQHandler
                0x000000000800074c                DMA1_Channel1_IRQHandler
                0x000000000800074c                Default_Handler
                0x000000000800074c                EXTI15_10_IRQHandler
                0x000000000800074c                COMP2_IRQHandler
                0x000000000800074c                TIM6_DAC1_IRQHandler
                0x000000000800074c                EXTI9_5_IRQHandler
                0x000000000800074c                RTC_WKUP_IRQHandler
                0x000000000800074c                DMA1_Channel5_IRQHandler
                0x000000000800074c                EXTI4_IRQHandler
                0x000000000800074c                TIM1_TRG_COM_TIM17_IRQHandler
                0x000000000800074c                DMA1_Channel3_IRQHandler
                0x000000000800074c                WWDG_IRQHandler
                0x000000000800074c                TIM2_IRQHandler
                0x000000000800074c                EXTI1_IRQHandler
                0x000000000800074c                COMP4_6_IRQHandler
                0x000000000800074c                USART2_IRQHandler
                0x000000000800074c                DMA1_Channel2_IRQHandler
                0x000000000800074c                FLASH_IRQHandler
                0x000000000800074c                USART1_IRQHandler
                0x000000000800074c                CAN_RX0_IRQHandler
                0x000000000800074c                I2C1_ER_IRQHandler
                0x000000000800074c                EXTI2_TSC_IRQHandler
                0x000000000800074c                RTC_Alarm_IRQHandler
 *fill*         0x000000000800074e        0x2 
 .text.HAL_Init
                0x0000000008000750       0x24 CMakeFiles/CANSimulator.elf.dir/Drivers/STM32F3xx_HAL_Driver/Src/stm32f3xx_hal.c.obj
                0x0000000008000750                HAL_Init
 .text.HAL_IncTick
                0x0000000008000774       0x18 CMakeFiles/CANSimulator.elf.dir/Drivers/STM32F3xx_HAL_Driver/Src/stm32f3xx_hal.c.obj
                0x0000000008000774                HAL_IncTick
 .text.HAL_GetTick
                0x000000000800078c        0xc CMakeFiles/CANSimulator.elf.dir/Drivers/STM32F3xx_HAL_Driver/Src/stm32f3xx_hal.c.obj
                0x000000000800078c                HAL_GetTick
 .text.HAL_CAN_Init
                0x0000000008000798      0x14c CMakeFiles/CANSimulator.elf.dir/Drivers/STM32F3xx_HAL_Driver/Src/stm32f3xx_hal_can.c.obj
                0x0000000008000798                HAL_CAN_Init
 .text.HAL_NVIC_SetPriorityGrouping
                0x00000000080008e4       0x24 CMakeFiles/CANSimulator.elf.dir/Drivers/STM32F3xx_HAL_Driver/Src/stm32f3xx_hal_cortex.c.obj
                0x00000000080008e4                HAL_NVIC_SetPriorityGrouping
 .text.HAL_NVIC_SetPriority
                0x0000000008000908       0x68 CMakeFiles/CANSimulator.elf.dir/Drivers/STM32F3xx_HAL_Driver/Src/stm32f3xx_hal_cortex.c.obj
                0x0000000008000908                HAL_NVIC_SetPriority
 .text.HAL_NVIC_EnableIRQ
                0x0000000008000970       0x1c CMakeFiles/CANSimulator.elf.dir/Drivers/STM32F3xx_HAL_Driver/Src/stm32f3xx_hal_cortex.c.obj
                0x0000000008000970                HAL_NVIC_EnableIRQ
 .text.HAL_GPIO_Init
                0x000000000800098c      0x188 CMakeFiles/CANSimulator.elf.dir/Drivers/STM32F3xx_HAL_Driver/Src/stm32f3xx_hal_gpio.c.obj
                0x000000000800098c                HAL_GPIO_Init
 .text.HAL_RCC_OscConfig
                0x0000000008000b14      0x634 CMakeFiles/CANSimulator.elf.dir/Drivers/STM32F3xx_HAL_Driver/Src/stm32f3xx_hal_rcc.c.obj
                0x0000000008000b14                HAL_RCC_OscConfig
 .text.HAL_RCC_GetSysClockFreq
                0x0000000008001148       0x70 CMakeFiles/CANSimulator.elf.dir/Drivers/STM32F3xx_HAL_Driver/Src/stm32f3xx_hal_rcc.c.obj
                0x0000000008001148                HAL_RCC_GetSysClockFreq
 .text.HAL_RCC_ClockConfig
                0x00000000080011b8      0x1a8 CMakeFiles/CANSimulator.elf.dir/Drivers/STM32F3xx_HAL_Driver/Src/stm32f3xx_hal_rcc.c.obj
                0x00000000080011b8                HAL_RCC_ClockConfig
 .text.HAL_RCC_GetHCLKFreq
                0x0000000008001360        0xc CMakeFiles/CANSimulator.elf.dir/Drivers/STM32F3xx_HAL_Driver/Src/stm32f3xx_hal_rcc.c.obj
                0x0000000008001360                HAL_RCC_GetHCLKFreq
 .text.HAL_RCC_GetPCLK1Freq
                0x000000000800136c       0x2c CMakeFiles/CANSimulator.elf.dir/Drivers/STM32F3xx_HAL_Driver/Src/stm32f3xx_hal_rcc.c.obj
                0x000000000800136c                HAL_RCC_GetPCLK1Freq
 .text.HAL_RCC_GetPCLK2Freq
                0x0000000008001398       0x2c CMakeFiles/CANSimulator.elf.dir/Drivers/STM32F3xx_HAL_Driver/Src/stm32f3xx_hal_rcc.c.obj
                0x0000000008001398                HAL_RCC_GetPCLK2Freq
 .text.HAL_RCC_GetClockConfig
                0x00000000080013c4       0x3c CMakeFiles/CANSimulator.elf.dir/Drivers/STM32F3xx_HAL_Driver/Src/stm32f3xx_hal_rcc.c.obj
                0x00000000080013c4                HAL_RCC_GetClockConfig
 .text.HAL_RCCEx_PeriphCLKConfig
                0x0000000008001400      0x18c CMakeFiles/CANSimulator.elf.dir/Drivers/STM32F3xx_HAL_Driver/Src/stm32f3xx_hal_rcc_ex.c.obj
                0x0000000008001400                HAL_RCCEx_PeriphCLKConfig
 .text.HAL_SPI_Init
                0x000000000800158c       0xb0 CMakeFiles/CANSimulator.elf.dir/Drivers/STM32F3xx_HAL_Driver/Src/stm32f3xx_hal_spi.c.obj
                0x000000000800158c                HAL_SPI_Init
 .text.HAL_TIM_Base_MspInit
                0x000000000800163c        0x2 CMakeFiles/CANSimulator.elf.dir/Drivers/STM32F3xx_HAL_Driver/Src/stm32f3xx_hal_tim.c.obj
                0x000000000800163c                HAL_TIM_Base_MspInit
 *fill*         0x000000000800163e        0x2 
 .text.HAL_TIM_Base_Start_IT
                0x0000000008001640       0x2c CMakeFiles/CANSimulator.elf.dir/Drivers/STM32F3xx_HAL_Driver/Src/stm32f3xx_hal_tim.c.obj
                0x0000000008001640                HAL_TIM_Base_Start_IT
 .text.HAL_TIM_OC_DelayElapsedCallback
                0x000000000800166c        0x2 CMakeFiles/CANSimulator.elf.dir/Drivers/STM32F3xx_HAL_Driver/Src/stm32f3xx_hal_tim.c.obj
                0x000000000800166c                HAL_TIM_OC_DelayElapsedCallback
 .text.HAL_TIM_IC_CaptureCallback
                0x000000000800166e        0x2 CMakeFiles/CANSimulator.elf.dir/Drivers/STM32F3xx_HAL_Driver/Src/stm32f3xx_hal_tim.c.obj
                0x000000000800166e                HAL_TIM_IC_CaptureCallback
 .text.HAL_TIM_PWM_PulseFinishedCallback
                0x0000000008001670        0x2 CMakeFiles/CANSimulator.elf.dir/Drivers/STM32F3xx_HAL_Driver/Src/stm32f3xx_hal_tim.c.obj
                0x0000000008001670                HAL_TIM_PWM_PulseFinishedCallback
 .text.HAL_TIM_TriggerCallback
                0x0000000008001672        0x2 CMakeFiles/CANSimulator.elf.dir/Drivers/STM32F3xx_HAL_Driver/Src/stm32f3xx_hal_tim.c.obj
                0x0000000008001672                HAL_TIM_TriggerCallback
 .text.HAL_TIM_IRQHandler
                0x0000000008001674      0x19a CMakeFiles/CANSimulator.elf.dir/Drivers/STM32F3xx_HAL_Driver/Src/stm32f3xx_hal_tim.c.obj
                0x0000000008001674                HAL_TIM_IRQHandler
 *fill*         0x000000000800180e        0x2 
 .text.TIM_Base_SetConfig
                0x0000000008001810       0x90 CMakeFiles/CANSimulator.elf.dir/Drivers/STM32F3xx_HAL_Driver/Src/stm32f3xx_hal_tim.c.obj
                0x0000000008001810                TIM_Base_SetConfig
 .text.HAL_TIM_Base_Init
                0x00000000080018a0       0x34 CMakeFiles/CANSimulator.elf.dir/Drivers/STM32F3xx_HAL_Driver/Src/stm32f3xx_hal_tim.c.obj
                0x00000000080018a0                HAL_TIM_Base_Init
 .text.HAL_TIMEx_CommutCallback
                0x00000000080018d4        0x2 CMakeFiles/CANSimulator.elf.dir/Drivers/STM32F3xx_HAL_Driver/Src/stm32f3xx_hal_tim_ex.c.obj
                0x00000000080018d4                HAL_TIMEx_CommutCallback
 .text.HAL_TIMEx_BreakCallback
                0x00000000080018d6        0x2 CMakeFiles/CANSimulator.elf.dir/Drivers/STM32F3xx_HAL_Driver/Src/stm32f3xx_hal_tim_ex.c.obj
                0x00000000080018d6                HAL_TIMEx_BreakCallback
 .text.HAL_TIMEx_Break2Callback
                0x00000000080018d8        0x2 CMakeFiles/CANSimulator.elf.dir/Drivers/STM32F3xx_HAL_Driver/Src/stm32f3xx_hal_tim_ex.c.obj
                0x00000000080018d8                HAL_TIMEx_Break2Callback
 *fill*         0x00000000080018da        0x2 
 .text.UART_SetConfig
                0x00000000080018dc      0x1d8 CMakeFiles/CANSimulator.elf.dir/Drivers/STM32F3xx_HAL_Driver/Src/stm32f3xx_hal_uart.c.obj
                0x00000000080018dc                UART_SetConfig
 .text.UART_AdvFeatureConfig
                0x0000000008001ab4       0xca CMakeFiles/CANSimulator.elf.dir/Drivers/STM32F3xx_HAL_Driver/Src/stm32f3xx_hal_uart.c.obj
                0x0000000008001ab4                UART_AdvFeatureConfig
 .text.UART_WaitOnFlagUntilTimeout
                0x0000000008001b7e       0xa2 CMakeFiles/CANSimulator.elf.dir/Drivers/STM32F3xx_HAL_Driver/Src/stm32f3xx_hal_uart.c.obj
                0x0000000008001b7e                UART_WaitOnFlagUntilTimeout
 .text.UART_CheckIdleState
                0x0000000008001c20       0x6c CMakeFiles/CANSimulator.elf.dir/Drivers/STM32F3xx_HAL_Driver/Src/stm32f3xx_hal_uart.c.obj
                0x0000000008001c20                UART_CheckIdleState
 .text.HAL_UART_Init
                0x0000000008001c8c       0x62 CMakeFiles/CANSimulator.elf.dir/Drivers/STM32F3xx_HAL_Driver/Src/stm32f3xx_hal_uart.c.obj
                0x0000000008001c8c                HAL_UART_Init
 *fill*         0x0000000008001cee        0x2 
 .text.osKernelInitialize
                0x0000000008001cf0       0x44 CMakeFiles/CANSimulator.elf.dir/Middlewares/Third_Party/FreeRTOS/Source/CMSIS_RTOS_V2/cmsis_os2.c.obj
                0x0000000008001cf0                osKernelInitialize
 .text.osKernelStart
                0x0000000008001d34       0x4c CMakeFiles/CANSimulator.elf.dir/Middlewares/Third_Party/FreeRTOS/Source/CMSIS_RTOS_V2/cmsis_os2.c.obj
                0x0000000008001d34                osKernelStart
 .text.osThreadNew
                0x0000000008001d80       0xec CMakeFiles/CANSimulator.elf.dir/Middlewares/Third_Party/FreeRTOS/Source/CMSIS_RTOS_V2/cmsis_os2.c.obj
                0x0000000008001d80                osThreadNew
 .text.osDelay  0x0000000008001e6c       0x44 CMakeFiles/CANSimulator.elf.dir/Middlewares/Third_Party/FreeRTOS/Source/CMSIS_RTOS_V2/cmsis_os2.c.obj
                0x0000000008001e6c                osDelay
 .text.vApplicationGetIdleTaskMemory
                0x0000000008001eb0       0x18 CMakeFiles/CANSimulator.elf.dir/Middlewares/Third_Party/FreeRTOS/Source/CMSIS_RTOS_V2/cmsis_os2.c.obj
                0x0000000008001eb0                vApplicationGetIdleTaskMemory
 .text.vApplicationGetTimerTaskMemory
                0x0000000008001ec8       0x18 CMakeFiles/CANSimulator.elf.dir/Middlewares/Third_Party/FreeRTOS/Source/CMSIS_RTOS_V2/cmsis_os2.c.obj
                0x0000000008001ec8                vApplicationGetTimerTaskMemory
 .text.vListInitialise
                0x0000000008001ee0       0x16 CMakeFiles/CANSimulator.elf.dir/Middlewares/Third_Party/FreeRTOS/Source/list.c.obj
                0x0000000008001ee0                vListInitialise
 .text.vListInitialiseItem
                0x0000000008001ef6        0x6 CMakeFiles/CANSimulator.elf.dir/Middlewares/Third_Party/FreeRTOS/Source/list.c.obj
                0x0000000008001ef6                vListInitialiseItem
 .text.vListInsertEnd
                0x0000000008001efc       0x16 CMakeFiles/CANSimulator.elf.dir/Middlewares/Third_Party/FreeRTOS/Source/list.c.obj
                0x0000000008001efc                vListInsertEnd
 .text.vListInsert
                0x0000000008001f12       0x32 CMakeFiles/CANSimulator.elf.dir/Middlewares/Third_Party/FreeRTOS/Source/list.c.obj
                0x0000000008001f12                vListInsert
 .text.uxListRemove
                0x0000000008001f44       0x26 CMakeFiles/CANSimulator.elf.dir/Middlewares/Third_Party/FreeRTOS/Source/list.c.obj
                0x0000000008001f44                uxListRemove
 *fill*         0x0000000008001f6a        0x2 
 .text.prvTaskExitError
                0x0000000008001f6c       0x40 CMakeFiles/CANSimulator.elf.dir/Middlewares/Third_Party/FreeRTOS/Source/portable/GCC/ARM_CM4F/port.c.obj
 .text.prvPortStartFirstTask
                0x0000000008001fac       0x28 CMakeFiles/CANSimulator.elf.dir/Middlewares/Third_Party/FreeRTOS/Source/portable/GCC/ARM_CM4F/port.c.obj
 .text.vPortEnableVFP
                0x0000000008001fd4       0x14 CMakeFiles/CANSimulator.elf.dir/Middlewares/Third_Party/FreeRTOS/Source/portable/GCC/ARM_CM4F/port.c.obj
 .text.pxPortInitialiseStack
                0x0000000008001fe8       0x2c CMakeFiles/CANSimulator.elf.dir/Middlewares/Third_Party/FreeRTOS/Source/portable/GCC/ARM_CM4F/port.c.obj
                0x0000000008001fe8                pxPortInitialiseStack
 *fill*         0x0000000008002014        0xc 
 .text.SVC_Handler
                0x0000000008002020       0x24 CMakeFiles/CANSimulator.elf.dir/Middlewares/Third_Party/FreeRTOS/Source/portable/GCC/ARM_CM4F/port.c.obj
                0x0000000008002020                SVC_Handler
 .text.vPortEnterCritical
                0x0000000008002044       0x44 CMakeFiles/CANSimulator.elf.dir/Middlewares/Third_Party/FreeRTOS/Source/portable/GCC/ARM_CM4F/port.c.obj
                0x0000000008002044                vPortEnterCritical
 .text.vPortExitCritical
                0x0000000008002088       0x2c CMakeFiles/CANSimulator.elf.dir/Middlewares/Third_Party/FreeRTOS/Source/portable/GCC/ARM_CM4F/port.c.obj
                0x0000000008002088                vPortExitCritical
 *fill*         0x00000000080020b4        0xc 
 .text.PendSV_Handler
                0x00000000080020c0       0x64 CMakeFiles/CANSimulator.elf.dir/Middlewares/Third_Party/FreeRTOS/Source/portable/GCC/ARM_CM4F/port.c.obj
                0x00000000080020c0                PendSV_Handler
 .text.SysTick_Handler
                0x0000000008002124       0x2c CMakeFiles/CANSimulator.elf.dir/Middlewares/Third_Party/FreeRTOS/Source/portable/GCC/ARM_CM4F/port.c.obj
                0x0000000008002124                SysTick_Handler
 .text.vPortSetupTimerInterrupt
                0x0000000008002150       0x38 CMakeFiles/CANSimulator.elf.dir/Middlewares/Third_Party/FreeRTOS/Source/portable/GCC/ARM_CM4F/port.c.obj
                0x0000000008002150                vPortSetupTimerInterrupt
 .text.xPortStartScheduler
                0x0000000008002188      0x110 CMakeFiles/CANSimulator.elf.dir/Middlewares/Third_Party/FreeRTOS/Source/portable/GCC/ARM_CM4F/port.c.obj
                0x0000000008002188                xPortStartScheduler
 .text.vPortValidateInterruptPriority
                0x0000000008002298       0x5c CMakeFiles/CANSimulator.elf.dir/Middlewares/Third_Party/FreeRTOS/Source/portable/GCC/ARM_CM4F/port.c.obj
                0x0000000008002298                vPortValidateInterruptPriority
 .text.prvHeapInit
                0x00000000080022f4       0x64 CMakeFiles/CANSimulator.elf.dir/Middlewares/Third_Party/FreeRTOS/Source/portable/MemMang/heap_4.c.obj
 .text.prvInsertBlockIntoFreeList
                0x0000000008002358       0x58 CMakeFiles/CANSimulator.elf.dir/Middlewares/Third_Party/FreeRTOS/Source/portable/MemMang/heap_4.c.obj
 .text.pvPortMalloc
                0x00000000080023b0       0xf0 CMakeFiles/CANSimulator.elf.dir/Middlewares/Third_Party/FreeRTOS/Source/portable/MemMang/heap_4.c.obj
                0x00000000080023b0                pvPortMalloc
 .text.vPortFree
                0x00000000080024a0       0x70 CMakeFiles/CANSimulator.elf.dir/Middlewares/Third_Party/FreeRTOS/Source/portable/MemMang/heap_4.c.obj
                0x00000000080024a0                vPortFree
 .text.prvIsQueueFull
                0x0000000008002510       0x1e CMakeFiles/CANSimulator.elf.dir/Middlewares/Third_Party/FreeRTOS/Source/queue.c.obj
 .text.prvIsQueueEmpty
                0x000000000800252e       0x1a CMakeFiles/CANSimulator.elf.dir/Middlewares/Third_Party/FreeRTOS/Source/queue.c.obj
 .text.prvCopyDataToQueue
                0x0000000008002548       0x76 CMakeFiles/CANSimulator.elf.dir/Middlewares/Third_Party/FreeRTOS/Source/queue.c.obj
 .text.prvCopyDataFromQueue
                0x00000000080025be       0x24 CMakeFiles/CANSimulator.elf.dir/Middlewares/Third_Party/FreeRTOS/Source/queue.c.obj
 .text.prvUnlockQueue
                0x00000000080025e2       0x6e CMakeFiles/CANSimulator.elf.dir/Middlewares/Third_Party/FreeRTOS/Source/queue.c.obj
 .text.xQueueGenericReset
                0x0000000008002650       0x84 CMakeFiles/CANSimulator.elf.dir/Middlewares/Third_Party/FreeRTOS/Source/queue.c.obj
                0x0000000008002650                xQueueGenericReset
 .text.prvInitialiseNewQueue
                0x00000000080026d4       0x22 CMakeFiles/CANSimulator.elf.dir/Middlewares/Third_Party/FreeRTOS/Source/queue.c.obj
 .text.xQueueGenericCreateStatic
                0x00000000080026f6       0x92 CMakeFiles/CANSimulator.elf.dir/Middlewares/Third_Party/FreeRTOS/Source/queue.c.obj
                0x00000000080026f6                xQueueGenericCreateStatic
 .text.xQueueGenericSend
                0x0000000008002788      0x180 CMakeFiles/CANSimulator.elf.dir/Middlewares/Third_Party/FreeRTOS/Source/queue.c.obj
                0x0000000008002788                xQueueGenericSend
 .text.xQueueGenericSendFromISR
                0x0000000008002908       0xce CMakeFiles/CANSimulator.elf.dir/Middlewares/Third_Party/FreeRTOS/Source/queue.c.obj
                0x0000000008002908                xQueueGenericSendFromISR
 *fill*         0x00000000080029d6        0x2 
 .text.xQueueReceive
                0x00000000080029d8      0x15c CMakeFiles/CANSimulator.elf.dir/Middlewares/Third_Party/FreeRTOS/Source/queue.c.obj
                0x00000000080029d8                xQueueReceive
 .text.vQueueAddToRegistry
                0x0000000008002b34       0x28 CMakeFiles/CANSimulator.elf.dir/Middlewares/Third_Party/FreeRTOS/Source/queue.c.obj
                0x0000000008002b34                vQueueAddToRegistry
 .text.vQueueWaitForMessageRestricted
                0x0000000008002b5c       0x52 CMakeFiles/CANSimulator.elf.dir/Middlewares/Third_Party/FreeRTOS/Source/queue.c.obj
                0x0000000008002b5c                vQueueWaitForMessageRestricted
 *fill*         0x0000000008002bae        0x2 
 .text.prvResetNextTaskUnblockTime
                0x0000000008002bb0       0x2c CMakeFiles/CANSimulator.elf.dir/Middlewares/Third_Party/FreeRTOS/Source/tasks.c.obj
 .text.prvInitialiseNewTask
                0x0000000008002bdc       0x90 CMakeFiles/CANSimulator.elf.dir/Middlewares/Third_Party/FreeRTOS/Source/tasks.c.obj
 .text.prvInitialiseTaskLists
                0x0000000008002c6c       0x68 CMakeFiles/CANSimulator.elf.dir/Middlewares/Third_Party/FreeRTOS/Source/tasks.c.obj
 .text.prvAddNewTaskToReadyList
                0x0000000008002cd4       0xac CMakeFiles/CANSimulator.elf.dir/Middlewares/Third_Party/FreeRTOS/Source/tasks.c.obj
 .text.prvDeleteTCB
                0x0000000008002d80       0x38 CMakeFiles/CANSimulator.elf.dir/Middlewares/Third_Party/FreeRTOS/Source/tasks.c.obj
 .text.prvCheckTasksWaitingTermination
                0x0000000008002db8       0x4c CMakeFiles/CANSimulator.elf.dir/Middlewares/Third_Party/FreeRTOS/Source/tasks.c.obj
 .text.prvIdleTask
                0x0000000008002e04       0x28 CMakeFiles/CANSimulator.elf.dir/Middlewares/Third_Party/FreeRTOS/Source/tasks.c.obj
 .text.prvAddCurrentTaskToDelayedList
                0x0000000008002e2c       0x7c CMakeFiles/CANSimulator.elf.dir/Middlewares/Third_Party/FreeRTOS/Source/tasks.c.obj
 .text.xTaskCreateStatic
                0x0000000008002ea8       0x72 CMakeFiles/CANSimulator.elf.dir/Middlewares/Third_Party/FreeRTOS/Source/tasks.c.obj
                0x0000000008002ea8                xTaskCreateStatic
 .text.xTaskCreate
                0x0000000008002f1a       0x68 CMakeFiles/CANSimulator.elf.dir/Middlewares/Third_Party/FreeRTOS/Source/tasks.c.obj
                0x0000000008002f1a                xTaskCreate
 *fill*         0x0000000008002f82        0x2 
 .text.vTaskStartScheduler
                0x0000000008002f84       0x94 CMakeFiles/CANSimulator.elf.dir/Middlewares/Third_Party/FreeRTOS/Source/tasks.c.obj
                0x0000000008002f84                vTaskStartScheduler
 .text.vTaskSuspendAll
                0x0000000008003018       0x10 CMakeFiles/CANSimulator.elf.dir/Middlewares/Third_Party/FreeRTOS/Source/tasks.c.obj
                0x0000000008003018                vTaskSuspendAll
 .text.xTaskGetTickCount
                0x0000000008003028        0xc CMakeFiles/CANSimulator.elf.dir/Middlewares/Third_Party/FreeRTOS/Source/tasks.c.obj
                0x0000000008003028                xTaskGetTickCount
 .text.xTaskIncrementTick
                0x0000000008003034      0x118 CMakeFiles/CANSimulator.elf.dir/Middlewares/Third_Party/FreeRTOS/Source/tasks.c.obj
                0x0000000008003034                xTaskIncrementTick
 .text.xTaskResumeAll
                0x000000000800314c       0xf8 CMakeFiles/CANSimulator.elf.dir/Middlewares/Third_Party/FreeRTOS/Source/tasks.c.obj
                0x000000000800314c                xTaskResumeAll
 .text.vTaskDelay
                0x0000000008003244       0x4c CMakeFiles/CANSimulator.elf.dir/Middlewares/Third_Party/FreeRTOS/Source/tasks.c.obj
                0x0000000008003244                vTaskDelay
 .text.vTaskSwitchContext
                0x0000000008003290       0x98 CMakeFiles/CANSimulator.elf.dir/Middlewares/Third_Party/FreeRTOS/Source/tasks.c.obj
                0x0000000008003290                vTaskSwitchContext
 .text.vTaskPlaceOnEventList
                0x0000000008003328       0x30 CMakeFiles/CANSimulator.elf.dir/Middlewares/Third_Party/FreeRTOS/Source/tasks.c.obj
                0x0000000008003328                vTaskPlaceOnEventList
 .text.vTaskPlaceOnEventListRestricted
                0x0000000008003358       0x38 CMakeFiles/CANSimulator.elf.dir/Middlewares/Third_Party/FreeRTOS/Source/tasks.c.obj
                0x0000000008003358                vTaskPlaceOnEventListRestricted
 .text.xTaskRemoveFromEventList
                0x0000000008003390       0x8c CMakeFiles/CANSimulator.elf.dir/Middlewares/Third_Party/FreeRTOS/Source/tasks.c.obj
                0x0000000008003390                xTaskRemoveFromEventList
 .text.vTaskInternalSetTimeOutState
                0x000000000800341c       0x18 CMakeFiles/CANSimulator.elf.dir/Middlewares/Third_Party/FreeRTOS/Source/tasks.c.obj
                0x000000000800341c                vTaskInternalSetTimeOutState
 .text.xTaskCheckForTimeOut
                0x0000000008003434       0x84 CMakeFiles/CANSimulator.elf.dir/Middlewares/Third_Party/FreeRTOS/Source/tasks.c.obj
                0x0000000008003434                xTaskCheckForTimeOut
 .text.vTaskMissedYield
                0x00000000080034b8        0xc CMakeFiles/CANSimulator.elf.dir/Middlewares/Third_Party/FreeRTOS/Source/tasks.c.obj
                0x00000000080034b8                vTaskMissedYield
 .text.xTaskGetSchedulerState
                0x00000000080034c4       0x20 CMakeFiles/CANSimulator.elf.dir/Middlewares/Third_Party/FreeRTOS/Source/tasks.c.obj
                0x00000000080034c4                xTaskGetSchedulerState
 .text.xTaskPriorityDisinherit
                0x00000000080034e4       0x90 CMakeFiles/CANSimulator.elf.dir/Middlewares/Third_Party/FreeRTOS/Source/tasks.c.obj
                0x00000000080034e4                xTaskPriorityDisinherit
 .text.prvGetNextExpireTime
                0x0000000008003574       0x20 CMakeFiles/CANSimulator.elf.dir/Middlewares/Third_Party/FreeRTOS/Source/timers.c.obj
 .text.prvInsertTimerInActiveList
                0x0000000008003594       0x48 CMakeFiles/CANSimulator.elf.dir/Middlewares/Third_Party/FreeRTOS/Source/timers.c.obj
 .text.prvCheckForValidListAndQueue
                0x00000000080035dc       0x70 CMakeFiles/CANSimulator.elf.dir/Middlewares/Third_Party/FreeRTOS/Source/timers.c.obj
 .text.xTimerCreateTimerTask
                0x000000000800364c       0x64 CMakeFiles/CANSimulator.elf.dir/Middlewares/Third_Party/FreeRTOS/Source/timers.c.obj
                0x000000000800364c                xTimerCreateTimerTask
 .text.xTimerGenericCommand
                0x00000000080036b0       0x6c CMakeFiles/CANSimulator.elf.dir/Middlewares/Third_Party/FreeRTOS/Source/timers.c.obj
                0x00000000080036b0                xTimerGenericCommand
 .text.prvSwitchTimerLists
                0x000000000800371c       0x78 CMakeFiles/CANSimulator.elf.dir/Middlewares/Third_Party/FreeRTOS/Source/timers.c.obj
 .text.prvSampleTimeNow
                0x0000000008003794       0x2c CMakeFiles/CANSimulator.elf.dir/Middlewares/Third_Party/FreeRTOS/Source/timers.c.obj
 .text.prvProcessExpiredTimer
                0x00000000080037c0       0x60 CMakeFiles/CANSimulator.elf.dir/Middlewares/Third_Party/FreeRTOS/Source/timers.c.obj
 .text.prvProcessTimerOrBlockTask
                0x0000000008003820       0x74 CMakeFiles/CANSimulator.elf.dir/Middlewares/Third_Party/FreeRTOS/Source/timers.c.obj
 .text.prvProcessReceivedCommands
                0x0000000008003894       0xf8 CMakeFiles/CANSimulator.elf.dir/Middlewares/Third_Party/FreeRTOS/Source/timers.c.obj
 .text.prvTimerTask
                0x000000000800398c       0x16 CMakeFiles/CANSimulator.elf.dir/Middlewares/Third_Party/FreeRTOS/Source/timers.c.obj
 *fill*         0x00000000080039a2        0x2 
 .text.__libc_init_array
                0x00000000080039a4       0x48 /usr/local/Cellar/arm-none-eabi-gcc/9-2019-q4-major/gcc/bin/../lib/gcc/arm-none-eabi/9.2.1/../../../../arm-none-eabi/lib/thumb/v7e-m+fp/hard/libg.a(lib_a-init.o)
                0x00000000080039a4                __libc_init_array
 .text.memset   0x00000000080039ec       0xa0 /usr/local/Cellar/arm-none-eabi-gcc/9-2019-q4-major/gcc/bin/../lib/gcc/arm-none-eabi/9.2.1/../../../../arm-none-eabi/lib/thumb/v7e-m+fp/hard/libg.a(lib_a-memset.o)
                0x00000000080039ec                memset
 .text.startup.register_fini
                0x0000000008003a8c       0x14 /usr/local/Cellar/arm-none-eabi-gcc/9-2019-q4-major/gcc/bin/../lib/gcc/arm-none-eabi/9.2.1/../../../../arm-none-eabi/lib/thumb/v7e-m+fp/hard/libg.a(lib_a-__call_atexit.o)
 .text.atexit   0x0000000008003aa0        0xc /usr/local/Cellar/arm-none-eabi-gcc/9-2019-q4-major/gcc/bin/../lib/gcc/arm-none-eabi/9.2.1/../../../../arm-none-eabi/lib/thumb/v7e-m+fp/hard/libg.a(lib_a-atexit.o)
                0x0000000008003aa0                atexit
 .text.__libc_fini_array
                0x0000000008003aac       0x2c /usr/local/Cellar/arm-none-eabi-gcc/9-2019-q4-major/gcc/bin/../lib/gcc/arm-none-eabi/9.2.1/../../../../arm-none-eabi/lib/thumb/v7e-m+fp/hard/libg.a(lib_a-fini.o)
                0x0000000008003aac                __libc_fini_array
 .text.__retarget_lock_acquire_recursive
                0x0000000008003ad8        0x4 /usr/local/Cellar/arm-none-eabi-gcc/9-2019-q4-major/gcc/bin/../lib/gcc/arm-none-eabi/9.2.1/../../../../arm-none-eabi/lib/thumb/v7e-m+fp/hard/libg.a(lib_a-lock.o)
                0x0000000008003ad8                __retarget_lock_acquire_recursive
 .text.__retarget_lock_release_recursive
                0x0000000008003adc        0x4 /usr/local/Cellar/arm-none-eabi-gcc/9-2019-q4-major/gcc/bin/../lib/gcc/arm-none-eabi/9.2.1/../../../../arm-none-eabi/lib/thumb/v7e-m+fp/hard/libg.a(lib_a-lock.o)
                0x0000000008003adc                __retarget_lock_release_recursive
 .text.__register_exitproc
                0x0000000008003ae0       0x8c /usr/local/Cellar/arm-none-eabi-gcc/9-2019-q4-major/gcc/bin/../lib/gcc/arm-none-eabi/9.2.1/../../../../arm-none-eabi/lib/thumb/v7e-m+fp/hard/libg.a(lib_a-__atexit.o)
                0x0000000008003ae0                __register_exitproc
 *(.glue_7)
 .glue_7        0x0000000008003b6c        0x0 linker stubs
 *(.glue_7t)
 .glue_7t       0x0000000008003b6c        0x0 linker stubs
 *(.eh_frame)
 .eh_frame      0x0000000008003b6c        0x0 /usr/local/Cellar/arm-none-eabi-gcc/9-2019-q4-major/gcc/bin/../lib/gcc/arm-none-eabi/9.2.1/thumb/v7e-m+fp/hard/crtbegin.o
 *(.init)
 .init          0x0000000008003b6c        0x4 /usr/local/Cellar/arm-none-eabi-gcc/9-2019-q4-major/gcc/bin/../lib/gcc/arm-none-eabi/9.2.1/thumb/v7e-m+fp/hard/crti.o
                0x0000000008003b6c                _init
 .init          0x0000000008003b70        0x8 /usr/local/Cellar/arm-none-eabi-gcc/9-2019-q4-major/gcc/bin/../lib/gcc/arm-none-eabi/9.2.1/thumb/v7e-m+fp/hard/crtn.o
 *(.fini)
 .fini          0x0000000008003b78        0x4 /usr/local/Cellar/arm-none-eabi-gcc/9-2019-q4-major/gcc/bin/../lib/gcc/arm-none-eabi/9.2.1/thumb/v7e-m+fp/hard/crti.o
                0x0000000008003b78                _fini
 .fini          0x0000000008003b7c        0x8 /usr/local/Cellar/arm-none-eabi-gcc/9-2019-q4-major/gcc/bin/../lib/gcc/arm-none-eabi/9.2.1/thumb/v7e-m+fp/hard/crtn.o
                0x0000000008003b84                . = ALIGN (0x4)
                0x0000000008003b84                _etext = .

.vfp11_veneer   0x0000000008003b84        0x0
 .vfp11_veneer  0x0000000008003b84        0x0 linker stubs

.v4_bx          0x0000000008003b84        0x0
 .v4_bx         0x0000000008003b84        0x0 linker stubs

.iplt           0x0000000008003b84        0x0
 .iplt          0x0000000008003b84        0x0 /usr/local/Cellar/arm-none-eabi-gcc/9-2019-q4-major/gcc/bin/../lib/gcc/arm-none-eabi/9.2.1/thumb/v7e-m+fp/hard/crtbegin.o

.rodata         0x0000000008003b84       0xb0
                0x0000000008003b84                . = ALIGN (0x4)
 *(.rodata)
 *(.rodata*)
 .rodata.str1.4
                0x0000000008003b84       0x14 CMakeFiles/CANSimulator.elf.dir/Core/Src/main.c.obj
 .rodata.defaultTask_attributes
                0x0000000008003b98       0x24 CMakeFiles/CANSimulator.elf.dir/Core/Src/main.c.obj
                0x0000000008003b98                defaultTask_attributes
 .rodata.sendCAN_attributes
                0x0000000008003bbc       0x24 CMakeFiles/CANSimulator.elf.dir/Core/Src/main.c.obj
                0x0000000008003bbc                sendCAN_attributes
 .rodata.AHBPrescTable
                0x0000000008003be0       0x10 CMakeFiles/CANSimulator.elf.dir/Core/Src/system_stm32f3xx.c.obj
                0x0000000008003be0                AHBPrescTable
 .rodata.APBPrescTable
                0x0000000008003bf0        0x8 CMakeFiles/CANSimulator.elf.dir/Core/Src/system_stm32f3xx.c.obj
                0x0000000008003bf0                APBPrescTable
 .rodata.aPLLMULFactorTable
                0x0000000008003bf8       0x10 CMakeFiles/CANSimulator.elf.dir/Drivers/STM32F3xx_HAL_Driver/Src/stm32f3xx_hal_rcc.c.obj
                0x0000000008003bf8                aPLLMULFactorTable
 .rodata.aPredivFactorTable
                0x0000000008003c08       0x10 CMakeFiles/CANSimulator.elf.dir/Drivers/STM32F3xx_HAL_Driver/Src/stm32f3xx_hal_rcc.c.obj
                0x0000000008003c08                aPredivFactorTable
 .rodata.vTaskStartScheduler.str1.4
                0x0000000008003c18        0x5 CMakeFiles/CANSimulator.elf.dir/Middlewares/Third_Party/FreeRTOS/Source/tasks.c.obj
 *fill*         0x0000000008003c1d        0x3 
 .rodata.prvCheckForValidListAndQueue.str1.4
                0x0000000008003c20        0x5 CMakeFiles/CANSimulator.elf.dir/Middlewares/Third_Party/FreeRTOS/Source/timers.c.obj
 *fill*         0x0000000008003c25        0x3 
 .rodata.xTimerCreateTimerTask.str1.4
                0x0000000008003c28        0x8 CMakeFiles/CANSimulator.elf.dir/Middlewares/Third_Party/FreeRTOS/Source/timers.c.obj
 .rodata._global_impure_ptr
                0x0000000008003c30        0x4 /usr/local/Cellar/arm-none-eabi-gcc/9-2019-q4-major/gcc/bin/../lib/gcc/arm-none-eabi/9.2.1/../../../../arm-none-eabi/lib/thumb/v7e-m+fp/hard/libg.a(lib_a-impure.o)
                0x0000000008003c30                _global_impure_ptr
                0x0000000008003c34                . = ALIGN (0x4)

.rel.dyn        0x0000000008003c34        0x0
 .rel.iplt      0x0000000008003c34        0x0 /usr/local/Cellar/arm-none-eabi-gcc/9-2019-q4-major/gcc/bin/../lib/gcc/arm-none-eabi/9.2.1/thumb/v7e-m+fp/hard/crtbegin.o

.ARM.extab      0x0000000008003c34        0x0
                0x0000000008003c34                . = ALIGN (0x4)
 *(.ARM.extab* .gnu.linkonce.armextab.*)
                0x0000000008003c34                . = ALIGN (0x4)

.ARM            0x0000000008003c34        0x0
                0x0000000008003c34                . = ALIGN (0x4)
                0x0000000008003c34                __exidx_start = .
 *(.ARM.exidx*)
                0x0000000008003c34                __exidx_end = .
                0x0000000008003c34                . = ALIGN (0x4)

.preinit_array  0x0000000008003c34        0x0
                0x0000000008003c34                . = ALIGN (0x4)
                0x0000000008003c34                PROVIDE (__preinit_array_start = .)
 *(.preinit_array*)
                0x0000000008003c34                PROVIDE (__preinit_array_end = .)
                0x0000000008003c34                . = ALIGN (0x4)

.init_array     0x0000000008003c34        0x8
                0x0000000008003c34                . = ALIGN (0x4)
                0x0000000008003c34                PROVIDE (__init_array_start = .)
 *(SORT_BY_NAME(.init_array.*))
 .init_array.00000
                0x0000000008003c34        0x4 /usr/local/Cellar/arm-none-eabi-gcc/9-2019-q4-major/gcc/bin/../lib/gcc/arm-none-eabi/9.2.1/../../../../arm-none-eabi/lib/thumb/v7e-m+fp/hard/libg.a(lib_a-__call_atexit.o)
 *(.init_array*)
 .init_array    0x0000000008003c38        0x4 /usr/local/Cellar/arm-none-eabi-gcc/9-2019-q4-major/gcc/bin/../lib/gcc/arm-none-eabi/9.2.1/thumb/v7e-m+fp/hard/crtbegin.o
                0x0000000008003c3c                PROVIDE (__init_array_end = .)
                0x0000000008003c3c                . = ALIGN (0x4)

.fini_array     0x0000000008003c3c        0x4
                0x0000000008003c3c                . = ALIGN (0x4)
                0x0000000008003c3c                PROVIDE (__fini_array_start = .)
 *(SORT_BY_NAME(.fini_array.*))
 *(.fini_array*)
 .fini_array    0x0000000008003c3c        0x4 /usr/local/Cellar/arm-none-eabi-gcc/9-2019-q4-major/gcc/bin/../lib/gcc/arm-none-eabi/9.2.1/thumb/v7e-m+fp/hard/crtbegin.o
                0x0000000008003c40                PROVIDE (__fini_array_end = .)
                0x0000000008003c40                . = ALIGN (0x4)
                0x0000000008003c40                _sidata = LOADADDR (.data)

.data           0x0000000020000000      0x43c load address 0x0000000008003c40
                0x0000000020000000                . = ALIGN (0x4)
                0x0000000020000000                _sdata = .
 *(.data)
 *(.data*)
 .data.SystemCoreClock
                0x0000000020000000        0x4 CMakeFiles/CANSimulator.elf.dir/Core/Src/system_stm32f3xx.c.obj
                0x0000000020000000                SystemCoreClock
 .data.uwTickFreq
                0x0000000020000004        0x1 CMakeFiles/CANSimulator.elf.dir/Drivers/STM32F3xx_HAL_Driver/Src/stm32f3xx_hal.c.obj
                0x0000000020000004                uwTickFreq
 *fill*         0x0000000020000005        0x3 
 .data.uwTickPrio
                0x0000000020000008        0x4 CMakeFiles/CANSimulator.elf.dir/Drivers/STM32F3xx_HAL_Driver/Src/stm32f3xx_hal.c.obj
                0x0000000020000008                uwTickPrio
 .data.uxCriticalNesting
                0x000000002000000c        0x4 CMakeFiles/CANSimulator.elf.dir/Middlewares/Third_Party/FreeRTOS/Source/portable/GCC/ARM_CM4F/port.c.obj
 .data.impure_data
                0x0000000020000010      0x428 /usr/local/Cellar/arm-none-eabi-gcc/9-2019-q4-major/gcc/bin/../lib/gcc/arm-none-eabi/9.2.1/../../../../arm-none-eabi/lib/thumb/v7e-m+fp/hard/libg.a(lib_a-impure.o)
 .data.__atexit_recursive_mutex
                0x0000000020000438        0x4 /usr/local/Cellar/arm-none-eabi-gcc/9-2019-q4-major/gcc/bin/../lib/gcc/arm-none-eabi/9.2.1/../../../../arm-none-eabi/lib/thumb/v7e-m+fp/hard/libg.a(lib_a-__call_atexit.o)
                0x0000000020000438                __atexit_recursive_mutex
                0x000000002000043c                . = ALIGN (0x4)
                0x000000002000043c                _edata = .

.igot.plt       0x000000002000043c        0x0 load address 0x000000000800407c
 .igot.plt      0x000000002000043c        0x0 /usr/local/Cellar/arm-none-eabi-gcc/9-2019-q4-major/gcc/bin/../lib/gcc/arm-none-eabi/9.2.1/thumb/v7e-m+fp/hard/crtbegin.o
                0x000000002000043c                . = ALIGN (0x4)

.bss            0x000000002000043c     0x1adc load address 0x000000000800407c
                0x000000002000043c                _sbss = .
                0x000000002000043c                __bss_start__ = _sbss
 *(.bss)
 .bss           0x000000002000043c       0x1c /usr/local/Cellar/arm-none-eabi-gcc/9-2019-q4-major/gcc/bin/../lib/gcc/arm-none-eabi/9.2.1/thumb/v7e-m+fp/hard/crtbegin.o
 *(.bss*)
 .bss.defaultTaskHandle
                0x0000000020000458        0x4 CMakeFiles/CANSimulator.elf.dir/Core/Src/main.c.obj
                0x0000000020000458                defaultTaskHandle
 .bss.hcan      0x000000002000045c       0x28 CMakeFiles/CANSimulator.elf.dir/Core/Src/main.c.obj
                0x000000002000045c                hcan
 .bss.hspi1     0x0000000020000484       0x64 CMakeFiles/CANSimulator.elf.dir/Core/Src/main.c.obj
                0x0000000020000484                hspi1
 .bss.huart1    0x00000000200004e8       0x80 CMakeFiles/CANSimulator.elf.dir/Core/Src/main.c.obj
                0x00000000200004e8                huart1
 .bss.sendCANHandle
                0x0000000020000568        0x4 CMakeFiles/CANSimulator.elf.dir/Core/Src/main.c.obj
                0x0000000020000568                sendCANHandle
 .bss.htim1     0x000000002000056c       0x40 CMakeFiles/CANSimulator.elf.dir/Core/Src/stm32f3xx_hal_timebase_tim.c.obj
                0x000000002000056c                htim1
 .bss.uwTick    0x00000000200005ac        0x4 CMakeFiles/CANSimulator.elf.dir/Drivers/STM32F3xx_HAL_Driver/Src/stm32f3xx_hal.c.obj
                0x00000000200005ac                uwTick
 .bss.Idle_Stack
                0x00000000200005b0      0x200 CMakeFiles/CANSimulator.elf.dir/Middlewares/Third_Party/FreeRTOS/Source/CMSIS_RTOS_V2/cmsis_os2.c.obj
 .bss.Idle_TCB  0x00000000200007b0       0x5c CMakeFiles/CANSimulator.elf.dir/Middlewares/Third_Party/FreeRTOS/Source/CMSIS_RTOS_V2/cmsis_os2.c.obj
 .bss.KernelState
                0x000000002000080c        0x4 CMakeFiles/CANSimulator.elf.dir/Middlewares/Third_Party/FreeRTOS/Source/CMSIS_RTOS_V2/cmsis_os2.c.obj
 .bss.Timer_Stack
                0x0000000020000810      0x400 CMakeFiles/CANSimulator.elf.dir/Middlewares/Third_Party/FreeRTOS/Source/CMSIS_RTOS_V2/cmsis_os2.c.obj
 .bss.Timer_TCB
                0x0000000020000c10       0x5c CMakeFiles/CANSimulator.elf.dir/Middlewares/Third_Party/FreeRTOS/Source/CMSIS_RTOS_V2/cmsis_os2.c.obj
 .bss.ucMaxSysCallPriority
                0x0000000020000c6c        0x1 CMakeFiles/CANSimulator.elf.dir/Middlewares/Third_Party/FreeRTOS/Source/portable/GCC/ARM_CM4F/port.c.obj
 *fill*         0x0000000020000c6d        0x3 
 .bss.ulMaxPRIGROUPValue
                0x0000000020000c70        0x4 CMakeFiles/CANSimulator.elf.dir/Middlewares/Third_Party/FreeRTOS/Source/portable/GCC/ARM_CM4F/port.c.obj
 .bss.pxEnd     0x0000000020000c74        0x4 CMakeFiles/CANSimulator.elf.dir/Middlewares/Third_Party/FreeRTOS/Source/portable/MemMang/heap_4.c.obj
 .bss.ucHeap    0x0000000020000c78      0xc00 CMakeFiles/CANSimulator.elf.dir/Middlewares/Third_Party/FreeRTOS/Source/portable/MemMang/heap_4.c.obj
 .bss.xBlockAllocatedBit
                0x0000000020001878        0x4 CMakeFiles/CANSimulator.elf.dir/Middlewares/Third_Party/FreeRTOS/Source/portable/MemMang/heap_4.c.obj
 .bss.xFreeBytesRemaining
                0x000000002000187c        0x4 CMakeFiles/CANSimulator.elf.dir/Middlewares/Third_Party/FreeRTOS/Source/portable/MemMang/heap_4.c.obj
 .bss.xMinimumEverFreeBytesRemaining
                0x0000000020001880        0x4 CMakeFiles/CANSimulator.elf.dir/Middlewares/Third_Party/FreeRTOS/Source/portable/MemMang/heap_4.c.obj
 .bss.xStart    0x0000000020001884        0x8 CMakeFiles/CANSimulator.elf.dir/Middlewares/Third_Party/FreeRTOS/Source/portable/MemMang/heap_4.c.obj
 .bss.xQueueRegistry
                0x000000002000188c       0x40 CMakeFiles/CANSimulator.elf.dir/Middlewares/Third_Party/FreeRTOS/Source/queue.c.obj
                0x000000002000188c                xQueueRegistry
 .bss.pxCurrentTCB
                0x00000000200018cc        0x4 CMakeFiles/CANSimulator.elf.dir/Middlewares/Third_Party/FreeRTOS/Source/tasks.c.obj
                0x00000000200018cc                pxCurrentTCB
 .bss.pxDelayedTaskList
                0x00000000200018d0        0x4 CMakeFiles/CANSimulator.elf.dir/Middlewares/Third_Party/FreeRTOS/Source/tasks.c.obj
 .bss.pxOverflowDelayedTaskList
                0x00000000200018d4        0x4 CMakeFiles/CANSimulator.elf.dir/Middlewares/Third_Party/FreeRTOS/Source/tasks.c.obj
 .bss.pxReadyTasksLists
                0x00000000200018d8      0x460 CMakeFiles/CANSimulator.elf.dir/Middlewares/Third_Party/FreeRTOS/Source/tasks.c.obj
 .bss.uxCurrentNumberOfTasks
                0x0000000020001d38        0x4 CMakeFiles/CANSimulator.elf.dir/Middlewares/Third_Party/FreeRTOS/Source/tasks.c.obj
 .bss.uxDeletedTasksWaitingCleanUp
                0x0000000020001d3c        0x4 CMakeFiles/CANSimulator.elf.dir/Middlewares/Third_Party/FreeRTOS/Source/tasks.c.obj
 .bss.uxPendedTicks
                0x0000000020001d40        0x4 CMakeFiles/CANSimulator.elf.dir/Middlewares/Third_Party/FreeRTOS/Source/tasks.c.obj
 .bss.uxSchedulerSuspended
                0x0000000020001d44        0x4 CMakeFiles/CANSimulator.elf.dir/Middlewares/Third_Party/FreeRTOS/Source/tasks.c.obj
 .bss.uxTaskNumber
                0x0000000020001d48        0x4 CMakeFiles/CANSimulator.elf.dir/Middlewares/Third_Party/FreeRTOS/Source/tasks.c.obj
 .bss.uxTopReadyPriority
                0x0000000020001d4c        0x4 CMakeFiles/CANSimulator.elf.dir/Middlewares/Third_Party/FreeRTOS/Source/tasks.c.obj
 .bss.xDelayedTaskList1
                0x0000000020001d50       0x14 CMakeFiles/CANSimulator.elf.dir/Middlewares/Third_Party/FreeRTOS/Source/tasks.c.obj
 .bss.xDelayedTaskList2
                0x0000000020001d64       0x14 CMakeFiles/CANSimulator.elf.dir/Middlewares/Third_Party/FreeRTOS/Source/tasks.c.obj
 .bss.xNextTaskUnblockTime
                0x0000000020001d78        0x4 CMakeFiles/CANSimulator.elf.dir/Middlewares/Third_Party/FreeRTOS/Source/tasks.c.obj
 .bss.xNumOfOverflows
                0x0000000020001d7c        0x4 CMakeFiles/CANSimulator.elf.dir/Middlewares/Third_Party/FreeRTOS/Source/tasks.c.obj
 .bss.xPendingReadyList
                0x0000000020001d80       0x14 CMakeFiles/CANSimulator.elf.dir/Middlewares/Third_Party/FreeRTOS/Source/tasks.c.obj
 .bss.xSchedulerRunning
                0x0000000020001d94        0x4 CMakeFiles/CANSimulator.elf.dir/Middlewares/Third_Party/FreeRTOS/Source/tasks.c.obj
 .bss.xSuspendedTaskList
                0x0000000020001d98       0x14 CMakeFiles/CANSimulator.elf.dir/Middlewares/Third_Party/FreeRTOS/Source/tasks.c.obj
 .bss.xTasksWaitingTermination
                0x0000000020001dac       0x14 CMakeFiles/CANSimulator.elf.dir/Middlewares/Third_Party/FreeRTOS/Source/tasks.c.obj
 .bss.xTickCount
                0x0000000020001dc0        0x4 CMakeFiles/CANSimulator.elf.dir/Middlewares/Third_Party/FreeRTOS/Source/tasks.c.obj
 .bss.xYieldPending
                0x0000000020001dc4        0x4 CMakeFiles/CANSimulator.elf.dir/Middlewares/Third_Party/FreeRTOS/Source/tasks.c.obj
 .bss.pxCurrentTimerList
                0x0000000020001dc8        0x4 CMakeFiles/CANSimulator.elf.dir/Middlewares/Third_Party/FreeRTOS/Source/timers.c.obj
 .bss.pxOverflowTimerList
                0x0000000020001dcc        0x4 CMakeFiles/CANSimulator.elf.dir/Middlewares/Third_Party/FreeRTOS/Source/timers.c.obj
 .bss.ucStaticTimerQueueStorage.6922
                0x0000000020001dd0       0xa0 CMakeFiles/CANSimulator.elf.dir/Middlewares/Third_Party/FreeRTOS/Source/timers.c.obj
 .bss.xActiveTimerList1
                0x0000000020001e70       0x14 CMakeFiles/CANSimulator.elf.dir/Middlewares/Third_Party/FreeRTOS/Source/timers.c.obj
 .bss.xActiveTimerList2
                0x0000000020001e84       0x14 CMakeFiles/CANSimulator.elf.dir/Middlewares/Third_Party/FreeRTOS/Source/timers.c.obj
 .bss.xLastTime.6871
                0x0000000020001e98        0x4 CMakeFiles/CANSimulator.elf.dir/Middlewares/Third_Party/FreeRTOS/Source/timers.c.obj
 .bss.xStaticTimerQueue.6921
                0x0000000020001e9c       0x50 CMakeFiles/CANSimulator.elf.dir/Middlewares/Third_Party/FreeRTOS/Source/timers.c.obj
 .bss.xTimerQueue
                0x0000000020001eec        0x4 CMakeFiles/CANSimulator.elf.dir/Middlewares/Third_Party/FreeRTOS/Source/timers.c.obj
 .bss.xTimerTaskHandle
                0x0000000020001ef0        0x4 CMakeFiles/CANSimulator.elf.dir/Middlewares/Third_Party/FreeRTOS/Source/timers.c.obj
 *(COMMON)
 COMMON         0x0000000020001ef4       0x21 /usr/local/Cellar/arm-none-eabi-gcc/9-2019-q4-major/gcc/bin/../lib/gcc/arm-none-eabi/9.2.1/../../../../arm-none-eabi/lib/thumb/v7e-m+fp/hard/libg.a(lib_a-lock.o)
                0x0000000020001ef4                __lock___atexit_recursive_mutex
                0x0000000020001ef8                __lock___arc4random_mutex
                0x0000000020001efc                __lock___env_recursive_mutex
                0x0000000020001f00                __lock___sinit_recursive_mutex
                0x0000000020001f04                __lock___malloc_recursive_mutex
                0x0000000020001f08                __lock___at_quick_exit_mutex
                0x0000000020001f0c                __lock___dd_hash_mutex
                0x0000000020001f10                __lock___tz_mutex
                0x0000000020001f14                __lock___sfp_recursive_mutex
                0x0000000020001f18                . = ALIGN (0x4)
 *fill*         0x0000000020001f15        0x3 
                0x0000000020001f18                _ebss = .
                0x0000000020001f18                __bss_end__ = _ebss

._user_heap_stack
                0x0000000020001f18      0x600 load address 0x000000000800407c
                0x0000000020001f18                . = ALIGN (0x8)
                [!provide]                        PROVIDE (end = .)
                0x0000000020001f18                PROVIDE (_end = .)
                0x0000000020002118                . = (. + _Min_Heap_Size)
 *fill*         0x0000000020001f18      0x200 
                0x0000000020002518                . = (. + _Min_Stack_Size)
 *fill*         0x0000000020002118      0x400 
                0x0000000020002518                . = ALIGN (0x8)

/DISCARD/
 libc.a(*)
 libm.a(*)
 libgcc.a(*)

.ARM.attributes
                0x0000000000000000       0x30
 *(.ARM.attributes)
 .ARM.attributes
                0x0000000000000000       0x1e /usr/local/Cellar/arm-none-eabi-gcc/9-2019-q4-major/gcc/bin/../lib/gcc/arm-none-eabi/9.2.1/thumb/v7e-m+fp/hard/crti.o
 .ARM.attributes
                0x000000000000001e       0x34 /usr/local/Cellar/arm-none-eabi-gcc/9-2019-q4-major/gcc/bin/../lib/gcc/arm-none-eabi/9.2.1/thumb/v7e-m+fp/hard/crtbegin.o
 .ARM.attributes
                0x0000000000000052       0x34 CMakeFiles/CANSimulator.elf.dir/Core/Src/main.c.obj
 .ARM.attributes
                0x0000000000000086       0x34 CMakeFiles/CANSimulator.elf.dir/Core/Src/stm32f3xx_hal_msp.c.obj
 .ARM.attributes
                0x00000000000000ba       0x34 CMakeFiles/CANSimulator.elf.dir/Core/Src/stm32f3xx_hal_timebase_tim.c.obj
 .ARM.attributes
                0x00000000000000ee       0x34 CMakeFiles/CANSimulator.elf.dir/Core/Src/stm32f3xx_it.c.obj
 .ARM.attributes
                0x0000000000000122       0x34 CMakeFiles/CANSimulator.elf.dir/Core/Src/system_stm32f3xx.c.obj
 .ARM.attributes
                0x0000000000000156       0x21 CMakeFiles/CANSimulator.elf.dir/Core/Startup/startup_stm32f303k8tx.s.obj
 .ARM.attributes
                0x0000000000000177       0x34 CMakeFiles/CANSimulator.elf.dir/Drivers/STM32F3xx_HAL_Driver/Src/stm32f3xx_hal.c.obj
 .ARM.attributes
                0x00000000000001ab       0x34 CMakeFiles/CANSimulator.elf.dir/Drivers/STM32F3xx_HAL_Driver/Src/stm32f3xx_hal_can.c.obj
 .ARM.attributes
                0x00000000000001df       0x34 CMakeFiles/CANSimulator.elf.dir/Drivers/STM32F3xx_HAL_Driver/Src/stm32f3xx_hal_cortex.c.obj
 .ARM.attributes
                0x0000000000000213       0x34 CMakeFiles/CANSimulator.elf.dir/Drivers/STM32F3xx_HAL_Driver/Src/stm32f3xx_hal_gpio.c.obj
 .ARM.attributes
                0x0000000000000247       0x34 CMakeFiles/CANSimulator.elf.dir/Drivers/STM32F3xx_HAL_Driver/Src/stm32f3xx_hal_rcc.c.obj
 .ARM.attributes
                0x000000000000027b       0x34 CMakeFiles/CANSimulator.elf.dir/Drivers/STM32F3xx_HAL_Driver/Src/stm32f3xx_hal_rcc_ex.c.obj
 .ARM.attributes
                0x00000000000002af       0x34 CMakeFiles/CANSimulator.elf.dir/Drivers/STM32F3xx_HAL_Driver/Src/stm32f3xx_hal_spi.c.obj
 .ARM.attributes
                0x00000000000002e3       0x34 CMakeFiles/CANSimulator.elf.dir/Drivers/STM32F3xx_HAL_Driver/Src/stm32f3xx_hal_tim.c.obj
 .ARM.attributes
                0x0000000000000317       0x34 CMakeFiles/CANSimulator.elf.dir/Drivers/STM32F3xx_HAL_Driver/Src/stm32f3xx_hal_tim_ex.c.obj
 .ARM.attributes
                0x000000000000034b       0x34 CMakeFiles/CANSimulator.elf.dir/Drivers/STM32F3xx_HAL_Driver/Src/stm32f3xx_hal_uart.c.obj
 .ARM.attributes
                0x000000000000037f       0x34 CMakeFiles/CANSimulator.elf.dir/Middlewares/Third_Party/FreeRTOS/Source/CMSIS_RTOS_V2/cmsis_os2.c.obj
 .ARM.attributes
                0x00000000000003b3       0x34 CMakeFiles/CANSimulator.elf.dir/Middlewares/Third_Party/FreeRTOS/Source/list.c.obj
 .ARM.attributes
                0x00000000000003e7       0x34 CMakeFiles/CANSimulator.elf.dir/Middlewares/Third_Party/FreeRTOS/Source/portable/GCC/ARM_CM4F/port.c.obj
 .ARM.attributes
                0x000000000000041b       0x34 CMakeFiles/CANSimulator.elf.dir/Middlewares/Third_Party/FreeRTOS/Source/portable/MemMang/heap_4.c.obj
 .ARM.attributes
                0x000000000000044f       0x34 CMakeFiles/CANSimulator.elf.dir/Middlewares/Third_Party/FreeRTOS/Source/queue.c.obj
 .ARM.attributes
                0x0000000000000483       0x34 CMakeFiles/CANSimulator.elf.dir/Middlewares/Third_Party/FreeRTOS/Source/tasks.c.obj
 .ARM.attributes
                0x00000000000004b7       0x34 CMakeFiles/CANSimulator.elf.dir/Middlewares/Third_Party/FreeRTOS/Source/timers.c.obj
 .ARM.attributes
                0x00000000000004eb       0x32 /usr/local/Cellar/arm-none-eabi-gcc/9-2019-q4-major/gcc/bin/../lib/gcc/arm-none-eabi/9.2.1/../../../../arm-none-eabi/lib/thumb/v7e-m+fp/hard/libg.a(lib_a-impure.o)
 .ARM.attributes
                0x000000000000051d       0x34 /usr/local/Cellar/arm-none-eabi-gcc/9-2019-q4-major/gcc/bin/../lib/gcc/arm-none-eabi/9.2.1/../../../../arm-none-eabi/lib/thumb/v7e-m+fp/hard/libg.a(lib_a-init.o)
 .ARM.attributes
                0x0000000000000551       0x1c /usr/local/Cellar/arm-none-eabi-gcc/9-2019-q4-major/gcc/bin/../lib/gcc/arm-none-eabi/9.2.1/../../../../arm-none-eabi/lib/thumb/v7e-m+fp/hard/libg.a(lib_a-memcpy.o)
 .ARM.attributes
                0x000000000000056d       0x34 /usr/local/Cellar/arm-none-eabi-gcc/9-2019-q4-major/gcc/bin/../lib/gcc/arm-none-eabi/9.2.1/../../../../arm-none-eabi/lib/thumb/v7e-m+fp/hard/libg.a(lib_a-memset.o)
 .ARM.attributes
                0x00000000000005a1       0x34 /usr/local/Cellar/arm-none-eabi-gcc/9-2019-q4-major/gcc/bin/../lib/gcc/arm-none-eabi/9.2.1/../../../../arm-none-eabi/lib/thumb/v7e-m+fp/hard/libg.a(lib_a-__call_atexit.o)
 .ARM.attributes
                0x00000000000005d5       0x34 /usr/local/Cellar/arm-none-eabi-gcc/9-2019-q4-major/gcc/bin/../lib/gcc/arm-none-eabi/9.2.1/../../../../arm-none-eabi/lib/thumb/v7e-m+fp/hard/libg.a(lib_a-atexit.o)
 .ARM.attributes
                0x0000000000000609       0x34 /usr/local/Cellar/arm-none-eabi-gcc/9-2019-q4-major/gcc/bin/../lib/gcc/arm-none-eabi/9.2.1/../../../../arm-none-eabi/lib/thumb/v7e-m+fp/hard/libg.a(lib_a-fini.o)
 .ARM.attributes
                0x000000000000063d       0x34 /usr/local/Cellar/arm-none-eabi-gcc/9-2019-q4-major/gcc/bin/../lib/gcc/arm-none-eabi/9.2.1/../../../../arm-none-eabi/lib/thumb/v7e-m+fp/hard/libg.a(lib_a-lock.o)
 .ARM.attributes
                0x0000000000000671       0x34 /usr/local/Cellar/arm-none-eabi-gcc/9-2019-q4-major/gcc/bin/../lib/gcc/arm-none-eabi/9.2.1/../../../../arm-none-eabi/lib/thumb/v7e-m+fp/hard/libg.a(lib_a-__atexit.o)
 .ARM.attributes
                0x00000000000006a5       0x1e /usr/local/Cellar/arm-none-eabi-gcc/9-2019-q4-major/gcc/bin/../lib/gcc/arm-none-eabi/9.2.1/thumb/v7e-m+fp/hard/crtn.o
OUTPUT(CANSimulator.elf elf32-littlearm)

.debug_info     0x0000000000000000    0x21ece
 .debug_info    0x0000000000000000     0x18fe CMakeFiles/CANSimulator.elf.dir/Core/Src/main.c.obj
 .debug_info    0x00000000000018fe     0x11fe CMakeFiles/CANSimulator.elf.dir/Core/Src/stm32f3xx_hal_msp.c.obj
 .debug_info    0x0000000000002afc      0xabc CMakeFiles/CANSimulator.elf.dir/Core/Src/stm32f3xx_hal_timebase_tim.c.obj
 .debug_info    0x00000000000035b8      0x727 CMakeFiles/CANSimulator.elf.dir/Core/Src/stm32f3xx_it.c.obj
 .debug_info    0x0000000000003cdf      0x4aa CMakeFiles/CANSimulator.elf.dir/Core/Src/system_stm32f3xx.c.obj
 .debug_info    0x0000000000004189       0x22 CMakeFiles/CANSimulator.elf.dir/Core/Startup/startup_stm32f303k8tx.s.obj
 .debug_info    0x00000000000041ab      0x87a CMakeFiles/CANSimulator.elf.dir/Drivers/STM32F3xx_HAL_Driver/Src/stm32f3xx_hal.c.obj
 .debug_info    0x0000000000004a25     0x132f CMakeFiles/CANSimulator.elf.dir/Drivers/STM32F3xx_HAL_Driver/Src/stm32f3xx_hal_can.c.obj
 .debug_info    0x0000000000005d54      0xe4a CMakeFiles/CANSimulator.elf.dir/Drivers/STM32F3xx_HAL_Driver/Src/stm32f3xx_hal_cortex.c.obj
 .debug_info    0x0000000000006b9e      0x873 CMakeFiles/CANSimulator.elf.dir/Drivers/STM32F3xx_HAL_Driver/Src/stm32f3xx_hal_gpio.c.obj
 .debug_info    0x0000000000007411     0x1692 CMakeFiles/CANSimulator.elf.dir/Drivers/STM32F3xx_HAL_Driver/Src/stm32f3xx_hal_rcc.c.obj
 .debug_info    0x0000000000008aa3      0x720 CMakeFiles/CANSimulator.elf.dir/Drivers/STM32F3xx_HAL_Driver/Src/stm32f3xx_hal_rcc_ex.c.obj
 .debug_info    0x00000000000091c3     0x217b CMakeFiles/CANSimulator.elf.dir/Drivers/STM32F3xx_HAL_Driver/Src/stm32f3xx_hal_spi.c.obj
 .debug_info    0x000000000000b33e     0x393f CMakeFiles/CANSimulator.elf.dir/Drivers/STM32F3xx_HAL_Driver/Src/stm32f3xx_hal_tim.c.obj
 .debug_info    0x000000000000ec7d     0x178d CMakeFiles/CANSimulator.elf.dir/Drivers/STM32F3xx_HAL_Driver/Src/stm32f3xx_hal_tim_ex.c.obj
 .debug_info    0x000000000001040a     0x1e7e CMakeFiles/CANSimulator.elf.dir/Drivers/STM32F3xx_HAL_Driver/Src/stm32f3xx_hal_uart.c.obj
 .debug_info    0x0000000000012288     0x53a2 CMakeFiles/CANSimulator.elf.dir/Middlewares/Third_Party/FreeRTOS/Source/CMSIS_RTOS_V2/cmsis_os2.c.obj
 .debug_info    0x000000000001762a      0xb8b CMakeFiles/CANSimulator.elf.dir/Middlewares/Third_Party/FreeRTOS/Source/list.c.obj
 .debug_info    0x00000000000181b5      0x587 CMakeFiles/CANSimulator.elf.dir/Middlewares/Third_Party/FreeRTOS/Source/portable/GCC/ARM_CM4F/port.c.obj
 .debug_info    0x000000000001873c      0xd22 CMakeFiles/CANSimulator.elf.dir/Middlewares/Third_Party/FreeRTOS/Source/portable/MemMang/heap_4.c.obj
 .debug_info    0x000000000001945e     0x2fc9 CMakeFiles/CANSimulator.elf.dir/Middlewares/Third_Party/FreeRTOS/Source/queue.c.obj
 .debug_info    0x000000000001c427     0x38a6 CMakeFiles/CANSimulator.elf.dir/Middlewares/Third_Party/FreeRTOS/Source/tasks.c.obj
 .debug_info    0x000000000001fccd     0x2201 CMakeFiles/CANSimulator.elf.dir/Middlewares/Third_Party/FreeRTOS/Source/timers.c.obj

.debug_abbrev   0x0000000000000000     0x3be3
 .debug_abbrev  0x0000000000000000      0x2f6 CMakeFiles/CANSimulator.elf.dir/Core/Src/main.c.obj
 .debug_abbrev  0x00000000000002f6      0x200 CMakeFiles/CANSimulator.elf.dir/Core/Src/stm32f3xx_hal_msp.c.obj
 .debug_abbrev  0x00000000000004f6      0x219 CMakeFiles/CANSimulator.elf.dir/Core/Src/stm32f3xx_hal_timebase_tim.c.obj
 .debug_abbrev  0x000000000000070f      0x193 CMakeFiles/CANSimulator.elf.dir/Core/Src/stm32f3xx_it.c.obj
 .debug_abbrev  0x00000000000008a2      0x148 CMakeFiles/CANSimulator.elf.dir/Core/Src/system_stm32f3xx.c.obj
 .debug_abbrev  0x00000000000009ea       0x12 CMakeFiles/CANSimulator.elf.dir/Core/Startup/startup_stm32f303k8tx.s.obj
 .debug_abbrev  0x00000000000009fc      0x219 CMakeFiles/CANSimulator.elf.dir/Drivers/STM32F3xx_HAL_Driver/Src/stm32f3xx_hal.c.obj
 .debug_abbrev  0x0000000000000c15      0x263 CMakeFiles/CANSimulator.elf.dir/Drivers/STM32F3xx_HAL_Driver/Src/stm32f3xx_hal_can.c.obj
 .debug_abbrev  0x0000000000000e78      0x367 CMakeFiles/CANSimulator.elf.dir/Drivers/STM32F3xx_HAL_Driver/Src/stm32f3xx_hal_cortex.c.obj
 .debug_abbrev  0x00000000000011df      0x213 CMakeFiles/CANSimulator.elf.dir/Drivers/STM32F3xx_HAL_Driver/Src/stm32f3xx_hal_gpio.c.obj
 .debug_abbrev  0x00000000000013f2      0x2f9 CMakeFiles/CANSimulator.elf.dir/Drivers/STM32F3xx_HAL_Driver/Src/stm32f3xx_hal_rcc.c.obj
 .debug_abbrev  0x00000000000016eb      0x296 CMakeFiles/CANSimulator.elf.dir/Drivers/STM32F3xx_HAL_Driver/Src/stm32f3xx_hal_rcc_ex.c.obj
 .debug_abbrev  0x0000000000001981      0x267 CMakeFiles/CANSimulator.elf.dir/Drivers/STM32F3xx_HAL_Driver/Src/stm32f3xx_hal_spi.c.obj
 .debug_abbrev  0x0000000000001be8      0x258 CMakeFiles/CANSimulator.elf.dir/Drivers/STM32F3xx_HAL_Driver/Src/stm32f3xx_hal_tim.c.obj
 .debug_abbrev  0x0000000000001e40      0x26e CMakeFiles/CANSimulator.elf.dir/Drivers/STM32F3xx_HAL_Driver/Src/stm32f3xx_hal_tim_ex.c.obj
 .debug_abbrev  0x00000000000020ae      0x270 CMakeFiles/CANSimulator.elf.dir/Drivers/STM32F3xx_HAL_Driver/Src/stm32f3xx_hal_uart.c.obj
 .debug_abbrev  0x000000000000231e      0x4a8 CMakeFiles/CANSimulator.elf.dir/Middlewares/Third_Party/FreeRTOS/Source/CMSIS_RTOS_V2/cmsis_os2.c.obj
 .debug_abbrev  0x00000000000027c6      0x249 CMakeFiles/CANSimulator.elf.dir/Middlewares/Third_Party/FreeRTOS/Source/list.c.obj
 .debug_abbrev  0x0000000000002a0f      0x26b CMakeFiles/CANSimulator.elf.dir/Middlewares/Third_Party/FreeRTOS/Source/portable/GCC/ARM_CM4F/port.c.obj
 .debug_abbrev  0x0000000000002c7a      0x372 CMakeFiles/CANSimulator.elf.dir/Middlewares/Third_Party/FreeRTOS/Source/portable/MemMang/heap_4.c.obj
 .debug_abbrev  0x0000000000002fec      0x43f CMakeFiles/CANSimulator.elf.dir/Middlewares/Third_Party/FreeRTOS/Source/queue.c.obj
 .debug_abbrev  0x000000000000342b      0x412 CMakeFiles/CANSimulator.elf.dir/Middlewares/Third_Party/FreeRTOS/Source/tasks.c.obj
 .debug_abbrev  0x000000000000383d      0x3a6 CMakeFiles/CANSimulator.elf.dir/Middlewares/Third_Party/FreeRTOS/Source/timers.c.obj

.debug_loc      0x0000000000000000    0x168bd
 .debug_loc     0x0000000000000000       0x8c CMakeFiles/CANSimulator.elf.dir/Core/Src/main.c.obj
 .debug_loc     0x000000000000008c      0x18c CMakeFiles/CANSimulator.elf.dir/Core/Src/stm32f3xx_hal_msp.c.obj
 .debug_loc     0x0000000000000218       0x89 CMakeFiles/CANSimulator.elf.dir/Core/Src/stm32f3xx_hal_timebase_tim.c.obj
 .debug_loc     0x00000000000002a1      0x123 CMakeFiles/CANSimulator.elf.dir/Core/Src/system_stm32f3xx.c.obj
 .debug_loc     0x00000000000003c4      0x141 CMakeFiles/CANSimulator.elf.dir/Drivers/STM32F3xx_HAL_Driver/Src/stm32f3xx_hal.c.obj
 .debug_loc     0x0000000000000505      0xda6 CMakeFiles/CANSimulator.elf.dir/Drivers/STM32F3xx_HAL_Driver/Src/stm32f3xx_hal_can.c.obj
 .debug_loc     0x00000000000012ab      0x71f CMakeFiles/CANSimulator.elf.dir/Drivers/STM32F3xx_HAL_Driver/Src/stm32f3xx_hal_cortex.c.obj
 .debug_loc     0x00000000000019ca      0x33a CMakeFiles/CANSimulator.elf.dir/Drivers/STM32F3xx_HAL_Driver/Src/stm32f3xx_hal_gpio.c.obj
 .debug_loc     0x0000000000001d04      0xe00 CMakeFiles/CANSimulator.elf.dir/Drivers/STM32F3xx_HAL_Driver/Src/stm32f3xx_hal_rcc.c.obj
 .debug_loc     0x0000000000002b04      0x5a3 CMakeFiles/CANSimulator.elf.dir/Drivers/STM32F3xx_HAL_Driver/Src/stm32f3xx_hal_rcc_ex.c.obj
 .debug_loc     0x00000000000030a7     0x1eec CMakeFiles/CANSimulator.elf.dir/Drivers/STM32F3xx_HAL_Driver/Src/stm32f3xx_hal_spi.c.obj
 .debug_loc     0x0000000000004f93     0x3f5c CMakeFiles/CANSimulator.elf.dir/Drivers/STM32F3xx_HAL_Driver/Src/stm32f3xx_hal_tim.c.obj
 .debug_loc     0x0000000000008eef     0x15e0 CMakeFiles/CANSimulator.elf.dir/Drivers/STM32F3xx_HAL_Driver/Src/stm32f3xx_hal_tim_ex.c.obj
 .debug_loc     0x000000000000a4cf     0x1b8e CMakeFiles/CANSimulator.elf.dir/Drivers/STM32F3xx_HAL_Driver/Src/stm32f3xx_hal_uart.c.obj
 .debug_loc     0x000000000000c05d     0x56cb CMakeFiles/CANSimulator.elf.dir/Middlewares/Third_Party/FreeRTOS/Source/CMSIS_RTOS_V2/cmsis_os2.c.obj
 .debug_loc     0x0000000000011728       0xad CMakeFiles/CANSimulator.elf.dir/Middlewares/Third_Party/FreeRTOS/Source/list.c.obj
 .debug_loc     0x00000000000117d5      0x124 CMakeFiles/CANSimulator.elf.dir/Middlewares/Third_Party/FreeRTOS/Source/portable/GCC/ARM_CM4F/port.c.obj
 .debug_loc     0x00000000000118f9      0x331 CMakeFiles/CANSimulator.elf.dir/Middlewares/Third_Party/FreeRTOS/Source/portable/MemMang/heap_4.c.obj
 .debug_loc     0x0000000000011c2a     0x19f3 CMakeFiles/CANSimulator.elf.dir/Middlewares/Third_Party/FreeRTOS/Source/queue.c.obj
 .debug_loc     0x000000000001361d     0x2389 CMakeFiles/CANSimulator.elf.dir/Middlewares/Third_Party/FreeRTOS/Source/tasks.c.obj
 .debug_loc     0x00000000000159a6      0xf17 CMakeFiles/CANSimulator.elf.dir/Middlewares/Third_Party/FreeRTOS/Source/timers.c.obj

.debug_aranges  0x0000000000000000     0x15c0
 .debug_aranges
                0x0000000000000000       0x68 CMakeFiles/CANSimulator.elf.dir/Core/Src/main.c.obj
 .debug_aranges
                0x0000000000000068       0x50 CMakeFiles/CANSimulator.elf.dir/Core/Src/stm32f3xx_hal_msp.c.obj
 .debug_aranges
                0x00000000000000b8       0x30 CMakeFiles/CANSimulator.elf.dir/Core/Src/stm32f3xx_hal_timebase_tim.c.obj
 .debug_aranges
                0x00000000000000e8       0x50 CMakeFiles/CANSimulator.elf.dir/Core/Src/stm32f3xx_it.c.obj
 .debug_aranges
                0x0000000000000138       0x28 CMakeFiles/CANSimulator.elf.dir/Core/Src/system_stm32f3xx.c.obj
 .debug_aranges
                0x0000000000000160       0x28 CMakeFiles/CANSimulator.elf.dir/Core/Startup/startup_stm32f303k8tx.s.obj
 .debug_aranges
                0x0000000000000188       0xe0 CMakeFiles/CANSimulator.elf.dir/Drivers/STM32F3xx_HAL_Driver/Src/stm32f3xx_hal.c.obj
 .debug_aranges
                0x0000000000000268      0x138 CMakeFiles/CANSimulator.elf.dir/Drivers/STM32F3xx_HAL_Driver/Src/stm32f3xx_hal_can.c.obj
 .debug_aranges
                0x00000000000003a0       0x90 CMakeFiles/CANSimulator.elf.dir/Drivers/STM32F3xx_HAL_Driver/Src/stm32f3xx_hal_cortex.c.obj
 .debug_aranges
                0x0000000000000430       0x58 CMakeFiles/CANSimulator.elf.dir/Drivers/STM32F3xx_HAL_Driver/Src/stm32f3xx_hal_gpio.c.obj
 .debug_aranges
                0x0000000000000488       0x88 CMakeFiles/CANSimulator.elf.dir/Drivers/STM32F3xx_HAL_Driver/Src/stm32f3xx_hal_rcc.c.obj
 .debug_aranges
                0x0000000000000510       0x38 CMakeFiles/CANSimulator.elf.dir/Drivers/STM32F3xx_HAL_Driver/Src/stm32f3xx_hal_rcc_ex.c.obj
 .debug_aranges
                0x0000000000000548      0x1d8 CMakeFiles/CANSimulator.elf.dir/Drivers/STM32F3xx_HAL_Driver/Src/stm32f3xx_hal_spi.c.obj
 .debug_aranges
                0x0000000000000720      0x3c8 CMakeFiles/CANSimulator.elf.dir/Drivers/STM32F3xx_HAL_Driver/Src/stm32f3xx_hal_tim.c.obj
 .debug_aranges
                0x0000000000000ae8      0x160 CMakeFiles/CANSimulator.elf.dir/Drivers/STM32F3xx_HAL_Driver/Src/stm32f3xx_hal_tim_ex.c.obj
 .debug_aranges
                0x0000000000000c48      0x210 CMakeFiles/CANSimulator.elf.dir/Drivers/STM32F3xx_HAL_Driver/Src/stm32f3xx_hal_uart.c.obj
 .debug_aranges
                0x0000000000000e58      0x228 CMakeFiles/CANSimulator.elf.dir/Middlewares/Third_Party/FreeRTOS/Source/CMSIS_RTOS_V2/cmsis_os2.c.obj
 .debug_aranges
                0x0000000000001080       0x40 CMakeFiles/CANSimulator.elf.dir/Middlewares/Third_Party/FreeRTOS/Source/list.c.obj
 .debug_aranges
                0x00000000000010c0       0x80 CMakeFiles/CANSimulator.elf.dir/Middlewares/Third_Party/FreeRTOS/Source/portable/GCC/ARM_CM4F/port.c.obj
 .debug_aranges
                0x0000000000001140       0x50 CMakeFiles/CANSimulator.elf.dir/Middlewares/Third_Party/FreeRTOS/Source/portable/MemMang/heap_4.c.obj
 .debug_aranges
                0x0000000000001190      0x158 CMakeFiles/CANSimulator.elf.dir/Middlewares/Third_Party/FreeRTOS/Source/queue.c.obj
 .debug_aranges
                0x00000000000012e8      0x1f8 CMakeFiles/CANSimulator.elf.dir/Middlewares/Third_Party/FreeRTOS/Source/tasks.c.obj
 .debug_aranges
                0x00000000000014e0       0xe0 CMakeFiles/CANSimulator.elf.dir/Middlewares/Third_Party/FreeRTOS/Source/timers.c.obj

.debug_ranges   0x0000000000000000     0x1718
 .debug_ranges  0x0000000000000000       0x58 CMakeFiles/CANSimulator.elf.dir/Core/Src/main.c.obj
 .debug_ranges  0x0000000000000058       0x40 CMakeFiles/CANSimulator.elf.dir/Core/Src/stm32f3xx_hal_msp.c.obj
 .debug_ranges  0x0000000000000098       0x20 CMakeFiles/CANSimulator.elf.dir/Core/Src/stm32f3xx_hal_timebase_tim.c.obj
 .debug_ranges  0x00000000000000b8       0x40 CMakeFiles/CANSimulator.elf.dir/Core/Src/stm32f3xx_it.c.obj
 .debug_ranges  0x00000000000000f8       0x18 CMakeFiles/CANSimulator.elf.dir/Core/Src/system_stm32f3xx.c.obj
 .debug_ranges  0x0000000000000110       0x20 CMakeFiles/CANSimulator.elf.dir/Core/Startup/startup_stm32f303k8tx.s.obj
 .debug_ranges  0x0000000000000130       0xd0 CMakeFiles/CANSimulator.elf.dir/Drivers/STM32F3xx_HAL_Driver/Src/stm32f3xx_hal.c.obj
 .debug_ranges  0x0000000000000200      0x128 CMakeFiles/CANSimulator.elf.dir/Drivers/STM32F3xx_HAL_Driver/Src/stm32f3xx_hal_can.c.obj
 .debug_ranges  0x0000000000000328       0xe0 CMakeFiles/CANSimulator.elf.dir/Drivers/STM32F3xx_HAL_Driver/Src/stm32f3xx_hal_cortex.c.obj
 .debug_ranges  0x0000000000000408       0x48 CMakeFiles/CANSimulator.elf.dir/Drivers/STM32F3xx_HAL_Driver/Src/stm32f3xx_hal_gpio.c.obj
 .debug_ranges  0x0000000000000450       0x98 CMakeFiles/CANSimulator.elf.dir/Drivers/STM32F3xx_HAL_Driver/Src/stm32f3xx_hal_rcc.c.obj
 .debug_ranges  0x00000000000004e8       0x40 CMakeFiles/CANSimulator.elf.dir/Drivers/STM32F3xx_HAL_Driver/Src/stm32f3xx_hal_rcc_ex.c.obj
 .debug_ranges  0x0000000000000528      0x1c8 CMakeFiles/CANSimulator.elf.dir/Drivers/STM32F3xx_HAL_Driver/Src/stm32f3xx_hal_spi.c.obj
 .debug_ranges  0x00000000000006f0      0x3b8 CMakeFiles/CANSimulator.elf.dir/Drivers/STM32F3xx_HAL_Driver/Src/stm32f3xx_hal_tim.c.obj
 .debug_ranges  0x0000000000000aa8      0x150 CMakeFiles/CANSimulator.elf.dir/Drivers/STM32F3xx_HAL_Driver/Src/stm32f3xx_hal_tim_ex.c.obj
 .debug_ranges  0x0000000000000bf8      0x200 CMakeFiles/CANSimulator.elf.dir/Drivers/STM32F3xx_HAL_Driver/Src/stm32f3xx_hal_uart.c.obj
 .debug_ranges  0x0000000000000df8      0x218 CMakeFiles/CANSimulator.elf.dir/Middlewares/Third_Party/FreeRTOS/Source/CMSIS_RTOS_V2/cmsis_os2.c.obj
 .debug_ranges  0x0000000000001010       0x30 CMakeFiles/CANSimulator.elf.dir/Middlewares/Third_Party/FreeRTOS/Source/list.c.obj
 .debug_ranges  0x0000000000001040       0x88 CMakeFiles/CANSimulator.elf.dir/Middlewares/Third_Party/FreeRTOS/Source/portable/GCC/ARM_CM4F/port.c.obj
 .debug_ranges  0x00000000000010c8       0x40 CMakeFiles/CANSimulator.elf.dir/Middlewares/Third_Party/FreeRTOS/Source/portable/MemMang/heap_4.c.obj
 .debug_ranges  0x0000000000001108      0x218 CMakeFiles/CANSimulator.elf.dir/Middlewares/Third_Party/FreeRTOS/Source/queue.c.obj
 .debug_ranges  0x0000000000001320      0x328 CMakeFiles/CANSimulator.elf.dir/Middlewares/Third_Party/FreeRTOS/Source/tasks.c.obj
 .debug_ranges  0x0000000000001648       0xd0 CMakeFiles/CANSimulator.elf.dir/Middlewares/Third_Party/FreeRTOS/Source/timers.c.obj

.debug_line     0x0000000000000000    0x19db6
 .debug_line    0x0000000000000000      0x7e9 CMakeFiles/CANSimulator.elf.dir/Core/Src/main.c.obj
 .debug_line    0x00000000000007e9      0x587 CMakeFiles/CANSimulator.elf.dir/Core/Src/stm32f3xx_hal_msp.c.obj
 .debug_line    0x0000000000000d70      0x421 CMakeFiles/CANSimulator.elf.dir/Core/Src/stm32f3xx_hal_timebase_tim.c.obj
 .debug_line    0x0000000000001191      0x40a CMakeFiles/CANSimulator.elf.dir/Core/Src/stm32f3xx_it.c.obj
 .debug_line    0x000000000000159b      0x3c9 CMakeFiles/CANSimulator.elf.dir/Core/Src/system_stm32f3xx.c.obj
 .debug_line    0x0000000000001964       0xd4 CMakeFiles/CANSimulator.elf.dir/Core/Startup/startup_stm32f303k8tx.s.obj
 .debug_line    0x0000000000001a38      0x66a CMakeFiles/CANSimulator.elf.dir/Drivers/STM32F3xx_HAL_Driver/Src/stm32f3xx_hal.c.obj
 .debug_line    0x00000000000020a2     0x1262 CMakeFiles/CANSimulator.elf.dir/Drivers/STM32F3xx_HAL_Driver/Src/stm32f3xx_hal_can.c.obj
 .debug_line    0x0000000000003304      0x7b6 CMakeFiles/CANSimulator.elf.dir/Drivers/STM32F3xx_HAL_Driver/Src/stm32f3xx_hal_cortex.c.obj
 .debug_line    0x0000000000003aba      0x7fc CMakeFiles/CANSimulator.elf.dir/Drivers/STM32F3xx_HAL_Driver/Src/stm32f3xx_hal_gpio.c.obj
 .debug_line    0x00000000000042b6     0x130d CMakeFiles/CANSimulator.elf.dir/Drivers/STM32F3xx_HAL_Driver/Src/stm32f3xx_hal_rcc.c.obj
 .debug_line    0x00000000000055c3      0x842 CMakeFiles/CANSimulator.elf.dir/Drivers/STM32F3xx_HAL_Driver/Src/stm32f3xx_hal_rcc_ex.c.obj
 .debug_line    0x0000000000005e05     0x2999 CMakeFiles/CANSimulator.elf.dir/Drivers/STM32F3xx_HAL_Driver/Src/stm32f3xx_hal_spi.c.obj
 .debug_line    0x000000000000879e     0x3b30 CMakeFiles/CANSimulator.elf.dir/Drivers/STM32F3xx_HAL_Driver/Src/stm32f3xx_hal_tim.c.obj
 .debug_line    0x000000000000c2ce     0x1465 CMakeFiles/CANSimulator.elf.dir/Drivers/STM32F3xx_HAL_Driver/Src/stm32f3xx_hal_tim_ex.c.obj
 .debug_line    0x000000000000d733     0x2298 CMakeFiles/CANSimulator.elf.dir/Drivers/STM32F3xx_HAL_Driver/Src/stm32f3xx_hal_uart.c.obj
 .debug_line    0x000000000000f9cb     0x2f0c CMakeFiles/CANSimulator.elf.dir/Middlewares/Third_Party/FreeRTOS/Source/CMSIS_RTOS_V2/cmsis_os2.c.obj
 .debug_line    0x00000000000128d7      0x5ab CMakeFiles/CANSimulator.elf.dir/Middlewares/Third_Party/FreeRTOS/Source/list.c.obj
 .debug_line    0x0000000000012e82      0x7fb CMakeFiles/CANSimulator.elf.dir/Middlewares/Third_Party/FreeRTOS/Source/portable/GCC/ARM_CM4F/port.c.obj
 .debug_line    0x000000000001367d      0x829 CMakeFiles/CANSimulator.elf.dir/Middlewares/Third_Party/FreeRTOS/Source/portable/MemMang/heap_4.c.obj
 .debug_line    0x0000000000013ea6     0x21e4 CMakeFiles/CANSimulator.elf.dir/Middlewares/Third_Party/FreeRTOS/Source/queue.c.obj
 .debug_line    0x000000000001608a     0x2d72 CMakeFiles/CANSimulator.elf.dir/Middlewares/Third_Party/FreeRTOS/Source/tasks.c.obj
 .debug_line    0x0000000000018dfc      0xfba CMakeFiles/CANSimulator.elf.dir/Middlewares/Third_Party/FreeRTOS/Source/timers.c.obj

.debug_str      0x0000000000000000     0x7fc2
 .debug_str     0x0000000000000000     0x1482 CMakeFiles/CANSimulator.elf.dir/Core/Src/main.c.obj
                                       0x157f (size before relaxing)
 .debug_str     0x0000000000001482      0x174 CMakeFiles/CANSimulator.elf.dir/Core/Src/stm32f3xx_hal_msp.c.obj
                                        0xc7e (size before relaxing)
 .debug_str     0x00000000000015f6      0x459 CMakeFiles/CANSimulator.elf.dir/Core/Src/stm32f3xx_hal_timebase_tim.c.obj
                                        0xc05 (size before relaxing)
 .debug_str     0x0000000000001a4f       0xfb CMakeFiles/CANSimulator.elf.dir/Core/Src/stm32f3xx_it.c.obj
                                        0x7d7 (size before relaxing)
 .debug_str     0x0000000000001b4a      0x102 CMakeFiles/CANSimulator.elf.dir/Core/Src/system_stm32f3xx.c.obj
                                        0x441 (size before relaxing)
 .debug_str     0x0000000000001c4c       0x85 CMakeFiles/CANSimulator.elf.dir/Core/Startup/startup_stm32f303k8tx.s.obj
                                         0xe9 (size before relaxing)
 .debug_str     0x0000000000001cd1      0x29f CMakeFiles/CANSimulator.elf.dir/Drivers/STM32F3xx_HAL_Driver/Src/stm32f3xx_hal.c.obj
                                        0x976 (size before relaxing)
 .debug_str     0x0000000000001f70      0x5a1 CMakeFiles/CANSimulator.elf.dir/Drivers/STM32F3xx_HAL_Driver/Src/stm32f3xx_hal_can.c.obj
                                        0xbde (size before relaxing)
 .debug_str     0x0000000000002511      0x372 CMakeFiles/CANSimulator.elf.dir/Drivers/STM32F3xx_HAL_Driver/Src/stm32f3xx_hal_cortex.c.obj
                                        0xa70 (size before relaxing)
 .debug_str     0x0000000000002883      0x1ff CMakeFiles/CANSimulator.elf.dir/Drivers/STM32F3xx_HAL_Driver/Src/stm32f3xx_hal_gpio.c.obj
                                        0x64c (size before relaxing)
 .debug_str     0x0000000000002a82      0x1f8 CMakeFiles/CANSimulator.elf.dir/Drivers/STM32F3xx_HAL_Driver/Src/stm32f3xx_hal_rcc.c.obj
                                        0x7de (size before relaxing)
 .debug_str     0x0000000000002c7a      0x10d CMakeFiles/CANSimulator.elf.dir/Drivers/STM32F3xx_HAL_Driver/Src/stm32f3xx_hal_rcc_ex.c.obj
                                        0x5fc (size before relaxing)
 .debug_str     0x0000000000002d87      0x5c1 CMakeFiles/CANSimulator.elf.dir/Drivers/STM32F3xx_HAL_Driver/Src/stm32f3xx_hal_spi.c.obj
                                        0xd31 (size before relaxing)
 .debug_str     0x0000000000003348      0xea6 CMakeFiles/CANSimulator.elf.dir/Drivers/STM32F3xx_HAL_Driver/Src/stm32f3xx_hal_tim.c.obj
                                       0x16ae (size before relaxing)
 .debug_str     0x00000000000041ee      0x5f5 CMakeFiles/CANSimulator.elf.dir/Drivers/STM32F3xx_HAL_Driver/Src/stm32f3xx_hal_tim_ex.c.obj
                                        0xeb4 (size before relaxing)
 .debug_str     0x00000000000047e3      0x74f CMakeFiles/CANSimulator.elf.dir/Drivers/STM32F3xx_HAL_Driver/Src/stm32f3xx_hal_uart.c.obj
                                        0xfbf (size before relaxing)
 .debug_str     0x0000000000004f32     0x15f6 CMakeFiles/CANSimulator.elf.dir/Middlewares/Third_Party/FreeRTOS/Source/CMSIS_RTOS_V2/cmsis_os2.c.obj
                                       0x1d9b (size before relaxing)
 .debug_str     0x0000000000006528      0x192 CMakeFiles/CANSimulator.elf.dir/Middlewares/Third_Party/FreeRTOS/Source/list.c.obj
                                        0x7bf (size before relaxing)
 .debug_str     0x00000000000066ba      0x29f CMakeFiles/CANSimulator.elf.dir/Middlewares/Third_Party/FreeRTOS/Source/portable/GCC/ARM_CM4F/port.c.obj
                                        0x545 (size before relaxing)
 .debug_str     0x0000000000006959      0x237 CMakeFiles/CANSimulator.elf.dir/Middlewares/Third_Party/FreeRTOS/Source/portable/MemMang/heap_4.c.obj
                                        0x8a8 (size before relaxing)
 .debug_str     0x0000000000006b90      0x62a CMakeFiles/CANSimulator.elf.dir/Middlewares/Third_Party/FreeRTOS/Source/queue.c.obj
                                       0x113d (size before relaxing)
 .debug_str     0x00000000000071ba      0x8e4 CMakeFiles/CANSimulator.elf.dir/Middlewares/Third_Party/FreeRTOS/Source/tasks.c.obj
                                       0x1739 (size before relaxing)
 .debug_str     0x0000000000007a9e      0x524 CMakeFiles/CANSimulator.elf.dir/Middlewares/Third_Party/FreeRTOS/Source/timers.c.obj
                                       0x10b0 (size before relaxing)

.comment        0x0000000000000000       0x79
 .comment       0x0000000000000000       0x79 CMakeFiles/CANSimulator.elf.dir/Core/Src/main.c.obj
                                         0x7a (size before relaxing)
 .comment       0x0000000000000079       0x7a CMakeFiles/CANSimulator.elf.dir/Core/Src/stm32f3xx_hal_msp.c.obj
 .comment       0x0000000000000079       0x7a CMakeFiles/CANSimulator.elf.dir/Core/Src/stm32f3xx_hal_timebase_tim.c.obj
 .comment       0x0000000000000079       0x7a CMakeFiles/CANSimulator.elf.dir/Core/Src/stm32f3xx_it.c.obj
 .comment       0x0000000000000079       0x7a CMakeFiles/CANSimulator.elf.dir/Core/Src/system_stm32f3xx.c.obj
 .comment       0x0000000000000079       0x7a CMakeFiles/CANSimulator.elf.dir/Drivers/STM32F3xx_HAL_Driver/Src/stm32f3xx_hal.c.obj
 .comment       0x0000000000000079       0x7a CMakeFiles/CANSimulator.elf.dir/Drivers/STM32F3xx_HAL_Driver/Src/stm32f3xx_hal_can.c.obj
 .comment       0x0000000000000079       0x7a CMakeFiles/CANSimulator.elf.dir/Drivers/STM32F3xx_HAL_Driver/Src/stm32f3xx_hal_cortex.c.obj
 .comment       0x0000000000000079       0x7a CMakeFiles/CANSimulator.elf.dir/Drivers/STM32F3xx_HAL_Driver/Src/stm32f3xx_hal_gpio.c.obj
 .comment       0x0000000000000079       0x7a CMakeFiles/CANSimulator.elf.dir/Drivers/STM32F3xx_HAL_Driver/Src/stm32f3xx_hal_rcc.c.obj
 .comment       0x0000000000000079       0x7a CMakeFiles/CANSimulator.elf.dir/Drivers/STM32F3xx_HAL_Driver/Src/stm32f3xx_hal_rcc_ex.c.obj
 .comment       0x0000000000000079       0x7a CMakeFiles/CANSimulator.elf.dir/Drivers/STM32F3xx_HAL_Driver/Src/stm32f3xx_hal_spi.c.obj
 .comment       0x0000000000000079       0x7a CMakeFiles/CANSimulator.elf.dir/Drivers/STM32F3xx_HAL_Driver/Src/stm32f3xx_hal_tim.c.obj
 .comment       0x0000000000000079       0x7a CMakeFiles/CANSimulator.elf.dir/Drivers/STM32F3xx_HAL_Driver/Src/stm32f3xx_hal_tim_ex.c.obj
 .comment       0x0000000000000079       0x7a CMakeFiles/CANSimulator.elf.dir/Drivers/STM32F3xx_HAL_Driver/Src/stm32f3xx_hal_uart.c.obj
 .comment       0x0000000000000079       0x7a CMakeFiles/CANSimulator.elf.dir/Middlewares/Third_Party/FreeRTOS/Source/CMSIS_RTOS_V2/cmsis_os2.c.obj
 .comment       0x0000000000000079       0x7a CMakeFiles/CANSimulator.elf.dir/Middlewares/Third_Party/FreeRTOS/Source/list.c.obj
 .comment       0x0000000000000079       0x7a CMakeFiles/CANSimulator.elf.dir/Middlewares/Third_Party/FreeRTOS/Source/portable/GCC/ARM_CM4F/port.c.obj
 .comment       0x0000000000000079       0x7a CMakeFiles/CANSimulator.elf.dir/Middlewares/Third_Party/FreeRTOS/Source/portable/MemMang/heap_4.c.obj
 .comment       0x0000000000000079       0x7a CMakeFiles/CANSimulator.elf.dir/Middlewares/Third_Party/FreeRTOS/Source/queue.c.obj
 .comment       0x0000000000000079       0x7a CMakeFiles/CANSimulator.elf.dir/Middlewares/Third_Party/FreeRTOS/Source/tasks.c.obj
 .comment       0x0000000000000079       0x7a CMakeFiles/CANSimulator.elf.dir/Middlewares/Third_Party/FreeRTOS/Source/timers.c.obj

.debug_frame    0x0000000000000000     0x3f24
 .debug_frame   0x0000000000000000      0x104 CMakeFiles/CANSimulator.elf.dir/Core/Src/main.c.obj
 .debug_frame   0x0000000000000104       0xd0 CMakeFiles/CANSimulator.elf.dir/Core/Src/stm32f3xx_hal_msp.c.obj
 .debug_frame   0x00000000000001d4       0x50 CMakeFiles/CANSimulator.elf.dir/Core/Src/stm32f3xx_hal_timebase_tim.c.obj
 .debug_frame   0x0000000000000224       0x88 CMakeFiles/CANSimulator.elf.dir/Core/Src/stm32f3xx_it.c.obj
 .debug_frame   0x00000000000002ac       0x30 CMakeFiles/CANSimulator.elf.dir/Core/Src/system_stm32f3xx.c.obj
 .debug_frame   0x00000000000002dc      0x1cc CMakeFiles/CANSimulator.elf.dir/Drivers/STM32F3xx_HAL_Driver/Src/stm32f3xx_hal.c.obj
 .debug_frame   0x00000000000004a8      0x2dc CMakeFiles/CANSimulator.elf.dir/Drivers/STM32F3xx_HAL_Driver/Src/stm32f3xx_hal_can.c.obj
 .debug_frame   0x0000000000000784      0x12c CMakeFiles/CANSimulator.elf.dir/Drivers/STM32F3xx_HAL_Driver/Src/stm32f3xx_hal_cortex.c.obj
 .debug_frame   0x00000000000008b0       0xd0 CMakeFiles/CANSimulator.elf.dir/Drivers/STM32F3xx_HAL_Driver/Src/stm32f3xx_hal_gpio.c.obj
 .debug_frame   0x0000000000000980      0x170 CMakeFiles/CANSimulator.elf.dir/Drivers/STM32F3xx_HAL_Driver/Src/stm32f3xx_hal_rcc.c.obj
 .debug_frame   0x0000000000000af0       0x78 CMakeFiles/CANSimulator.elf.dir/Drivers/STM32F3xx_HAL_Driver/Src/stm32f3xx_hal_rcc_ex.c.obj
 .debug_frame   0x0000000000000b68      0x5c0 CMakeFiles/CANSimulator.elf.dir/Drivers/STM32F3xx_HAL_Driver/Src/stm32f3xx_hal_spi.c.obj
 .debug_frame   0x0000000000001128      0xaf8 CMakeFiles/CANSimulator.elf.dir/Drivers/STM32F3xx_HAL_Driver/Src/stm32f3xx_hal_tim.c.obj
 .debug_frame   0x0000000000001c20      0x3f8 CMakeFiles/CANSimulator.elf.dir/Drivers/STM32F3xx_HAL_Driver/Src/stm32f3xx_hal_tim_ex.c.obj
 .debug_frame   0x0000000000002018      0x5c4 CMakeFiles/CANSimulator.elf.dir/Drivers/STM32F3xx_HAL_Driver/Src/stm32f3xx_hal_uart.c.obj
 .debug_frame   0x00000000000025dc      0x7b0 CMakeFiles/CANSimulator.elf.dir/Middlewares/Third_Party/FreeRTOS/Source/CMSIS_RTOS_V2/cmsis_os2.c.obj
 .debug_frame   0x0000000000002d8c       0x70 CMakeFiles/CANSimulator.elf.dir/Middlewares/Third_Party/FreeRTOS/Source/list.c.obj
 .debug_frame   0x0000000000002dfc      0x10c CMakeFiles/CANSimulator.elf.dir/Middlewares/Third_Party/FreeRTOS/Source/portable/GCC/ARM_CM4F/port.c.obj
 .debug_frame   0x0000000000002f08       0xac CMakeFiles/CANSimulator.elf.dir/Middlewares/Third_Party/FreeRTOS/Source/portable/MemMang/heap_4.c.obj
 .debug_frame   0x0000000000002fb4      0x45c CMakeFiles/CANSimulator.elf.dir/Middlewares/Third_Party/FreeRTOS/Source/queue.c.obj
 .debug_frame   0x0000000000003410      0x644 CMakeFiles/CANSimulator.elf.dir/Middlewares/Third_Party/FreeRTOS/Source/tasks.c.obj
 .debug_frame   0x0000000000003a54      0x2cc CMakeFiles/CANSimulator.elf.dir/Middlewares/Third_Party/FreeRTOS/Source/timers.c.obj
 .debug_frame   0x0000000000003d20       0x2c /usr/local/Cellar/arm-none-eabi-gcc/9-2019-q4-major/gcc/bin/../lib/gcc/arm-none-eabi/9.2.1/../../../../arm-none-eabi/lib/thumb/v7e-m+fp/hard/libg.a(lib_a-init.o)
 .debug_frame   0x0000000000003d4c       0x38 /usr/local/Cellar/arm-none-eabi-gcc/9-2019-q4-major/gcc/bin/../lib/gcc/arm-none-eabi/9.2.1/../../../../arm-none-eabi/lib/thumb/v7e-m+fp/hard/libg.a(lib_a-memset.o)
 .debug_frame   0x0000000000003d84       0x68 /usr/local/Cellar/arm-none-eabi-gcc/9-2019-q4-major/gcc/bin/../lib/gcc/arm-none-eabi/9.2.1/../../../../arm-none-eabi/lib/thumb/v7e-m+fp/hard/libg.a(lib_a-__call_atexit.o)