Archive member included to satisfy reference by file (symbol)

/usr/local/Cellar/arm-none-eabi-gcc/9-2019-q4-major/gcc/bin/../lib/gcc/arm-none-eabi/9.2.1/../../../../arm-none-eabi/lib/thumb/v7e-m+fp/hard/libc.a(lib_a-errno.o)
                              CMakeFiles/ControlBoard2.elf.dir/Core/Src/syscalls.c.obj (__errno)
/usr/local/Cellar/arm-none-eabi-gcc/9-2019-q4-major/gcc/bin/../lib/gcc/arm-none-eabi/9.2.1/../../../../arm-none-eabi/lib/thumb/v7e-m+fp/hard/libc.a(lib_a-exit.o)
                              /usr/local/Cellar/arm-none-eabi-gcc/9-2019-q4-major/gcc/bin/../lib/gcc/arm-none-eabi/9.2.1/../../../../arm-none-eabi/lib/thumb/v7e-m+fp/hard/crt0.o (exit)
/usr/local/Cellar/arm-none-eabi-gcc/9-2019-q4-major/gcc/bin/../lib/gcc/arm-none-eabi/9.2.1/../../../../arm-none-eabi/lib/thumb/v7e-m+fp/hard/libc.a(lib_a-impure.o)
                              /usr/local/Cellar/arm-none-eabi-gcc/9-2019-q4-major/gcc/bin/../lib/gcc/arm-none-eabi/9.2.1/../../../../arm-none-eabi/lib/thumb/v7e-m+fp/hard/libc.a(lib_a-exit.o) (_global_impure_ptr)
/usr/local/Cellar/arm-none-eabi-gcc/9-2019-q4-major/gcc/bin/../lib/gcc/arm-none-eabi/9.2.1/../../../../arm-none-eabi/lib/thumb/v7e-m+fp/hard/libc.a(lib_a-init.o)
                              /usr/local/Cellar/arm-none-eabi-gcc/9-2019-q4-major/gcc/bin/../lib/gcc/arm-none-eabi/9.2.1/../../../../arm-none-eabi/lib/thumb/v7e-m+fp/hard/crt0.o (__libc_init_array)
/usr/local/Cellar/arm-none-eabi-gcc/9-2019-q4-major/gcc/bin/../lib/gcc/arm-none-eabi/9.2.1/../../../../arm-none-eabi/lib/thumb/v7e-m+fp/hard/libc.a(lib_a-memcpy.o)
                              CMakeFiles/ControlBoard2.elf.dir/Middlewares/Third_Party/FreeRTOS/Source/CMSIS_RTOS_V2/cmsis_os2.c.obj (memcpy)
/usr/local/Cellar/arm-none-eabi-gcc/9-2019-q4-major/gcc/bin/../lib/gcc/arm-none-eabi/9.2.1/../../../../arm-none-eabi/lib/thumb/v7e-m+fp/hard/libc.a(lib_a-memset.o)
                              /usr/local/Cellar/arm-none-eabi-gcc/9-2019-q4-major/gcc/bin/../lib/gcc/arm-none-eabi/9.2.1/../../../../arm-none-eabi/lib/thumb/v7e-m+fp/hard/crt0.o (memset)
/usr/local/Cellar/arm-none-eabi-gcc/9-2019-q4-major/gcc/bin/../lib/gcc/arm-none-eabi/9.2.1/../../../../arm-none-eabi/lib/thumb/v7e-m+fp/hard/libc.a(lib_a-__call_atexit.o)
                              /usr/local/Cellar/arm-none-eabi-gcc/9-2019-q4-major/gcc/bin/../lib/gcc/arm-none-eabi/9.2.1/../../../../arm-none-eabi/lib/thumb/v7e-m+fp/hard/libc.a(lib_a-exit.o) (__call_exitprocs)
/usr/local/Cellar/arm-none-eabi-gcc/9-2019-q4-major/gcc/bin/../lib/gcc/arm-none-eabi/9.2.1/../../../../arm-none-eabi/lib/thumb/v7e-m+fp/hard/libc.a(lib_a-atexit.o)
                              /usr/local/Cellar/arm-none-eabi-gcc/9-2019-q4-major/gcc/bin/../lib/gcc/arm-none-eabi/9.2.1/../../../../arm-none-eabi/lib/thumb/v7e-m+fp/hard/libc.a(lib_a-__call_atexit.o) (atexit)
/usr/local/Cellar/arm-none-eabi-gcc/9-2019-q4-major/gcc/bin/../lib/gcc/arm-none-eabi/9.2.1/../../../../arm-none-eabi/lib/thumb/v7e-m+fp/hard/libc.a(lib_a-fini.o)
                              /usr/local/Cellar/arm-none-eabi-gcc/9-2019-q4-major/gcc/bin/../lib/gcc/arm-none-eabi/9.2.1/../../../../arm-none-eabi/lib/thumb/v7e-m+fp/hard/libc.a(lib_a-__call_atexit.o) (__libc_fini_array)
/usr/local/Cellar/arm-none-eabi-gcc/9-2019-q4-major/gcc/bin/../lib/gcc/arm-none-eabi/9.2.1/../../../../arm-none-eabi/lib/thumb/v7e-m+fp/hard/libc.a(lib_a-lock.o)
                              /usr/local/Cellar/arm-none-eabi-gcc/9-2019-q4-major/gcc/bin/../lib/gcc/arm-none-eabi/9.2.1/../../../../arm-none-eabi/lib/thumb/v7e-m+fp/hard/libc.a(lib_a-__call_atexit.o) (__retarget_lock_acquire_recursive)
/usr/local/Cellar/arm-none-eabi-gcc/9-2019-q4-major/gcc/bin/../lib/gcc/arm-none-eabi/9.2.1/../../../../arm-none-eabi/lib/thumb/v7e-m+fp/hard/libc.a(lib_a-__atexit.o)
                              /usr/local/Cellar/arm-none-eabi-gcc/9-2019-q4-major/gcc/bin/../lib/gcc/arm-none-eabi/9.2.1/../../../../arm-none-eabi/lib/thumb/v7e-m+fp/hard/libc.a(lib_a-atexit.o) (__register_exitproc)

Allocating common symbols
Common symbol       size              file

__lock___atexit_recursive_mutex
                    0x1               /usr/local/Cellar/arm-none-eabi-gcc/9-2019-q4-major/gcc/bin/../lib/gcc/arm-none-eabi/9.2.1/../../../../arm-none-eabi/lib/thumb/v7e-m+fp/hard/libc.a(lib_a-lock.o)
__lock___arc4random_mutex
                    0x1               /usr/local/Cellar/arm-none-eabi-gcc/9-2019-q4-major/gcc/bin/../lib/gcc/arm-none-eabi/9.2.1/../../../../arm-none-eabi/lib/thumb/v7e-m+fp/hard/libc.a(lib_a-lock.o)
__lock___env_recursive_mutex
                    0x1               /usr/local/Cellar/arm-none-eabi-gcc/9-2019-q4-major/gcc/bin/../lib/gcc/arm-none-eabi/9.2.1/../../../../arm-none-eabi/lib/thumb/v7e-m+fp/hard/libc.a(lib_a-lock.o)
__lock___sinit_recursive_mutex
                    0x1               /usr/local/Cellar/arm-none-eabi-gcc/9-2019-q4-major/gcc/bin/../lib/gcc/arm-none-eabi/9.2.1/../../../../arm-none-eabi/lib/thumb/v7e-m+fp/hard/libc.a(lib_a-lock.o)
[...]
Memory Configuration

Name             Origin             Length             Attributes
CCMRAM           0x0000000010000000 0x0000000000001000 xrw
RAM              0x0000000020000000 0x0000000000003000 xrw
FLASH            0x0000000008000000 0x0000000000010000 xr
*default*        0x0000000000000000 0xffffffffffffffff

Linker script and memory map

LOAD /usr/local/Cellar/arm-none-eabi-gcc/9-2019-q4-major/gcc/bin/../lib/gcc/arm-none-eabi/9.2.1/thumb/v7e-m+fp/hard/crti.o
LOAD /usr/local/Cellar/arm-none-eabi-gcc/9-2019-q4-major/gcc/bin/../lib/gcc/arm-none-eabi/9.2.1/thumb/v7e-m+fp/hard/crtbegin.o
LOAD /usr/local/Cellar/arm-none-eabi-gcc/9-2019-q4-major/gcc/bin/../lib/gcc/arm-none-eabi/9.2.1/../../../../arm-none-eabi/lib/thumb/v7e-m+fp/hard/crt0.o
LOAD CMakeFiles/ControlBoard2.elf.dir/Core/Src/freertos.c.obj
LOAD CMakeFiles/ControlBoard2.elf.dir/Core/Src/main.c.obj
LOAD CMakeFiles/ControlBoard2.elf.dir/Core/Src/stm32f3xx_hal_msp.c.obj
LOAD CMakeFiles/ControlBoard2.elf.dir/Core/Src/stm32f3xx_hal_timebase_tim.c.obj
LOAD CMakeFiles/ControlBoard2.elf.dir/Core/Src/stm32f3xx_it.c.obj
LOAD CMakeFiles/ControlBoard2.elf.dir/Core/Src/syscalls.c.obj
LOAD CMakeFiles/ControlBoard2.elf.dir/Core/Src/sysmem.c.obj
LOAD CMakeFiles/ControlBoard2.elf.dir/Core/Src/system_stm32f3xx.c.obj
LOAD CMakeFiles/ControlBoard2.elf.dir/Core/Startup/startup_stm32f303k8tx.s.obj
LOAD CMakeFiles/ControlBoard2.elf.dir/Drivers/STM32F3xx_HAL_Driver/Src/stm32f3xx_hal.c.obj
LOAD CMakeFiles/ControlBoard2.elf.dir/Drivers/STM32F3xx_HAL_Driver/Src/stm32f3xx_hal_can.c.obj
LOAD CMakeFiles/ControlBoard2.elf.dir/Drivers/STM32F3xx_HAL_Driver/Src/stm32f3xx_hal_cortex.c.obj
LOAD CMakeFiles/ControlBoard2.elf.dir/Drivers/STM32F3xx_HAL_Driver/Src/stm32f3xx_hal_dma.c.obj
LOAD CMakeFiles/ControlBoard2.elf.dir/Drivers/STM32F3xx_HAL_Driver/Src/stm32f3xx_hal_exti.c.obj
LOAD CMakeFiles/ControlBoard2.elf.dir/Drivers/STM32F3xx_HAL_Driver/Src/stm32f3xx_hal_flash.c.obj
LOAD CMakeFiles/ControlBoard2.elf.dir/Drivers/STM32F3xx_HAL_Driver/Src/stm32f3xx_hal_flash_ex.c.obj
LOAD CMakeFiles/ControlBoard2.elf.dir/Drivers/STM32F3xx_HAL_Driver/Src/stm32f3xx_hal_gpio.c.obj
LOAD CMakeFiles/ControlBoard2.elf.dir/Drivers/STM32F3xx_HAL_Driver/Src/stm32f3xx_hal_i2c.c.obj
LOAD CMakeFiles/ControlBoard2.elf.dir/Drivers/STM32F3xx_HAL_Driver/Src/stm32f3xx_hal_i2c_ex.c.obj
LOAD CMakeFiles/ControlBoard2.elf.dir/Drivers/STM32F3xx_HAL_Driver/Src/stm32f3xx_hal_pwr.c.obj
LOAD CMakeFiles/ControlBoard2.elf.dir/Drivers/STM32F3xx_HAL_Driver/Src/stm32f3xx_hal_pwr_ex.c.obj
LOAD CMakeFiles/ControlBoard2.elf.dir/Drivers/STM32F3xx_HAL_Driver/Src/stm32f3xx_hal_rcc.c.obj
LOAD CMakeFiles/ControlBoard2.elf.dir/Drivers/STM32F3xx_HAL_Driver/Src/stm32f3xx_hal_rcc_ex.c.obj
LOAD CMakeFiles/ControlBoard2.elf.dir/Drivers/STM32F3xx_HAL_Driver/Src/stm32f3xx_hal_spi.c.obj
LOAD CMakeFiles/ControlBoard2.elf.dir/Drivers/STM32F3xx_HAL_Driver/Src/stm32f3xx_hal_spi_ex.c.obj
LOAD CMakeFiles/ControlBoard2.elf.dir/Drivers/STM32F3xx_HAL_Driver/Src/stm32f3xx_hal_tim.c.obj
LOAD CMakeFiles/ControlBoard2.elf.dir/Drivers/STM32F3xx_HAL_Driver/Src/stm32f3xx_hal_tim_ex.c.obj
LOAD CMakeFiles/ControlBoard2.elf.dir/Drivers/STM32F3xx_HAL_Driver/Src/stm32f3xx_hal_uart.c.obj
LOAD CMakeFiles/ControlBoard2.elf.dir/Drivers/STM32F3xx_HAL_Driver/Src/stm32f3xx_hal_uart_ex.c.obj
LOAD CMakeFiles/ControlBoard2.elf.dir/Middlewares/Third_Party/FreeRTOS/Source/CMSIS_RTOS_V2/cmsis_os2.c.obj
LOAD CMakeFiles/ControlBoard2.elf.dir/Middlewares/Third_Party/FreeRTOS/Source/croutine.c.obj
LOAD CMakeFiles/ControlBoard2.elf.dir/Middlewares/Third_Party/FreeRTOS/Source/event_groups.c.obj
LOAD CMakeFiles/ControlBoard2.elf.dir/Middlewares/Third_Party/FreeRTOS/Source/list.c.obj
LOAD CMakeFiles/ControlBoard2.elf.dir/Middlewares/Third_Party/FreeRTOS/Source/portable/GCC/ARM_CM4F/port.c.obj
LOAD CMakeFiles/ControlBoard2.elf.dir/Middlewares/Third_Party/FreeRTOS/Source/portable/MemMang/heap_4.c.obj
LOAD CMakeFiles/ControlBoard2.elf.dir/Middlewares/Third_Party/FreeRTOS/Source/queue.c.obj
LOAD CMakeFiles/ControlBoard2.elf.dir/Middlewares/Third_Party/FreeRTOS/Source/stream_buffer.c.obj
LOAD CMakeFiles/ControlBoard2.elf.dir/Middlewares/Third_Party/FreeRTOS/Source/tasks.c.obj
LOAD CMakeFiles/ControlBoard2.elf.dir/Middlewares/Third_Party/FreeRTOS/Source/timers.c.obj
START GROUP
LOAD /usr/local/Cellar/arm-none-eabi-gcc/9-2019-q4-major/gcc/bin/../lib/gcc/arm-none-eabi/9.2.1/thumb/v7e-m+fp/hard/libgcc.a
LOAD /usr/local/Cellar/arm-none-eabi-gcc/9-2019-q4-major/gcc/bin/../lib/gcc/arm-none-eabi/9.2.1/../../../../arm-none-eabi/lib/thumb/v7e-m+fp/hard/libc.a
END GROUP
LOAD /usr/local/Cellar/arm-none-eabi-gcc/9-2019-q4-major/gcc/bin/../lib/gcc/arm-none-eabi/9.2.1/thumb/v7e-m+fp/hard/crtend.o
LOAD /usr/local/Cellar/arm-none-eabi-gcc/9-2019-q4-major/gcc/bin/../lib/gcc/arm-none-eabi/9.2.1/thumb/v7e-m+fp/hard/crtn.o
                0x0000000020003000                _estack = (ORIGIN (RAM) + LENGTH (RAM))
                0x0000000000000200                _Min_Heap_Size = 0x200
                0x0000000000000400                _Min_Stack_Size = 0x400

.isr_vector     0x0000000008000000      0x188
                0x0000000008000000                . = ALIGN (0x4)
 *(.isr_vector)
 .isr_vector    0x0000000008000000      0x188 CMakeFiles/ControlBoard2.elf.dir/Core/Startup/startup_stm32f303k8tx.s.obj
                0x0000000008000000                g_pfnVectors
                0x0000000008000188                . = ALIGN (0x4)

.text           0x0000000008000190     0x3c04
                0x0000000008000190                . = ALIGN (0x4)
 *(.text)
 .text          0x0000000008000190       0x40 /usr/local/Cellar/arm-none-eabi-gcc/9-2019-q4-major/gcc/bin/../lib/gcc/arm-none-eabi/9.2.1/thumb/v7e-m+fp/hard/crtbegin.o
 .text          0x00000000080001d0      0x134 /usr/local/Cellar/arm-none-eabi-gcc/9-2019-q4-major/gcc/bin/../lib/gcc/arm-none-eabi/9.2.1/../../../../arm-none-eabi/lib/thumb/v7e-m+fp/hard/libc.a(lib_a-memcpy.o)
                0x00000000080001d0                memcpy
 *(.text*)
 .text.MX_GPIO_Init
                0x0000000008000304       0x44 CMakeFiles/ControlBoard2.elf.dir/Core/Src/main.c.obj
 .text.MX_CAN_Init
                0x0000000008000348       0x30 CMakeFiles/ControlBoard2.elf.dir/Core/Src/main.c.obj
 .text.MX_I2C1_Init
                0x0000000008000378       0x44 CMakeFiles/ControlBoard2.elf.dir/Core/Src/main.c.obj
 .text.MX_SPI1_Init
                0x00000000080003bc       0x44 CMakeFiles/ControlBoard2.elf.dir/Core/Src/main.c.obj
 .text.MX_USART1_UART_Init
                0x0000000008000400       0x30 CMakeFiles/ControlBoard2.elf.dir/Core/Src/main.c.obj
 .text.StartDefaultTask
                0x0000000008000430        0xa CMakeFiles/ControlBoard2.elf.dir/Core/Src/main.c.obj
                0x0000000008000430                StartDefaultTask
 .text.SystemClock_Config
                0x000000000800043a       0x70 CMakeFiles/ControlBoard2.elf.dir/Core/Src/main.c.obj
                0x000000000800043a                SystemClock_Config
 *fill*         0x00000000080004aa        0x2 
 .text.main     0x00000000080004ac       0x44 CMakeFiles/ControlBoard2.elf.dir/Core/Src/main.c.obj
                0x00000000080004ac                main
 .text.HAL_TIM_PeriodElapsedCallback
                0x00000000080004f0       0x18 CMakeFiles/ControlBoard2.elf.dir/Core/Src/main.c.obj
                0x00000000080004f0                HAL_TIM_PeriodElapsedCallback
 .text.HAL_MspInit
                0x0000000008000508       0x40 CMakeFiles/ControlBoard2.elf.dir/Core/Src/stm32f3xx_hal_msp.c.obj
                0x0000000008000508                HAL_MspInit
 .text.HAL_CAN_MspInit
                0x0000000008000548       0x6c CMakeFiles/ControlBoard2.elf.dir/Core/Src/stm32f3xx_hal_msp.c.obj
                0x0000000008000548                HAL_CAN_MspInit
 .text.HAL_I2C_MspInit
                0x00000000080005b4       0x6c CMakeFiles/ControlBoard2.elf.dir/Core/Src/stm32f3xx_hal_msp.c.obj
                0x00000000080005b4                HAL_I2C_MspInit
 .text.HAL_SPI_MspInit
                0x0000000008000620       0x6c CMakeFiles/ControlBoard2.elf.dir/Core/Src/stm32f3xx_hal_msp.c.obj
                0x0000000008000620                HAL_SPI_MspInit
 .text.HAL_UART_MspInit
                0x000000000800068c       0x6c CMakeFiles/ControlBoard2.elf.dir/Core/Src/stm32f3xx_hal_msp.c.obj
                0x000000000800068c                HAL_UART_MspInit
 .text.HAL_InitTick
                0x00000000080006f8       0x78 CMakeFiles/ControlBoard2.elf.dir/Core/Src/stm32f3xx_hal_timebase_tim.c.obj
                0x00000000080006f8                HAL_InitTick
 .text.NMI_Handler
                0x0000000008000770        0x2 CMakeFiles/ControlBoard2.elf.dir/Core/Src/stm32f3xx_it.c.obj
                0x0000000008000770                NMI_Handler
 .text.HardFault_Handler
                0x0000000008000772        0x2 CMakeFiles/ControlBoard2.elf.dir/Core/Src/stm32f3xx_it.c.obj
                0x0000000008000772                HardFault_Handler
 .text.MemManage_Handler
                0x0000000008000774        0x2 CMakeFiles/ControlBoard2.elf.dir/Core/Src/stm32f3xx_it.c.obj
                0x0000000008000774                MemManage_Handler
 .text.BusFault_Handler
                0x0000000008000776        0x2 CMakeFiles/ControlBoard2.elf.dir/Core/Src/stm32f3xx_it.c.obj
                0x0000000008000776                BusFault_Handler
 .text.UsageFault_Handler
                0x0000000008000778        0x2 CMakeFiles/ControlBoard2.elf.dir/Core/Src/stm32f3xx_it.c.obj
                0x0000000008000778                UsageFault_Handler
 .text.DebugMon_Handler
                0x000000000800077a        0x2 CMakeFiles/ControlBoard2.elf.dir/Core/Src/stm32f3xx_it.c.obj
                0x000000000800077a                DebugMon_Handler
 .text.TIM1_UP_TIM16_IRQHandler
                0x000000000800077c       0x10 CMakeFiles/ControlBoard2.elf.dir/Core/Src/stm32f3xx_it.c.obj
                0x000000000800077c                TIM1_UP_TIM16_IRQHandler
 .text.SystemInit
                0x000000000800078c       0x1c CMakeFiles/ControlBoard2.elf.dir/Core/Src/system_stm32f3xx.c.obj
                0x000000000800078c                SystemInit
 .text.Reset_Handler
                0x00000000080007a8       0x50 CMakeFiles/ControlBoard2.elf.dir/Core/Startup/startup_stm32f303k8tx.s.obj
                0x00000000080007a8                Reset_Handler
 .text.Default_Handler
                0x00000000080007f8        0x2 CMakeFiles/ControlBoard2.elf.dir/Core/Startup/startup_stm32f303k8tx.s.obj
                0x00000000080007f8                TIM1_BRK_TIM15_IRQHandler
                0x00000000080007f8                TIM1_CC_IRQHandler
                0x00000000080007f8                PVD_IRQHandler
                0x00000000080007f8                TAMP_STAMP_IRQHandler
                0x00000000080007f8                EXTI3_IRQHandler
                0x00000000080007f8                EXTI0_IRQHandler
                0x00000000080007f8                FPU_IRQHandler
                0x00000000080007f8                CAN_TX_IRQHandler
                0x00000000080007f8                ADC1_2_IRQHandler
                0x00000000080007f8                SPI1_IRQHandler
                0x00000000080007f8                CAN_SCE_IRQHandler
                0x00000000080007f8                DMA1_Channel4_IRQHandler
                0x00000000080007f8                USART3_IRQHandler
                0x00000000080007f8                DMA1_Channel7_IRQHandler
                0x00000000080007f8                TIM7_DAC2_IRQHandler
                0x00000000080007f8                CAN_RX1_IRQHandler
                0x00000000080007f8                I2C1_EV_IRQHandler
                0x00000000080007f8                DMA1_Channel6_IRQHandler
                0x00000000080007f8                TIM3_IRQHandler
                0x00000000080007f8                RCC_IRQHandler
                0x00000000080007f8                DMA1_Channel1_IRQHandler
                0x00000000080007f8                Default_Handler
                0x00000000080007f8                EXTI15_10_IRQHandler
                0x00000000080007f8                COMP2_IRQHandler
                0x00000000080007f8                TIM6_DAC1_IRQHandler
                0x00000000080007f8                EXTI9_5_IRQHandler
                0x00000000080007f8                RTC_WKUP_IRQHandler
                0x00000000080007f8                DMA1_Channel5_IRQHandler
                0x00000000080007f8                EXTI4_IRQHandler
                0x00000000080007f8                TIM1_TRG_COM_TIM17_IRQHandler
                0x00000000080007f8                DMA1_Channel3_IRQHandler
                0x00000000080007f8                WWDG_IRQHandler
                0x00000000080007f8                TIM2_IRQHandler
                0x00000000080007f8                EXTI1_IRQHandler
                0x00000000080007f8                COMP4_6_IRQHandler
                0x00000000080007f8                USART2_IRQHandler
                0x00000000080007f8                DMA1_Channel2_IRQHandler
                0x00000000080007f8                FLASH_IRQHandler
                0x00000000080007f8                USART1_IRQHandler
                0x00000000080007f8                CAN_RX0_IRQHandler
                0x00000000080007f8                I2C1_ER_IRQHandler
                0x00000000080007f8                EXTI2_TSC_IRQHandler
                0x00000000080007f8                RTC_Alarm_IRQHandler
 *fill*         0x00000000080007fa        0x2 
 .text.HAL_Init
                0x00000000080007fc       0x24 CMakeFiles/ControlBoard2.elf.dir/Drivers/STM32F3xx_HAL_Driver/Src/stm32f3xx_hal.c.obj
                0x00000000080007fc                HAL_Init
 .text.HAL_IncTick
                0x0000000008000820       0x18 CMakeFiles/ControlBoard2.elf.dir/Drivers/STM32F3xx_HAL_Driver/Src/stm32f3xx_hal.c.obj
                0x0000000008000820                HAL_IncTick
 .text.HAL_GetTick
                0x0000000008000838        0xc CMakeFiles/ControlBoard2.elf.dir/Drivers/STM32F3xx_HAL_Driver/Src/stm32f3xx_hal.c.obj
                0x0000000008000838                HAL_GetTick
 .text.HAL_CAN_Init
                0x0000000008000844      0x14c CMakeFiles/ControlBoard2.elf.dir/Drivers/STM32F3xx_HAL_Driver/Src/stm32f3xx_hal_can.c.obj
                0x0000000008000844                HAL_CAN_Init
 .text.HAL_NVIC_SetPriorityGrouping
                0x0000000008000990       0x24 CMakeFiles/ControlBoard2.elf.dir/Drivers/STM32F3xx_HAL_Driver/Src/stm32f3xx_hal_cortex.c.obj
                0x0000000008000990                HAL_NVIC_SetPriorityGrouping
 .text.HAL_NVIC_SetPriority
                0x00000000080009b4       0x68 CMakeFiles/ControlBoard2.elf.dir/Drivers/STM32F3xx_HAL_Driver/Src/stm32f3xx_hal_cortex.c.obj
                0x00000000080009b4                HAL_NVIC_SetPriority
 .text.HAL_NVIC_EnableIRQ
                0x0000000008000a1c       0x1c CMakeFiles/ControlBoard2.elf.dir/Drivers/STM32F3xx_HAL_Driver/Src/stm32f3xx_hal_cortex.c.obj
                0x0000000008000a1c                HAL_NVIC_EnableIRQ
 .text.HAL_GPIO_Init
                0x0000000008000a38      0x188 CMakeFiles/ControlBoard2.elf.dir/Drivers/STM32F3xx_HAL_Driver/Src/stm32f3xx_hal_gpio.c.obj
                0x0000000008000a38                HAL_GPIO_Init
 .text.HAL_I2C_Init
                0x0000000008000bc0       0xbc CMakeFiles/ControlBoard2.elf.dir/Drivers/STM32F3xx_HAL_Driver/Src/stm32f3xx_hal_i2c.c.obj
                0x0000000008000bc0                HAL_I2C_Init
 .text.HAL_I2CEx_ConfigAnalogFilter
                0x0000000008000c7c       0x5c CMakeFiles/ControlBoard2.elf.dir/Drivers/STM32F3xx_HAL_Driver/Src/stm32f3xx_hal_i2c_ex.c.obj
                0x0000000008000c7c                HAL_I2CEx_ConfigAnalogFilter
 .text.HAL_I2CEx_ConfigDigitalFilter
                0x0000000008000cd8       0x58 CMakeFiles/ControlBoard2.elf.dir/Drivers/STM32F3xx_HAL_Driver/Src/stm32f3xx_hal_i2c_ex.c.obj
                0x0000000008000cd8                HAL_I2CEx_ConfigDigitalFilter
 .text.HAL_RCC_OscConfig
                0x0000000008000d30      0x634 CMakeFiles/ControlBoard2.elf.dir/Drivers/STM32F3xx_HAL_Driver/Src/stm32f3xx_hal_rcc.c.obj
                0x0000000008000d30                HAL_RCC_OscConfig
 .text.HAL_RCC_GetSysClockFreq
                0x0000000008001364       0x70 CMakeFiles/ControlBoard2.elf.dir/Drivers/STM32F3xx_HAL_Driver/Src/stm32f3xx_hal_rcc.c.obj
                0x0000000008001364                HAL_RCC_GetSysClockFreq
 .text.HAL_RCC_ClockConfig
                0x00000000080013d4      0x1a8 CMakeFiles/ControlBoard2.elf.dir/Drivers/STM32F3xx_HAL_Driver/Src/stm32f3xx_hal_rcc.c.obj
                0x00000000080013d4                HAL_RCC_ClockConfig
 .text.HAL_RCC_GetHCLKFreq
                0x000000000800157c        0xc CMakeFiles/ControlBoard2.elf.dir/Drivers/STM32F3xx_HAL_Driver/Src/stm32f3xx_hal_rcc.c.obj
                0x000000000800157c                HAL_RCC_GetHCLKFreq
 .text.HAL_RCC_GetPCLK1Freq
                0x0000000008001588       0x2c CMakeFiles/ControlBoard2.elf.dir/Drivers/STM32F3xx_HAL_Driver/Src/stm32f3xx_hal_rcc.c.obj
                0x0000000008001588                HAL_RCC_GetPCLK1Freq
 .text.HAL_RCC_GetPCLK2Freq
                0x00000000080015b4       0x2c CMakeFiles/ControlBoard2.elf.dir/Drivers/STM32F3xx_HAL_Driver/Src/stm32f3xx_hal_rcc.c.obj
                0x00000000080015b4                HAL_RCC_GetPCLK2Freq
 .text.HAL_RCC_GetClockConfig
                0x00000000080015e0       0x3c CMakeFiles/ControlBoard2.elf.dir/Drivers/STM32F3xx_HAL_Driver/Src/stm32f3xx_hal_rcc.c.obj
                0x00000000080015e0                HAL_RCC_GetClockConfig
 .text.HAL_RCCEx_PeriphCLKConfig
                0x000000000800161c      0x18c CMakeFiles/ControlBoard2.elf.dir/Drivers/STM32F3xx_HAL_Driver/Src/stm32f3xx_hal_rcc_ex.c.obj
                0x000000000800161c                HAL_RCCEx_PeriphCLKConfig
 .text.HAL_SPI_Init
                0x00000000080017a8       0xb0 CMakeFiles/ControlBoard2.elf.dir/Drivers/STM32F3xx_HAL_Driver/Src/stm32f3xx_hal_spi.c.obj
                0x00000000080017a8                HAL_SPI_Init
 .text.HAL_TIM_Base_MspInit
                0x0000000008001858        0x2 CMakeFiles/ControlBoard2.elf.dir/Drivers/STM32F3xx_HAL_Driver/Src/stm32f3xx_hal_tim.c.obj
                0x0000000008001858                HAL_TIM_Base_MspInit
 *fill*         0x000000000800185a        0x2 
 .text.HAL_TIM_Base_Start_IT
                0x000000000800185c       0x2c CMakeFiles/ControlBoard2.elf.dir/Drivers/STM32F3xx_HAL_Driver/Src/stm32f3xx_hal_tim.c.obj
                0x000000000800185c                HAL_TIM_Base_Start_IT
 .text.HAL_TIM_OC_DelayElapsedCallback
                0x0000000008001888        0x2 CMakeFiles/ControlBoard2.elf.dir/Drivers/STM32F3xx_HAL_Driver/Src/stm32f3xx_hal_tim.c.obj
                0x0000000008001888                HAL_TIM_OC_DelayElapsedCallback
 .text.HAL_TIM_IC_CaptureCallback
                0x000000000800188a        0x2 CMakeFiles/ControlBoard2.elf.dir/Drivers/STM32F3xx_HAL_Driver/Src/stm32f3xx_hal_tim.c.obj
                0x000000000800188a                HAL_TIM_IC_CaptureCallback
 .text.HAL_TIM_PWM_PulseFinishedCallback
                0x000000000800188c        0x2 CMakeFiles/ControlBoard2.elf.dir/Drivers/STM32F3xx_HAL_Driver/Src/stm32f3xx_hal_tim.c.obj
                0x000000000800188c                HAL_TIM_PWM_PulseFinishedCallback
 .text.HAL_TIM_TriggerCallback
                0x000000000800188e        0x2 CMakeFiles/ControlBoard2.elf.dir/Drivers/STM32F3xx_HAL_Driver/Src/stm32f3xx_hal_tim.c.obj
                0x000000000800188e                HAL_TIM_TriggerCallback
 .text.HAL_TIM_IRQHandler
                0x0000000008001890      0x19a CMakeFiles/ControlBoard2.elf.dir/Drivers/STM32F3xx_HAL_Driver/Src/stm32f3xx_hal_tim.c.obj
                0x0000000008001890                HAL_TIM_IRQHandler
 *fill*         0x0000000008001a2a        0x2 
 .text.TIM_Base_SetConfig
                0x0000000008001a2c       0x90 CMakeFiles/ControlBoard2.elf.dir/Drivers/STM32F3xx_HAL_Driver/Src/stm32f3xx_hal_tim.c.obj
                0x0000000008001a2c                TIM_Base_SetConfig
 .text.HAL_TIM_Base_Init
                0x0000000008001abc       0x34 CMakeFiles/ControlBoard2.elf.dir/Drivers/STM32F3xx_HAL_Driver/Src/stm32f3xx_hal_tim.c.obj
                0x0000000008001abc                HAL_TIM_Base_Init
 .text.HAL_TIMEx_CommutCallback
                0x0000000008001af0        0x2 CMakeFiles/ControlBoard2.elf.dir/Drivers/STM32F3xx_HAL_Driver/Src/stm32f3xx_hal_tim_ex.c.obj
                0x0000000008001af0                HAL_TIMEx_CommutCallback
 .text.HAL_TIMEx_BreakCallback
                0x0000000008001af2        0x2 CMakeFiles/ControlBoard2.elf.dir/Drivers/STM32F3xx_HAL_Driver/Src/stm32f3xx_hal_tim_ex.c.obj
                0x0000000008001af2                HAL_TIMEx_BreakCallback
 .text.HAL_TIMEx_Break2Callback
                0x0000000008001af4        0x2 CMakeFiles/ControlBoard2.elf.dir/Drivers/STM32F3xx_HAL_Driver/Src/stm32f3xx_hal_tim_ex.c.obj
                0x0000000008001af4                HAL_TIMEx_Break2Callback
 *fill*         0x0000000008001af6        0x2 
 .text.UART_SetConfig
                0x0000000008001af8      0x1d8 CMakeFiles/ControlBoard2.elf.dir/Drivers/STM32F3xx_HAL_Driver/Src/stm32f3xx_hal_uart.c.obj
                0x0000000008001af8                UART_SetConfig
 .text.UART_AdvFeatureConfig
                0x0000000008001cd0       0xca CMakeFiles/ControlBoard2.elf.dir/Drivers/STM32F3xx_HAL_Driver/Src/stm32f3xx_hal_uart.c.obj
                0x0000000008001cd0                UART_AdvFeatureConfig
 .text.UART_WaitOnFlagUntilTimeout
                0x0000000008001d9a       0xa2 CMakeFiles/ControlBoard2.elf.dir/Drivers/STM32F3xx_HAL_Driver/Src/stm32f3xx_hal_uart.c.obj
                0x0000000008001d9a                UART_WaitOnFlagUntilTimeout
 .text.UART_CheckIdleState
                0x0000000008001e3c       0x6c CMakeFiles/ControlBoard2.elf.dir/Drivers/STM32F3xx_HAL_Driver/Src/stm32f3xx_hal_uart.c.obj
                0x0000000008001e3c                UART_CheckIdleState
 .text.HAL_UART_Init
                0x0000000008001ea8       0x62 CMakeFiles/ControlBoard2.elf.dir/Drivers/STM32F3xx_HAL_Driver/Src/stm32f3xx_hal_uart.c.obj
                0x0000000008001ea8                HAL_UART_Init
 *fill*         0x0000000008001f0a        0x2 
 .text.osKernelInitialize
                0x0000000008001f0c       0x44 CMakeFiles/ControlBoard2.elf.dir/Middlewares/Third_Party/FreeRTOS/Source/CMSIS_RTOS_V2/cmsis_os2.c.obj
                0x0000000008001f0c                osKernelInitialize
 .text.osKernelStart
                0x0000000008001f50       0x4c CMakeFiles/ControlBoard2.elf.dir/Middlewares/Third_Party/FreeRTOS/Source/CMSIS_RTOS_V2/cmsis_os2.c.obj
                0x0000000008001f50                osKernelStart
 .text.osThreadNew
                0x0000000008001f9c       0xec CMakeFiles/ControlBoard2.elf.dir/Middlewares/Third_Party/FreeRTOS/Source/CMSIS_RTOS_V2/cmsis_os2.c.obj
                0x0000000008001f9c                osThreadNew
 .text.osDelay  0x0000000008002088       0x44 CMakeFiles/ControlBoard2.elf.dir/Middlewares/Third_Party/FreeRTOS/Source/CMSIS_RTOS_V2/cmsis_os2.c.obj
                0x0000000008002088                osDelay
 .text.vApplicationGetIdleTaskMemory
                0x00000000080020cc       0x18 CMakeFiles/ControlBoard2.elf.dir/Middlewares/Third_Party/FreeRTOS/Source/CMSIS_RTOS_V2/cmsis_os2.c.obj
                0x00000000080020cc                vApplicationGetIdleTaskMemory
 .text.vApplicationGetTimerTaskMemory
                0x00000000080020e4       0x18 CMakeFiles/ControlBoard2.elf.dir/Middlewares/Third_Party/FreeRTOS/Source/CMSIS_RTOS_V2/cmsis_os2.c.obj
                0x00000000080020e4                vApplicationGetTimerTaskMemory
 .text.vListInitialise
                0x00000000080020fc       0x16 CMakeFiles/ControlBoard2.elf.dir/Middlewares/Third_Party/FreeRTOS/Source/list.c.obj
                0x00000000080020fc                vListInitialise
 .text.vListInitialiseItem
                0x0000000008002112        0x6 CMakeFiles/ControlBoard2.elf.dir/Middlewares/Third_Party/FreeRTOS/Source/list.c.obj
                0x0000000008002112                vListInitialiseItem
 .text.vListInsertEnd
                0x0000000008002118       0x16 CMakeFiles/ControlBoard2.elf.dir/Middlewares/Third_Party/FreeRTOS/Source/list.c.obj
                0x0000000008002118                vListInsertEnd
 .text.vListInsert
                0x000000000800212e       0x32 CMakeFiles/ControlBoard2.elf.dir/Middlewares/Third_Party/FreeRTOS/Source/list.c.obj
                0x000000000800212e                vListInsert
 .text.uxListRemove
                0x0000000008002160       0x26 CMakeFiles/ControlBoard2.elf.dir/Middlewares/Third_Party/FreeRTOS/Source/list.c.obj
                0x0000000008002160                uxListRemove
 *fill*         0x0000000008002186        0x2 
 .text.prvTaskExitError
                0x0000000008002188       0x40 CMakeFiles/ControlBoard2.elf.dir/Middlewares/Third_Party/FreeRTOS/Source/portable/GCC/ARM_CM4F/port.c.obj
 .text.prvPortStartFirstTask
                0x00000000080021c8       0x28 CMakeFiles/ControlBoard2.elf.dir/Middlewares/Third_Party/FreeRTOS/Source/portable/GCC/ARM_CM4F/port.c.obj
 .text.vPortEnableVFP
                0x00000000080021f0       0x14 CMakeFiles/ControlBoard2.elf.dir/Middlewares/Third_Party/FreeRTOS/Source/portable/GCC/ARM_CM4F/port.c.obj
 .text.pxPortInitialiseStack
                0x0000000008002204       0x2c CMakeFiles/ControlBoard2.elf.dir/Middlewares/Third_Party/FreeRTOS/Source/portable/GCC/ARM_CM4F/port.c.obj
                0x0000000008002204                pxPortInitialiseStack
 .text.SVC_Handler
                0x0000000008002230       0x24 CMakeFiles/ControlBoard2.elf.dir/Middlewares/Third_Party/FreeRTOS/Source/portable/GCC/ARM_CM4F/port.c.obj
                0x0000000008002230                SVC_Handler
 .text.vPortEnterCritical
                0x0000000008002254       0x44 CMakeFiles/ControlBoard2.elf.dir/Middlewares/Third_Party/FreeRTOS/Source/portable/GCC/ARM_CM4F/port.c.obj
                0x0000000008002254                vPortEnterCritical
 .text.vPortExitCritical
                0x0000000008002298       0x2c CMakeFiles/ControlBoard2.elf.dir/Middlewares/Third_Party/FreeRTOS/Source/portable/GCC/ARM_CM4F/port.c.obj
                0x0000000008002298                vPortExitCritical
 *fill*         0x00000000080022c4        0xc 
 .text.PendSV_Handler
                0x00000000080022d0       0x64 CMakeFiles/ControlBoard2.elf.dir/Middlewares/Third_Party/FreeRTOS/Source/portable/GCC/ARM_CM4F/port.c.obj
                0x00000000080022d0                PendSV_Handler
 .text.SysTick_Handler
                0x0000000008002334       0x2c CMakeFiles/ControlBoard2.elf.dir/Middlewares/Third_Party/FreeRTOS/Source/portable/GCC/ARM_CM4F/port.c.obj
                0x0000000008002334                SysTick_Handler
 .text.vPortSetupTimerInterrupt
                0x0000000008002360       0x38 CMakeFiles/ControlBoard2.elf.dir/Middlewares/Third_Party/FreeRTOS/Source/portable/GCC/ARM_CM4F/port.c.obj
                0x0000000008002360                vPortSetupTimerInterrupt
 .text.xPortStartScheduler
                0x0000000008002398      0x110 CMakeFiles/ControlBoard2.elf.dir/Middlewares/Third_Party/FreeRTOS/Source/portable/GCC/ARM_CM4F/port.c.obj
                0x0000000008002398                xPortStartScheduler
 .text.vPortValidateInterruptPriority
                0x00000000080024a8       0x5c CMakeFiles/ControlBoard2.elf.dir/Middlewares/Third_Party/FreeRTOS/Source/portable/GCC/ARM_CM4F/port.c.obj
                0x00000000080024a8                vPortValidateInterruptPriority
 .text.prvHeapInit
                0x0000000008002504       0x64 CMakeFiles/ControlBoard2.elf.dir/Middlewares/Third_Party/FreeRTOS/Source/portable/MemMang/heap_4.c.obj
 .text.prvInsertBlockIntoFreeList
                0x0000000008002568       0x58 CMakeFiles/ControlBoard2.elf.dir/Middlewares/Third_Party/FreeRTOS/Source/portable/MemMang/heap_4.c.obj
 .text.pvPortMalloc
                0x00000000080025c0       0xf0 CMakeFiles/ControlBoard2.elf.dir/Middlewares/Third_Party/FreeRTOS/Source/portable/MemMang/heap_4.c.obj
                0x00000000080025c0                pvPortMalloc
 .text.vPortFree
                0x00000000080026b0       0x70 CMakeFiles/ControlBoard2.elf.dir/Middlewares/Third_Party/FreeRTOS/Source/portable/MemMang/heap_4.c.obj
                0x00000000080026b0                vPortFree
 .text.prvIsQueueFull
                0x0000000008002720       0x1e CMakeFiles/ControlBoard2.elf.dir/Middlewares/Third_Party/FreeRTOS/Source/queue.c.obj
 .text.prvIsQueueEmpty
                0x000000000800273e       0x1a CMakeFiles/ControlBoard2.elf.dir/Middlewares/Third_Party/FreeRTOS/Source/queue.c.obj
 .text.prvCopyDataToQueue
                0x0000000008002758       0x76 CMakeFiles/ControlBoard2.elf.dir/Middlewares/Third_Party/FreeRTOS/Source/queue.c.obj
 .text.prvCopyDataFromQueue
                0x00000000080027ce       0x24 CMakeFiles/ControlBoard2.elf.dir/Middlewares/Third_Party/FreeRTOS/Source/queue.c.obj
 .text.prvUnlockQueue
                0x00000000080027f2       0x6e CMakeFiles/ControlBoard2.elf.dir/Middlewares/Third_Party/FreeRTOS/Source/queue.c.obj
 .text.xQueueGenericReset
                0x0000000008002860       0x84 CMakeFiles/ControlBoard2.elf.dir/Middlewares/Third_Party/FreeRTOS/Source/queue.c.obj
                0x0000000008002860                xQueueGenericReset
 .text.prvInitialiseNewQueue
                0x00000000080028e4       0x22 CMakeFiles/ControlBoard2.elf.dir/Middlewares/Third_Party/FreeRTOS/Source/queue.c.obj
 .text.xQueueGenericCreateStatic
                0x0000000008002906       0x92 CMakeFiles/ControlBoard2.elf.dir/Middlewares/Third_Party/FreeRTOS/Source/queue.c.obj
                0x0000000008002906                xQueueGenericCreateStatic
 .text.xQueueGenericSend
                0x0000000008002998      0x180 CMakeFiles/ControlBoard2.elf.dir/Middlewares/Third_Party/FreeRTOS/Source/queue.c.obj
                0x0000000008002998                xQueueGenericSend
 .text.xQueueGenericSendFromISR
                0x0000000008002b18       0xce CMakeFiles/ControlBoard2.elf.dir/Middlewares/Third_Party/FreeRTOS/Source/queue.c.obj
                0x0000000008002b18                xQueueGenericSendFromISR
 *fill*         0x0000000008002be6        0x2 
 .text.xQueueReceive
                0x0000000008002be8      0x15c CMakeFiles/ControlBoard2.elf.dir/Middlewares/Third_Party/FreeRTOS/Source/queue.c.obj
                0x0000000008002be8                xQueueReceive
 .text.vQueueAddToRegistry
                0x0000000008002d44       0x28 CMakeFiles/ControlBoard2.elf.dir/Middlewares/Third_Party/FreeRTOS/Source/queue.c.obj
                0x0000000008002d44                vQueueAddToRegistry
 .text.vQueueWaitForMessageRestricted
                0x0000000008002d6c       0x52 CMakeFiles/ControlBoard2.elf.dir/Middlewares/Third_Party/FreeRTOS/Source/queue.c.obj
                0x0000000008002d6c                vQueueWaitForMessageRestricted
 *fill*         0x0000000008002dbe        0x2 
 .text.prvResetNextTaskUnblockTime
                0x0000000008002dc0       0x2c CMakeFiles/ControlBoard2.elf.dir/Middlewares/Third_Party/FreeRTOS/Source/tasks.c.obj
 .text.prvInitialiseNewTask
                0x0000000008002dec       0x90 CMakeFiles/ControlBoard2.elf.dir/Middlewares/Third_Party/FreeRTOS/Source/tasks.c.obj
 .text.prvInitialiseTaskLists
                0x0000000008002e7c       0x68 CMakeFiles/ControlBoard2.elf.dir/Middlewares/Third_Party/FreeRTOS/Source/tasks.c.obj
 .text.prvAddNewTaskToReadyList
                0x0000000008002ee4       0xac CMakeFiles/ControlBoard2.elf.dir/Middlewares/Third_Party/FreeRTOS/Source/tasks.c.obj
 .text.prvDeleteTCB
                0x0000000008002f90       0x38 CMakeFiles/ControlBoard2.elf.dir/Middlewares/Third_Party/FreeRTOS/Source/tasks.c.obj
 .text.prvCheckTasksWaitingTermination
                0x0000000008002fc8       0x4c CMakeFiles/ControlBoard2.elf.dir/Middlewares/Third_Party/FreeRTOS/Source/tasks.c.obj
 .text.prvIdleTask
                0x0000000008003014       0x28 CMakeFiles/ControlBoard2.elf.dir/Middlewares/Third_Party/FreeRTOS/Source/tasks.c.obj
 .text.prvAddCurrentTaskToDelayedList
                0x000000000800303c       0x7c CMakeFiles/ControlBoard2.elf.dir/Middlewares/Third_Party/FreeRTOS/Source/tasks.c.obj
 .text.xTaskCreateStatic
                0x00000000080030b8       0x72 CMakeFiles/ControlBoard2.elf.dir/Middlewares/Third_Party/FreeRTOS/Source/tasks.c.obj
                0x00000000080030b8                xTaskCreateStatic
 .text.xTaskCreate
                0x000000000800312a       0x68 CMakeFiles/ControlBoard2.elf.dir/Middlewares/Third_Party/FreeRTOS/Source/tasks.c.obj
                0x000000000800312a                xTaskCreate
 *fill*         0x0000000008003192        0x2 
 .text.vTaskStartScheduler
                0x0000000008003194       0x94 CMakeFiles/ControlBoard2.elf.dir/Middlewares/Third_Party/FreeRTOS/Source/tasks.c.obj
                0x0000000008003194                vTaskStartScheduler
 .text.vTaskSuspendAll
                0x0000000008003228       0x10 CMakeFiles/ControlBoard2.elf.dir/Middlewares/Third_Party/FreeRTOS/Source/tasks.c.obj
                0x0000000008003228                vTaskSuspendAll
 .text.xTaskGetTickCount
                0x0000000008003238        0xc CMakeFiles/ControlBoard2.elf.dir/Middlewares/Third_Party/FreeRTOS/Source/tasks.c.obj
                0x0000000008003238                xTaskGetTickCount
 .text.xTaskIncrementTick
                0x0000000008003244      0x118 CMakeFiles/ControlBoard2.elf.dir/Middlewares/Third_Party/FreeRTOS/Source/tasks.c.obj
                0x0000000008003244                xTaskIncrementTick
 .text.xTaskResumeAll
                0x000000000800335c       0xf8 CMakeFiles/ControlBoard2.elf.dir/Middlewares/Third_Party/FreeRTOS/Source/tasks.c.obj
                0x000000000800335c                xTaskResumeAll
 .text.vTaskDelay
                0x0000000008003454       0x4c CMakeFiles/ControlBoard2.elf.dir/Middlewares/Third_Party/FreeRTOS/Source/tasks.c.obj
                0x0000000008003454                vTaskDelay
 .text.vTaskSwitchContext
                0x00000000080034a0       0x98 CMakeFiles/ControlBoard2.elf.dir/Middlewares/Third_Party/FreeRTOS/Source/tasks.c.obj
                0x00000000080034a0                vTaskSwitchContext
 .text.vTaskPlaceOnEventList
                0x0000000008003538       0x30 CMakeFiles/ControlBoard2.elf.dir/Middlewares/Third_Party/FreeRTOS/Source/tasks.c.obj
                0x0000000008003538                vTaskPlaceOnEventList
 .text.vTaskPlaceOnEventListRestricted
                0x0000000008003568       0x38 CMakeFiles/ControlBoard2.elf.dir/Middlewares/Third_Party/FreeRTOS/Source/tasks.c.obj
                0x0000000008003568                vTaskPlaceOnEventListRestricted
 .text.xTaskRemoveFromEventList
                0x00000000080035a0       0x8c CMakeFiles/ControlBoard2.elf.dir/Middlewares/Third_Party/FreeRTOS/Source/tasks.c.obj
                0x00000000080035a0                xTaskRemoveFromEventList
 .text.vTaskInternalSetTimeOutState
                0x000000000800362c       0x18 CMakeFiles/ControlBoard2.elf.dir/Middlewares/Third_Party/FreeRTOS/Source/tasks.c.obj
                0x000000000800362c                vTaskInternalSetTimeOutState
 .text.xTaskCheckForTimeOut
                0x0000000008003644       0x84 CMakeFiles/ControlBoard2.elf.dir/Middlewares/Third_Party/FreeRTOS/Source/tasks.c.obj
                0x0000000008003644                xTaskCheckForTimeOut
 .text.vTaskMissedYield
                0x00000000080036c8        0xc CMakeFiles/ControlBoard2.elf.dir/Middlewares/Third_Party/FreeRTOS/Source/tasks.c.obj
                0x00000000080036c8                vTaskMissedYield
 .text.xTaskGetSchedulerState
                0x00000000080036d4       0x20 CMakeFiles/ControlBoard2.elf.dir/Middlewares/Third_Party/FreeRTOS/Source/tasks.c.obj
                0x00000000080036d4                xTaskGetSchedulerState
 .text.xTaskPriorityDisinherit
                0x00000000080036f4       0x90 CMakeFiles/ControlBoard2.elf.dir/Middlewares/Third_Party/FreeRTOS/Source/tasks.c.obj
                0x00000000080036f4                xTaskPriorityDisinherit
 .text.prvGetNextExpireTime
                0x0000000008003784       0x20 CMakeFiles/ControlBoard2.elf.dir/Middlewares/Third_Party/FreeRTOS/Source/timers.c.obj
 .text.prvInsertTimerInActiveList
                0x00000000080037a4       0x48 CMakeFiles/ControlBoard2.elf.dir/Middlewares/Third_Party/FreeRTOS/Source/timers.c.obj
 .text.prvCheckForValidListAndQueue
                0x00000000080037ec       0x70 CMakeFiles/ControlBoard2.elf.dir/Middlewares/Third_Party/FreeRTOS/Source/timers.c.obj
 .text.xTimerCreateTimerTask
                0x000000000800385c       0x64 CMakeFiles/ControlBoard2.elf.dir/Middlewares/Third_Party/FreeRTOS/Source/timers.c.obj
                0x000000000800385c                xTimerCreateTimerTask
 .text.xTimerGenericCommand
                0x00000000080038c0       0x6c CMakeFiles/ControlBoard2.elf.dir/Middlewares/Third_Party/FreeRTOS/Source/timers.c.obj
                0x00000000080038c0                xTimerGenericCommand
 .text.prvSwitchTimerLists
                0x000000000800392c       0x78 CMakeFiles/ControlBoard2.elf.dir/Middlewares/Third_Party/FreeRTOS/Source/timers.c.obj
 .text.prvSampleTimeNow
                0x00000000080039a4       0x2c CMakeFiles/ControlBoard2.elf.dir/Middlewares/Third_Party/FreeRTOS/Source/timers.c.obj
 .text.prvProcessExpiredTimer
                0x00000000080039d0       0x60 CMakeFiles/ControlBoard2.elf.dir/Middlewares/Third_Party/FreeRTOS/Source/timers.c.obj
 .text.prvProcessTimerOrBlockTask
                0x0000000008003a30       0x74 CMakeFiles/ControlBoard2.elf.dir/Middlewares/Third_Party/FreeRTOS/Source/timers.c.obj
 .text.prvProcessReceivedCommands
                0x0000000008003aa4       0xf8 CMakeFiles/ControlBoard2.elf.dir/Middlewares/Third_Party/FreeRTOS/Source/timers.c.obj
 .text.prvTimerTask
                0x0000000008003b9c       0x16 CMakeFiles/ControlBoard2.elf.dir/Middlewares/Third_Party/FreeRTOS/Source/timers.c.obj
 *fill*         0x0000000008003bb2        0x2 
 .text.__libc_init_array
                0x0000000008003bb4       0x48 /usr/local/Cellar/arm-none-eabi-gcc/9-2019-q4-major/gcc/bin/../lib/gcc/arm-none-eabi/9.2.1/../../../../arm-none-eabi/lib/thumb/v7e-m+fp/hard/libc.a(lib_a-init.o)
                0x0000000008003bb4                __libc_init_array
 .text.memset   0x0000000008003bfc       0xa0 /usr/local/Cellar/arm-none-eabi-gcc/9-2019-q4-major/gcc/bin/../lib/gcc/arm-none-eabi/9.2.1/../../../../arm-none-eabi/lib/thumb/v7e-m+fp/hard/libc.a(lib_a-memset.o)
                0x0000000008003bfc                memset
 .text.startup.register_fini
                0x0000000008003c9c       0x14 /usr/local/Cellar/arm-none-eabi-gcc/9-2019-q4-major/gcc/bin/../lib/gcc/arm-none-eabi/9.2.1/../../../../arm-none-eabi/lib/thumb/v7e-m+fp/hard/libc.a(lib_a-__call_atexit.o)
 .text.atexit   0x0000000008003cb0        0xc /usr/local/Cellar/arm-none-eabi-gcc/9-2019-q4-major/gcc/bin/../lib/gcc/arm-none-eabi/9.2.1/../../../../arm-none-eabi/lib/thumb/v7e-m+fp/hard/libc.a(lib_a-atexit.o)
                0x0000000008003cb0                atexit
 .text.__libc_fini_array
                0x0000000008003cbc       0x2c /usr/local/Cellar/arm-none-eabi-gcc/9-2019-q4-major/gcc/bin/../lib/gcc/arm-none-eabi/9.2.1/../../../../arm-none-eabi/lib/thumb/v7e-m+fp/hard/libc.a(lib_a-fini.o)
                0x0000000008003cbc                __libc_fini_array
 .text.__retarget_lock_acquire_recursive
                0x0000000008003ce8        0x4 /usr/local/Cellar/arm-none-eabi-gcc/9-2019-q4-major/gcc/bin/../lib/gcc/arm-none-eabi/9.2.1/../../../../arm-none-eabi/lib/thumb/v7e-m+fp/hard/libc.a(lib_a-lock.o)
                0x0000000008003ce8                __retarget_lock_acquire_recursive
 .text.__retarget_lock_release_recursive
                0x0000000008003cec        0x4 /usr/local/Cellar/arm-none-eabi-gcc/9-2019-q4-major/gcc/bin/../lib/gcc/arm-none-eabi/9.2.1/../../../../arm-none-eabi/lib/thumb/v7e-m+fp/hard/libc.a(lib_a-lock.o)
                0x0000000008003cec                __retarget_lock_release_recursive
 .text.__register_exitproc
                0x0000000008003cf0       0x8c /usr/local/Cellar/arm-none-eabi-gcc/9-2019-q4-major/gcc/bin/../lib/gcc/arm-none-eabi/9.2.1/../../../../arm-none-eabi/lib/thumb/v7e-m+fp/hard/libc.a(lib_a-__atexit.o)
                0x0000000008003cf0                __register_exitproc
 *(.glue_7)
 .glue_7        0x0000000008003d7c        0x0 linker stubs
 *(.glue_7t)
 .glue_7t       0x0000000008003d7c        0x0 linker stubs
 *(.eh_frame)
 .eh_frame      0x0000000008003d7c        0x0 /usr/local/Cellar/arm-none-eabi-gcc/9-2019-q4-major/gcc/bin/../lib/gcc/arm-none-eabi/9.2.1/thumb/v7e-m+fp/hard/crtbegin.o
 *(.init)
 .init          0x0000000008003d7c        0x4 /usr/local/Cellar/arm-none-eabi-gcc/9-2019-q4-major/gcc/bin/../lib/gcc/arm-none-eabi/9.2.1/thumb/v7e-m+fp/hard/crti.o
                0x0000000008003d7c                _init
 .init          0x0000000008003d80        0x8 /usr/local/Cellar/arm-none-eabi-gcc/9-2019-q4-major/gcc/bin/../lib/gcc/arm-none-eabi/9.2.1/thumb/v7e-m+fp/hard/crtn.o
 *(.fini)
 .fini          0x0000000008003d88        0x4 /usr/local/Cellar/arm-none-eabi-gcc/9-2019-q4-major/gcc/bin/../lib/gcc/arm-none-eabi/9.2.1/thumb/v7e-m+fp/hard/crti.o
                0x0000000008003d88                _fini
 .fini          0x0000000008003d8c        0x8 /usr/local/Cellar/arm-none-eabi-gcc/9-2019-q4-major/gcc/bin/../lib/gcc/arm-none-eabi/9.2.1/thumb/v7e-m+fp/hard/crtn.o
                0x0000000008003d94                . = ALIGN (0x4)
                0x0000000008003d94                _etext = .

.vfp11_veneer   0x0000000008003d94        0x0
 .vfp11_veneer  0x0000000008003d94        0x0 linker stubs

.v4_bx          0x0000000008003d94        0x0
 .v4_bx         0x0000000008003d94        0x0 linker stubs

.iplt           0x0000000008003d94        0x0
 .iplt          0x0000000008003d94        0x0 /usr/local/Cellar/arm-none-eabi-gcc/9-2019-q4-major/gcc/bin/../lib/gcc/arm-none-eabi/9.2.1/thumb/v7e-m+fp/hard/crtbegin.o

.rodata         0x0000000008003d94       0x84
                0x0000000008003d94                . = ALIGN (0x4)
 *(.rodata)
 *(.rodata*)
 .rodata.str1.4
                0x0000000008003d94        0xc CMakeFiles/ControlBoard2.elf.dir/Core/Src/main.c.obj
 .rodata.defaultTask_attributes
                0x0000000008003da0       0x24 CMakeFiles/ControlBoard2.elf.dir/Core/Src/main.c.obj
                0x0000000008003da0                defaultTask_attributes
 .rodata.AHBPrescTable
                0x0000000008003dc4       0x10 CMakeFiles/ControlBoard2.elf.dir/Core/Src/system_stm32f3xx.c.obj
                0x0000000008003dc4                AHBPrescTable
 .rodata.APBPrescTable
                0x0000000008003dd4        0x8 CMakeFiles/ControlBoard2.elf.dir/Core/Src/system_stm32f3xx.c.obj
                0x0000000008003dd4                APBPrescTable
 .rodata.aPLLMULFactorTable
                0x0000000008003ddc       0x10 CMakeFiles/ControlBoard2.elf.dir/Drivers/STM32F3xx_HAL_Driver/Src/stm32f3xx_hal_rcc.c.obj
                0x0000000008003ddc                aPLLMULFactorTable
 .rodata.aPredivFactorTable
                0x0000000008003dec       0x10 CMakeFiles/ControlBoard2.elf.dir/Drivers/STM32F3xx_HAL_Driver/Src/stm32f3xx_hal_rcc.c.obj
                0x0000000008003dec                aPredivFactorTable
 .rodata.vTaskStartScheduler.str1.4
                0x0000000008003dfc        0x5 CMakeFiles/ControlBoard2.elf.dir/Middlewares/Third_Party/FreeRTOS/Source/tasks.c.obj
 *fill*         0x0000000008003e01        0x3 
 .rodata.prvCheckForValidListAndQueue.str1.4
                0x0000000008003e04        0x5 CMakeFiles/ControlBoard2.elf.dir/Middlewares/Third_Party/FreeRTOS/Source/timers.c.obj
 *fill*         0x0000000008003e09        0x3 
 .rodata.xTimerCreateTimerTask.str1.4
                0x0000000008003e0c        0x8 CMakeFiles/ControlBoard2.elf.dir/Middlewares/Third_Party/FreeRTOS/Source/timers.c.obj
 .rodata._global_impure_ptr
                0x0000000008003e14        0x4 /usr/local/Cellar/arm-none-eabi-gcc/9-2019-q4-major/gcc/bin/../lib/gcc/arm-none-eabi/9.2.1/../../../../arm-none-eabi/lib/thumb/v7e-m+fp/hard/libc.a(lib_a-impure.o)
                0x0000000008003e14                _global_impure_ptr
                0x0000000008003e18                . = ALIGN (0x4)

.rel.dyn        0x0000000008003e18        0x0
 .rel.iplt      0x0000000008003e18        0x0 /usr/local/Cellar/arm-none-eabi-gcc/9-2019-q4-major/gcc/bin/../lib/gcc/arm-none-eabi/9.2.1/thumb/v7e-m+fp/hard/crtbegin.o

.ARM.extab      0x0000000008003e18        0x0
                0x0000000008003e18                . = ALIGN (0x4)
 *(.ARM.extab* .gnu.linkonce.armextab.*)
                0x0000000008003e18                . = ALIGN (0x4)

.ARM            0x0000000008003e18        0x0
                0x0000000008003e18                . = ALIGN (0x4)
                0x0000000008003e18                __exidx_start = .
 *(.ARM.exidx*)
                0x0000000008003e18                __exidx_end = .
                0x0000000008003e18                . = ALIGN (0x4)

.preinit_array  0x0000000008003e18        0x0
                0x0000000008003e18                . = ALIGN (0x4)
                0x0000000008003e18                PROVIDE (__preinit_array_start = .)
 *(.preinit_array*)
                0x0000000008003e18                PROVIDE (__preinit_array_end = .)
                0x0000000008003e18                . = ALIGN (0x4)

.init_array     0x0000000008003e18        0x8
                0x0000000008003e18                . = ALIGN (0x4)
                0x0000000008003e18                PROVIDE (__init_array_start = .)
 *(SORT_BY_NAME(.init_array.*))
 .init_array.00000
                0x0000000008003e18        0x4 /usr/local/Cellar/arm-none-eabi-gcc/9-2019-q4-major/gcc/bin/../lib/gcc/arm-none-eabi/9.2.1/../../../../arm-none-eabi/lib/thumb/v7e-m+fp/hard/libc.a(lib_a-__call_atexit.o)
 *(.init_array*)
 .init_array    0x0000000008003e1c        0x4 /usr/local/Cellar/arm-none-eabi-gcc/9-2019-q4-major/gcc/bin/../lib/gcc/arm-none-eabi/9.2.1/thumb/v7e-m+fp/hard/crtbegin.o
                0x0000000008003e20                PROVIDE (__init_array_end = .)
                0x0000000008003e20                . = ALIGN (0x4)

.fini_array     0x0000000008003e20        0x4
                0x0000000008003e20                . = ALIGN (0x4)
                0x0000000008003e20                PROVIDE (__fini_array_start = .)
 *(SORT_BY_NAME(.fini_array.*))
 *(.fini_array*)
 .fini_array    0x0000000008003e20        0x4 /usr/local/Cellar/arm-none-eabi-gcc/9-2019-q4-major/gcc/bin/../lib/gcc/arm-none-eabi/9.2.1/thumb/v7e-m+fp/hard/crtbegin.o
                0x0000000008003e24                PROVIDE (__fini_array_end = .)
                0x0000000008003e24                . = ALIGN (0x4)
                0x0000000008003e24                _sidata = LOADADDR (.data)

.data           0x0000000020000000      0x43c load address 0x0000000008003e24
                0x0000000020000000                . = ALIGN (0x4)
                0x0000000020000000                _sdata = .
 *(.data)
 *(.data*)
 .data.SystemCoreClock
                0x0000000020000000        0x4 CMakeFiles/ControlBoard2.elf.dir/Core/Src/system_stm32f3xx.c.obj
                0x0000000020000000                SystemCoreClock
 .data.uwTickFreq
                0x0000000020000004        0x1 CMakeFiles/ControlBoard2.elf.dir/Drivers/STM32F3xx_HAL_Driver/Src/stm32f3xx_hal.c.obj
                0x0000000020000004                uwTickFreq
 *fill*         0x0000000020000005        0x3 
 .data.uwTickPrio
                0x0000000020000008        0x4 CMakeFiles/ControlBoard2.elf.dir/Drivers/STM32F3xx_HAL_Driver/Src/stm32f3xx_hal.c.obj
                0x0000000020000008                uwTickPrio
 .data.uxCriticalNesting
                0x000000002000000c        0x4 CMakeFiles/ControlBoard2.elf.dir/Middlewares/Third_Party/FreeRTOS/Source/portable/GCC/ARM_CM4F/port.c.obj
 .data.impure_data
                0x0000000020000010      0x428 /usr/local/Cellar/arm-none-eabi-gcc/9-2019-q4-major/gcc/bin/../lib/gcc/arm-none-eabi/9.2.1/../../../../arm-none-eabi/lib/thumb/v7e-m+fp/hard/libc.a(lib_a-impure.o)
 .data.__atexit_recursive_mutex
                0x0000000020000438        0x4 /usr/local/Cellar/arm-none-eabi-gcc/9-2019-q4-major/gcc/bin/../lib/gcc/arm-none-eabi/9.2.1/../../../../arm-none-eabi/lib/thumb/v7e-m+fp/hard/libc.a(lib_a-__call_atexit.o)
                0x0000000020000438                __atexit_recursive_mutex
                0x000000002000043c                . = ALIGN (0x4)
                0x000000002000043c                _edata = .

.igot.plt       0x000000002000043c        0x0 load address 0x0000000008004260
 .igot.plt      0x000000002000043c        0x0 /usr/local/Cellar/arm-none-eabi-gcc/9-2019-q4-major/gcc/bin/../lib/gcc/arm-none-eabi/9.2.1/thumb/v7e-m+fp/hard/crtbegin.o
                0x000000002000043c                . = ALIGN (0x4)

.bss            0x000000002000043c     0x1b24 load address 0x0000000008004260
                0x000000002000043c                _sbss = .
                0x000000002000043c                __bss_start__ = _sbss
 *(.bss)
 .bss           0x000000002000043c       0x1c /usr/local/Cellar/arm-none-eabi-gcc/9-2019-q4-major/gcc/bin/../lib/gcc/arm-none-eabi/9.2.1/thumb/v7e-m+fp/hard/crtbegin.o
 *(.bss*)
 .bss.defaultTaskHandle
                0x0000000020000458        0x4 CMakeFiles/ControlBoard2.elf.dir/Core/Src/main.c.obj
                0x0000000020000458                defaultTaskHandle
 .bss.hcan      0x000000002000045c       0x28 CMakeFiles/ControlBoard2.elf.dir/Core/Src/main.c.obj
                0x000000002000045c                hcan
 .bss.hi2c1     0x0000000020000484       0x4c CMakeFiles/ControlBoard2.elf.dir/Core/Src/main.c.obj
                0x0000000020000484                hi2c1
 .bss.hspi1     0x00000000200004d0       0x64 CMakeFiles/ControlBoard2.elf.dir/Core/Src/main.c.obj
                0x00000000200004d0                hspi1
 .bss.huart1    0x0000000020000534       0x80 CMakeFiles/ControlBoard2.elf.dir/Core/Src/main.c.obj
                0x0000000020000534                huart1
 .bss.htim1     0x00000000200005b4       0x40 CMakeFiles/ControlBoard2.elf.dir/Core/Src/stm32f3xx_hal_timebase_tim.c.obj
                0x00000000200005b4                htim1
 .bss.uwTick    0x00000000200005f4        0x4 CMakeFiles/ControlBoard2.elf.dir/Drivers/STM32F3xx_HAL_Driver/Src/stm32f3xx_hal.c.obj
                0x00000000200005f4                uwTick
 .bss.Idle_Stack
                0x00000000200005f8      0x200 CMakeFiles/ControlBoard2.elf.dir/Middlewares/Third_Party/FreeRTOS/Source/CMSIS_RTOS_V2/cmsis_os2.c.obj
 .bss.Idle_TCB  0x00000000200007f8       0x5c CMakeFiles/ControlBoard2.elf.dir/Middlewares/Third_Party/FreeRTOS/Source/CMSIS_RTOS_V2/cmsis_os2.c.obj
 .bss.KernelState
                0x0000000020000854        0x4 CMakeFiles/ControlBoard2.elf.dir/Middlewares/Third_Party/FreeRTOS/Source/CMSIS_RTOS_V2/cmsis_os2.c.obj
 .bss.Timer_Stack
                0x0000000020000858      0x400 CMakeFiles/ControlBoard2.elf.dir/Middlewares/Third_Party/FreeRTOS/Source/CMSIS_RTOS_V2/cmsis_os2.c.obj
 .bss.Timer_TCB
                0x0000000020000c58       0x5c CMakeFiles/ControlBoard2.elf.dir/Middlewares/Third_Party/FreeRTOS/Source/CMSIS_RTOS_V2/cmsis_os2.c.obj
 .bss.ucMaxSysCallPriority
                0x0000000020000cb4        0x1 CMakeFiles/ControlBoard2.elf.dir/Middlewares/Third_Party/FreeRTOS/Source/portable/GCC/ARM_CM4F/port.c.obj
 *fill*         0x0000000020000cb5        0x3 
 .bss.ulMaxPRIGROUPValue
                0x0000000020000cb8        0x4 CMakeFiles/ControlBoard2.elf.dir/Middlewares/Third_Party/FreeRTOS/Source/portable/GCC/ARM_CM4F/port.c.obj
 .bss.pxEnd     0x0000000020000cbc        0x4 CMakeFiles/ControlBoard2.elf.dir/Middlewares/Third_Party/FreeRTOS/Source/portable/MemMang/heap_4.c.obj
 .bss.ucHeap    0x0000000020000cc0      0xc00 CMakeFiles/ControlBoard2.elf.dir/Middlewares/Third_Party/FreeRTOS/Source/portable/MemMang/heap_4.c.obj
 .bss.xBlockAllocatedBit
                0x00000000200018c0        0x4 CMakeFiles/ControlBoard2.elf.dir/Middlewares/Third_Party/FreeRTOS/Source/portable/MemMang/heap_4.c.obj
 .bss.xFreeBytesRemaining
                0x00000000200018c4        0x4 CMakeFiles/ControlBoard2.elf.dir/Middlewares/Third_Party/FreeRTOS/Source/portable/MemMang/heap_4.c.obj
 .bss.xMinimumEverFreeBytesRemaining
                0x00000000200018c8        0x4 CMakeFiles/ControlBoard2.elf.dir/Middlewares/Third_Party/FreeRTOS/Source/portable/MemMang/heap_4.c.obj
 .bss.xStart    0x00000000200018cc        0x8 CMakeFiles/ControlBoard2.elf.dir/Middlewares/Third_Party/FreeRTOS/Source/portable/MemMang/heap_4.c.obj
 .bss.xQueueRegistry
                0x00000000200018d4       0x40 CMakeFiles/ControlBoard2.elf.dir/Middlewares/Third_Party/FreeRTOS/Source/queue.c.obj
                0x00000000200018d4                xQueueRegistry
 .bss.pxCurrentTCB
                0x0000000020001914        0x4 CMakeFiles/ControlBoard2.elf.dir/Middlewares/Third_Party/FreeRTOS/Source/tasks.c.obj
                0x0000000020001914                pxCurrentTCB
 .bss.pxDelayedTaskList
                0x0000000020001918        0x4 CMakeFiles/ControlBoard2.elf.dir/Middlewares/Third_Party/FreeRTOS/Source/tasks.c.obj
 .bss.pxOverflowDelayedTaskList
                0x000000002000191c        0x4 CMakeFiles/ControlBoard2.elf.dir/Middlewares/Third_Party/FreeRTOS/Source/tasks.c.obj
 .bss.pxReadyTasksLists
                0x0000000020001920      0x460 CMakeFiles/ControlBoard2.elf.dir/Middlewares/Third_Party/FreeRTOS/Source/tasks.c.obj
 .bss.uxCurrentNumberOfTasks
                0x0000000020001d80        0x4 CMakeFiles/ControlBoard2.elf.dir/Middlewares/Third_Party/FreeRTOS/Source/tasks.c.obj
 .bss.uxDeletedTasksWaitingCleanUp
                0x0000000020001d84        0x4 CMakeFiles/ControlBoard2.elf.dir/Middlewares/Third_Party/FreeRTOS/Source/tasks.c.obj
 .bss.uxPendedTicks
                0x0000000020001d88        0x4 CMakeFiles/ControlBoard2.elf.dir/Middlewares/Third_Party/FreeRTOS/Source/tasks.c.obj
 .bss.uxSchedulerSuspended
                0x0000000020001d8c        0x4 CMakeFiles/ControlBoard2.elf.dir/Middlewares/Third_Party/FreeRTOS/Source/tasks.c.obj
 .bss.uxTaskNumber
                0x0000000020001d90        0x4 CMakeFiles/ControlBoard2.elf.dir/Middlewares/Third_Party/FreeRTOS/Source/tasks.c.obj
 .bss.uxTopReadyPriority
                0x0000000020001d94        0x4 CMakeFiles/ControlBoard2.elf.dir/Middlewares/Third_Party/FreeRTOS/Source/tasks.c.obj
 .bss.xDelayedTaskList1
                0x0000000020001d98       0x14 CMakeFiles/ControlBoard2.elf.dir/Middlewares/Third_Party/FreeRTOS/Source/tasks.c.obj
 .bss.xDelayedTaskList2
                0x0000000020001dac       0x14 CMakeFiles/ControlBoard2.elf.dir/Middlewares/Third_Party/FreeRTOS/Source/tasks.c.obj
 .bss.xNextTaskUnblockTime
                0x0000000020001dc0        0x4 CMakeFiles/ControlBoard2.elf.dir/Middlewares/Third_Party/FreeRTOS/Source/tasks.c.obj
 .bss.xNumOfOverflows
                0x0000000020001dc4        0x4 CMakeFiles/ControlBoard2.elf.dir/Middlewares/Third_Party/FreeRTOS/Source/tasks.c.obj
 .bss.xPendingReadyList
                0x0000000020001dc8       0x14 CMakeFiles/ControlBoard2.elf.dir/Middlewares/Third_Party/FreeRTOS/Source/tasks.c.obj
 .bss.xSchedulerRunning
                0x0000000020001ddc        0x4 CMakeFiles/ControlBoard2.elf.dir/Middlewares/Third_Party/FreeRTOS/Source/tasks.c.obj
 .bss.xSuspendedTaskList
                0x0000000020001de0       0x14 CMakeFiles/ControlBoard2.elf.dir/Middlewares/Third_Party/FreeRTOS/Source/tasks.c.obj
 .bss.xTasksWaitingTermination
                0x0000000020001df4       0x14 CMakeFiles/ControlBoard2.elf.dir/Middlewares/Third_Party/FreeRTOS/Source/tasks.c.obj
 .bss.xTickCount
                0x0000000020001e08        0x4 CMakeFiles/ControlBoard2.elf.dir/Middlewares/Third_Party/FreeRTOS/Source/tasks.c.obj
 .bss.xYieldPending
                0x0000000020001e0c        0x4 CMakeFiles/ControlBoard2.elf.dir/Middlewares/Third_Party/FreeRTOS/Source/tasks.c.obj
 .bss.pxCurrentTimerList
                0x0000000020001e10        0x4 CMakeFiles/ControlBoard2.elf.dir/Middlewares/Third_Party/FreeRTOS/Source/timers.c.obj
 .bss.pxOverflowTimerList
                0x0000000020001e14        0x4 CMakeFiles/ControlBoard2.elf.dir/Middlewares/Third_Party/FreeRTOS/Source/timers.c.obj
 .bss.ucStaticTimerQueueStorage.6922
                0x0000000020001e18       0xa0 CMakeFiles/ControlBoard2.elf.dir/Middlewares/Third_Party/FreeRTOS/Source/timers.c.obj
 .bss.xActiveTimerList1
                0x0000000020001eb8       0x14 CMakeFiles/ControlBoard2.elf.dir/Middlewares/Third_Party/FreeRTOS/Source/timers.c.obj
 .bss.xActiveTimerList2
                0x0000000020001ecc       0x14 CMakeFiles/ControlBoard2.elf.dir/Middlewares/Third_Party/FreeRTOS/Source/timers.c.obj
 .bss.xLastTime.6871
                0x0000000020001ee0        0x4 CMakeFiles/ControlBoard2.elf.dir/Middlewares/Third_Party/FreeRTOS/Source/timers.c.obj
 .bss.xStaticTimerQueue.6921
                0x0000000020001ee4       0x50 CMakeFiles/ControlBoard2.elf.dir/Middlewares/Third_Party/FreeRTOS/Source/timers.c.obj
 .bss.xTimerQueue
                0x0000000020001f34        0x4 CMakeFiles/ControlBoard2.elf.dir/Middlewares/Third_Party/FreeRTOS/Source/timers.c.obj
 .bss.xTimerTaskHandle
                0x0000000020001f38        0x4 CMakeFiles/ControlBoard2.elf.dir/Middlewares/Third_Party/FreeRTOS/Source/timers.c.obj
 *(COMMON)
 COMMON         0x0000000020001f3c       0x21 /usr/local/Cellar/arm-none-eabi-gcc/9-2019-q4-major/gcc/bin/../lib/gcc/arm-none-eabi/9.2.1/../../../../arm-none-eabi/lib/thumb/v7e-m+fp/hard/libc.a(lib_a-lock.o)
                0x0000000020001f3c                __lock___atexit_recursive_mutex
                0x0000000020001f40                __lock___arc4random_mutex
                0x0000000020001f44                __lock___env_recursive_mutex
                0x0000000020001f48                __lock___sinit_recursive_mutex
                0x0000000020001f4c                __lock___malloc_recursive_mutex
                0x0000000020001f50                __lock___at_quick_exit_mutex
                0x0000000020001f54                __lock___dd_hash_mutex
                0x0000000020001f58                __lock___tz_mutex
                0x0000000020001f5c                __lock___sfp_recursive_mutex
                0x0000000020001f60                . = ALIGN (0x4)
 *fill*         0x0000000020001f5d        0x3 
                0x0000000020001f60                _ebss = .
                0x0000000020001f60                __bss_end__ = _ebss

._user_heap_stack
                0x0000000020001f60      0x600 load address 0x0000000008004260
                0x0000000020001f60                . = ALIGN (0x8)
                0x0000000020001f60                PROVIDE (end = .)
                [!provide]                        PROVIDE (_end = .)
                0x0000000020002160                . = (. + _Min_Heap_Size)
 *fill*         0x0000000020001f60      0x200 
                0x0000000020002560                . = (. + _Min_Stack_Size)
 *fill*         0x0000000020002160      0x400 
                0x0000000020002560                . = ALIGN (0x8)

/DISCARD/
 libc.a(*)
 libm.a(*)
 libgcc.a(*)

.ARM.attributes
                0x0000000000000000       0x30
 *(.ARM.attributes)
 .ARM.attributes
                0x0000000000000000       0x1e /usr/local/Cellar/arm-none-eabi-gcc/9-2019-q4-major/gcc/bin/../lib/gcc/arm-none-eabi/9.2.1/thumb/v7e-m+fp/hard/crti.o
 .ARM.attributes
                0x000000000000001e       0x34 /usr/local/Cellar/arm-none-eabi-gcc/9-2019-q4-major/gcc/bin/../lib/gcc/arm-none-eabi/9.2.1/thumb/v7e-m+fp/hard/crtbegin.o
 .ARM.attributes
                0x0000000000000052       0x34 CMakeFiles/ControlBoard2.elf.dir/Core/Src/main.c.obj
 .ARM.attributes
                0x0000000000000086       0x34 CMakeFiles/ControlBoard2.elf.dir/Core/Src/stm32f3xx_hal_msp.c.obj
 .ARM.attributes
                0x00000000000000ba       0x34 CMakeFiles/ControlBoard2.elf.dir/Core/Src/stm32f3xx_hal_timebase_tim.c.obj
 .ARM.attributes
                0x00000000000000ee       0x34 CMakeFiles/ControlBoard2.elf.dir/Core/Src/stm32f3xx_it.c.obj
 .ARM.attributes
                0x0000000000000122       0x34 CMakeFiles/ControlBoard2.elf.dir/Core/Src/system_stm32f3xx.c.obj
 .ARM.attributes
                0x0000000000000156       0x21 CMakeFiles/ControlBoard2.elf.dir/Core/Startup/startup_stm32f303k8tx.s.obj
 .ARM.attributes
                0x0000000000000177       0x34 CMakeFiles/ControlBoard2.elf.dir/Drivers/STM32F3xx_HAL_Driver/Src/stm32f3xx_hal.c.obj
 .ARM.attributes
                0x00000000000001ab       0x34 CMakeFiles/ControlBoard2.elf.dir/Drivers/STM32F3xx_HAL_Driver/Src/stm32f3xx_hal_can.c.obj
 .ARM.attributes
                0x00000000000001df       0x34 CMakeFiles/ControlBoard2.elf.dir/Drivers/STM32F3xx_HAL_Driver/Src/stm32f3xx_hal_cortex.c.obj
 .ARM.attributes
                0x0000000000000213       0x34 CMakeFiles/ControlBoard2.elf.dir/Drivers/STM32F3xx_HAL_Driver/Src/stm32f3xx_hal_gpio.c.obj
 .ARM.attributes
                0x0000000000000247       0x34 CMakeFiles/ControlBoard2.elf.dir/Drivers/STM32F3xx_HAL_Driver/Src/stm32f3xx_hal_i2c.c.obj
 .ARM.attributes
                0x000000000000027b       0x34 CMakeFiles/ControlBoard2.elf.dir/Drivers/STM32F3xx_HAL_Driver/Src/stm32f3xx_hal_i2c_ex.c.obj
 .ARM.attributes
                0x00000000000002af       0x34 CMakeFiles/ControlBoard2.elf.dir/Drivers/STM32F3xx_HAL_Driver/Src/stm32f3xx_hal_rcc.c.obj
 .ARM.attributes
                0x00000000000002e3       0x34 CMakeFiles/ControlBoard2.elf.dir/Drivers/STM32F3xx_HAL_Driver/Src/stm32f3xx_hal_rcc_ex.c.obj
 .ARM.attributes
                0x0000000000000317       0x34 CMakeFiles/ControlBoard2.elf.dir/Drivers/STM32F3xx_HAL_Driver/Src/stm32f3xx_hal_spi.c.obj
 .ARM.attributes
                0x000000000000034b       0x34 CMakeFiles/ControlBoard2.elf.dir/Drivers/STM32F3xx_HAL_Driver/Src/stm32f3xx_hal_tim.c.obj
 .ARM.attributes
                0x000000000000037f       0x34 CMakeFiles/ControlBoard2.elf.dir/Drivers/STM32F3xx_HAL_Driver/Src/stm32f3xx_hal_tim_ex.c.obj
 .ARM.attributes
                0x00000000000003b3       0x34 CMakeFiles/ControlBoard2.elf.dir/Drivers/STM32F3xx_HAL_Driver/Src/stm32f3xx_hal_uart.c.obj
 .ARM.attributes
                0x00000000000003e7       0x34 CMakeFiles/ControlBoard2.elf.dir/Middlewares/Third_Party/FreeRTOS/Source/CMSIS_RTOS_V2/cmsis_os2.c.obj
 .ARM.attributes
                0x000000000000041b       0x34 CMakeFiles/ControlBoard2.elf.dir/Middlewares/Third_Party/FreeRTOS/Source/list.c.obj
 .ARM.attributes
                0x000000000000044f       0x34 CMakeFiles/ControlBoard2.elf.dir/Middlewares/Third_Party/FreeRTOS/Source/portable/GCC/ARM_CM4F/port.c.obj
 .ARM.attributes
                0x0000000000000483       0x34 CMakeFiles/ControlBoard2.elf.dir/Middlewares/Third_Party/FreeRTOS/Source/portable/MemMang/heap_4.c.obj
 .ARM.attributes
                0x00000000000004b7       0x34 CMakeFiles/ControlBoard2.elf.dir/Middlewares/Third_Party/FreeRTOS/Source/queue.c.obj
 .ARM.attributes
                0x00000000000004eb       0x34 CMakeFiles/ControlBoard2.elf.dir/Middlewares/Third_Party/FreeRTOS/Source/tasks.c.obj
 .ARM.attributes
                0x000000000000051f       0x34 CMakeFiles/ControlBoard2.elf.dir/Middlewares/Third_Party/FreeRTOS/Source/timers.c.obj
 .ARM.attributes
                0x0000000000000553       0x32 /usr/local/Cellar/arm-none-eabi-gcc/9-2019-q4-major/gcc/bin/../lib/gcc/arm-none-eabi/9.2.1/../../../../arm-none-eabi/lib/thumb/v7e-m+fp/hard/libc.a(lib_a-impure.o)
 .ARM.attributes
                0x0000000000000585       0x34 /usr/local/Cellar/arm-none-eabi-gcc/9-2019-q4-major/gcc/bin/../lib/gcc/arm-none-eabi/9.2.1/../../../../arm-none-eabi/lib/thumb/v7e-m+fp/hard/libc.a(lib_a-init.o)
 .ARM.attributes
                0x00000000000005b9       0x1c /usr/local/Cellar/arm-none-eabi-gcc/9-2019-q4-major/gcc/bin/../lib/gcc/arm-none-eabi/9.2.1/../../../../arm-none-eabi/lib/thumb/v7e-m+fp/hard/libc.a(lib_a-memcpy.o)
 .ARM.attributes
                0x00000000000005d5       0x34 /usr/local/Cellar/arm-none-eabi-gcc/9-2019-q4-major/gcc/bin/../lib/gcc/arm-none-eabi/9.2.1/../../../../arm-none-eabi/lib/thumb/v7e-m+fp/hard/libc.a(lib_a-memset.o)
 .ARM.attributes
                0x0000000000000609       0x34 /usr/local/Cellar/arm-none-eabi-gcc/9-2019-q4-major/gcc/bin/../lib/gcc/arm-none-eabi/9.2.1/../../../../arm-none-eabi/lib/thumb/v7e-m+fp/hard/libc.a(lib_a-__call_atexit.o)
 .ARM.attributes
                0x000000000000063d       0x34 /usr/local/Cellar/arm-none-eabi-gcc/9-2019-q4-major/gcc/bin/../lib/gcc/arm-none-eabi/9.2.1/../../../../arm-none-eabi/lib/thumb/v7e-m+fp/hard/libc.a(lib_a-atexit.o)
 .ARM.attributes
                0x0000000000000671       0x34 /usr/local/Cellar/arm-none-eabi-gcc/9-2019-q4-major/gcc/bin/../lib/gcc/arm-none-eabi/9.2.1/../../../../arm-none-eabi/lib/thumb/v7e-m+fp/hard/libc.a(lib_a-fini.o)
 .ARM.attributes
                0x00000000000006a5       0x34 /usr/local/Cellar/arm-none-eabi-gcc/9-2019-q4-major/gcc/bin/../lib/gcc/arm-none-eabi/9.2.1/../../../../arm-none-eabi/lib/thumb/v7e-m+fp/hard/libc.a(lib_a-lock.o)
 .ARM.attributes
                0x00000000000006d9       0x34 /usr/local/Cellar/arm-none-eabi-gcc/9-2019-q4-major/gcc/bin/../lib/gcc/arm-none-eabi/9.2.1/../../../../arm-none-eabi/lib/thumb/v7e-m+fp/hard/libc.a(lib_a-__atexit.o)
 .ARM.attributes
                0x000000000000070d       0x1e /usr/local/Cellar/arm-none-eabi-gcc/9-2019-q4-major/gcc/bin/../lib/gcc/arm-none-eabi/9.2.1/thumb/v7e-m+fp/hard/crtn.o
OUTPUT(ControlBoard2.elf elf32-littlearm)

.debug_info     0x0000000000000000    0x27149
 .debug_info    0x0000000000000000     0x1ba5 CMakeFiles/ControlBoard2.elf.dir/Core/Src/main.c.obj
 .debug_info    0x0000000000001ba5     0x1753 CMakeFiles/ControlBoard2.elf.dir/Core/Src/stm32f3xx_hal_msp.c.obj
 .debug_info    0x00000000000032f8      0xabc CMakeFiles/ControlBoard2.elf.dir/Core/Src/stm32f3xx_hal_timebase_tim.c.obj
 .debug_info    0x0000000000003db4      0x72e CMakeFiles/ControlBoard2.elf.dir/Core/Src/stm32f3xx_it.c.obj
 .debug_info    0x00000000000044e2      0x4aa CMakeFiles/ControlBoard2.elf.dir/Core/Src/system_stm32f3xx.c.obj
 .debug_info    0x000000000000498c       0x22 CMakeFiles/ControlBoard2.elf.dir/Core/Startup/startup_stm32f303k8tx.s.obj
 .debug_info    0x00000000000049ae      0x87a CMakeFiles/ControlBoard2.elf.dir/Drivers/STM32F3xx_HAL_Driver/Src/stm32f3xx_hal.c.obj
 .debug_info    0x0000000000005228     0x132f CMakeFiles/ControlBoard2.elf.dir/Drivers/STM32F3xx_HAL_Driver/Src/stm32f3xx_hal_can.c.obj
 .debug_info    0x0000000000006557      0xe4a CMakeFiles/ControlBoard2.elf.dir/Drivers/STM32F3xx_HAL_Driver/Src/stm32f3xx_hal_cortex.c.obj
 .debug_info    0x00000000000073a1      0x873 CMakeFiles/ControlBoard2.elf.dir/Drivers/STM32F3xx_HAL_Driver/Src/stm32f3xx_hal_gpio.c.obj
 .debug_info    0x0000000000007c14     0x402f CMakeFiles/ControlBoard2.elf.dir/Drivers/STM32F3xx_HAL_Driver/Src/stm32f3xx_hal_i2c.c.obj
 .debug_info    0x000000000000bc43      0xa49 CMakeFiles/ControlBoard2.elf.dir/Drivers/STM32F3xx_HAL_Driver/Src/stm32f3xx_hal_i2c_ex.c.obj
 .debug_info    0x000000000000c68c     0x1692 CMakeFiles/ControlBoard2.elf.dir/Drivers/STM32F3xx_HAL_Driver/Src/stm32f3xx_hal_rcc.c.obj
 .debug_info    0x000000000000dd1e      0x720 CMakeFiles/ControlBoard2.elf.dir/Drivers/STM32F3xx_HAL_Driver/Src/stm32f3xx_hal_rcc_ex.c.obj
 .debug_info    0x000000000000e43e     0x217b CMakeFiles/ControlBoard2.elf.dir/Drivers/STM32F3xx_HAL_Driver/Src/stm32f3xx_hal_spi.c.obj
 .debug_info    0x00000000000105b9     0x393f CMakeFiles/ControlBoard2.elf.dir/Drivers/STM32F3xx_HAL_Driver/Src/stm32f3xx_hal_tim.c.obj
 .debug_info    0x0000000000013ef8     0x178d CMakeFiles/ControlBoard2.elf.dir/Drivers/STM32F3xx_HAL_Driver/Src/stm32f3xx_hal_tim_ex.c.obj
 .debug_info    0x0000000000015685     0x1e7e CMakeFiles/ControlBoard2.elf.dir/Drivers/STM32F3xx_HAL_Driver/Src/stm32f3xx_hal_uart.c.obj
 .debug_info    0x0000000000017503     0x53a2 CMakeFiles/ControlBoard2.elf.dir/Middlewares/Third_Party/FreeRTOS/Source/CMSIS_RTOS_V2/cmsis_os2.c.obj
 .debug_info    0x000000000001c8a5      0xb8b CMakeFiles/ControlBoard2.elf.dir/Middlewares/Third_Party/FreeRTOS/Source/list.c.obj
 .debug_info    0x000000000001d430      0x587 CMakeFiles/ControlBoard2.elf.dir/Middlewares/Third_Party/FreeRTOS/Source/portable/GCC/ARM_CM4F/port.c.obj
 .debug_info    0x000000000001d9b7      0xd22 CMakeFiles/ControlBoard2.elf.dir/Middlewares/Third_Party/FreeRTOS/Source/portable/MemMang/heap_4.c.obj
 .debug_info    0x000000000001e6d9     0x2fc9 CMakeFiles/ControlBoard2.elf.dir/Middlewares/Third_Party/FreeRTOS/Source/queue.c.obj
 .debug_info    0x00000000000216a2     0x38a6 CMakeFiles/ControlBoard2.elf.dir/Middlewares/Third_Party/FreeRTOS/Source/tasks.c.obj
 .debug_info    0x0000000000024f48     0x2201 CMakeFiles/ControlBoard2.elf.dir/Middlewares/Third_Party/FreeRTOS/Source/timers.c.obj

.debug_abbrev   0x0000000000000000     0x409e
 .debug_abbrev  0x0000000000000000      0x2f4 CMakeFiles/ControlBoard2.elf.dir/Core/Src/main.c.obj
 .debug_abbrev  0x00000000000002f4      0x24c CMakeFiles/ControlBoard2.elf.dir/Core/Src/stm32f3xx_hal_msp.c.obj
 .debug_abbrev  0x0000000000000540      0x219 CMakeFiles/ControlBoard2.elf.dir/Core/Src/stm32f3xx_hal_timebase_tim.c.obj
 .debug_abbrev  0x0000000000000759      0x193 CMakeFiles/ControlBoard2.elf.dir/Core/Src/stm32f3xx_it.c.obj
 .debug_abbrev  0x00000000000008ec      0x148 CMakeFiles/ControlBoard2.elf.dir/Core/Src/system_stm32f3xx.c.obj
 .debug_abbrev  0x0000000000000a34       0x12 CMakeFiles/ControlBoard2.elf.dir/Core/Startup/startup_stm32f303k8tx.s.obj
 .debug_abbrev  0x0000000000000a46      0x219 CMakeFiles/ControlBoard2.elf.dir/Drivers/STM32F3xx_HAL_Driver/Src/stm32f3xx_hal.c.obj
 .debug_abbrev  0x0000000000000c5f      0x263 CMakeFiles/ControlBoard2.elf.dir/Drivers/STM32F3xx_HAL_Driver/Src/stm32f3xx_hal_can.c.obj
 .debug_abbrev  0x0000000000000ec2      0x367 CMakeFiles/ControlBoard2.elf.dir/Drivers/STM32F3xx_HAL_Driver/Src/stm32f3xx_hal_cortex.c.obj
 .debug_abbrev  0x0000000000001229      0x213 CMakeFiles/ControlBoard2.elf.dir/Drivers/STM32F3xx_HAL_Driver/Src/stm32f3xx_hal_gpio.c.obj
 .debug_abbrev  0x000000000000143c      0x291 CMakeFiles/ControlBoard2.elf.dir/Drivers/STM32F3xx_HAL_Driver/Src/stm32f3xx_hal_i2c.c.obj
 .debug_abbrev  0x00000000000016cd      0x1e0 CMakeFiles/ControlBoard2.elf.dir/Drivers/STM32F3xx_HAL_Driver/Src/stm32f3xx_hal_i2c_ex.c.obj
 .debug_abbrev  0x00000000000018ad      0x2f9 CMakeFiles/ControlBoard2.elf.dir/Drivers/STM32F3xx_HAL_Driver/Src/stm32f3xx_hal_rcc.c.obj
 .debug_abbrev  0x0000000000001ba6      0x296 CMakeFiles/ControlBoard2.elf.dir/Drivers/STM32F3xx_HAL_Driver/Src/stm32f3xx_hal_rcc_ex.c.obj
 .debug_abbrev  0x0000000000001e3c      0x267 CMakeFiles/ControlBoard2.elf.dir/Drivers/STM32F3xx_HAL_Driver/Src/stm32f3xx_hal_spi.c.obj
 .debug_abbrev  0x00000000000020a3      0x258 CMakeFiles/ControlBoard2.elf.dir/Drivers/STM32F3xx_HAL_Driver/Src/stm32f3xx_hal_tim.c.obj
 .debug_abbrev  0x00000000000022fb      0x26e CMakeFiles/ControlBoard2.elf.dir/Drivers/STM32F3xx_HAL_Driver/Src/stm32f3xx_hal_tim_ex.c.obj
 .debug_abbrev  0x0000000000002569      0x270 CMakeFiles/ControlBoard2.elf.dir/Drivers/STM32F3xx_HAL_Driver/Src/stm32f3xx_hal_uart.c.obj
 .debug_abbrev  0x00000000000027d9      0x4a8 CMakeFiles/ControlBoard2.elf.dir/Middlewares/Third_Party/FreeRTOS/Source/CMSIS_RTOS_V2/cmsis_os2.c.obj
 .debug_abbrev  0x0000000000002c81      0x249 CMakeFiles/ControlBoard2.elf.dir/Middlewares/Third_Party/FreeRTOS/Source/list.c.obj
 .debug_abbrev  0x0000000000002eca      0x26b CMakeFiles/ControlBoard2.elf.dir/Middlewares/Third_Party/FreeRTOS/Source/portable/GCC/ARM_CM4F/port.c.obj
 .debug_abbrev  0x0000000000003135      0x372 CMakeFiles/ControlBoard2.elf.dir/Middlewares/Third_Party/FreeRTOS/Source/portable/MemMang/heap_4.c.obj
 .debug_abbrev  0x00000000000034a7      0x43f CMakeFiles/ControlBoard2.elf.dir/Middlewares/Third_Party/FreeRTOS/Source/queue.c.obj
 .debug_abbrev  0x00000000000038e6      0x412 CMakeFiles/ControlBoard2.elf.dir/Middlewares/Third_Party/FreeRTOS/Source/tasks.c.obj
 .debug_abbrev  0x0000000000003cf8      0x3a6 CMakeFiles/ControlBoard2.elf.dir/Middlewares/Third_Party/FreeRTOS/Source/timers.c.obj

.debug_loc      0x0000000000000000    0x1b007
 .debug_loc     0x0000000000000000       0x67 CMakeFiles/ControlBoard2.elf.dir/Core/Src/main.c.obj
 .debug_loc     0x0000000000000067      0x210 CMakeFiles/ControlBoard2.elf.dir/Core/Src/stm32f3xx_hal_msp.c.obj
 .debug_loc     0x0000000000000277       0x89 CMakeFiles/ControlBoard2.elf.dir/Core/Src/stm32f3xx_hal_timebase_tim.c.obj
 .debug_loc     0x0000000000000300      0x123 CMakeFiles/ControlBoard2.elf.dir/Core/Src/system_stm32f3xx.c.obj
 .debug_loc     0x0000000000000423      0x141 CMakeFiles/ControlBoard2.elf.dir/Drivers/STM32F3xx_HAL_Driver/Src/stm32f3xx_hal.c.obj
 .debug_loc     0x0000000000000564      0xda6 CMakeFiles/ControlBoard2.elf.dir/Drivers/STM32F3xx_HAL_Driver/Src/stm32f3xx_hal_can.c.obj
 .debug_loc     0x000000000000130a      0x71f CMakeFiles/ControlBoard2.elf.dir/Drivers/STM32F3xx_HAL_Driver/Src/stm32f3xx_hal_cortex.c.obj
 .debug_loc     0x0000000000001a29      0x33a CMakeFiles/ControlBoard2.elf.dir/Drivers/STM32F3xx_HAL_Driver/Src/stm32f3xx_hal_gpio.c.obj
 .debug_loc     0x0000000000001d63     0x44e9 CMakeFiles/ControlBoard2.elf.dir/Drivers/STM32F3xx_HAL_Driver/Src/stm32f3xx_hal_i2c.c.obj
 .debug_loc     0x000000000000624c      0x202 CMakeFiles/ControlBoard2.elf.dir/Drivers/STM32F3xx_HAL_Driver/Src/stm32f3xx_hal_i2c_ex.c.obj
 .debug_loc     0x000000000000644e      0xe00 CMakeFiles/ControlBoard2.elf.dir/Drivers/STM32F3xx_HAL_Driver/Src/stm32f3xx_hal_rcc.c.obj
 .debug_loc     0x000000000000724e      0x5a3 CMakeFiles/ControlBoard2.elf.dir/Drivers/STM32F3xx_HAL_Driver/Src/stm32f3xx_hal_rcc_ex.c.obj
 .debug_loc     0x00000000000077f1     0x1eec CMakeFiles/ControlBoard2.elf.dir/Drivers/STM32F3xx_HAL_Driver/Src/stm32f3xx_hal_spi.c.obj
 .debug_loc     0x00000000000096dd     0x3f5c CMakeFiles/ControlBoard2.elf.dir/Drivers/STM32F3xx_HAL_Driver/Src/stm32f3xx_hal_tim.c.obj
 .debug_loc     0x000000000000d639     0x15e0 CMakeFiles/ControlBoard2.elf.dir/Drivers/STM32F3xx_HAL_Driver/Src/stm32f3xx_hal_tim_ex.c.obj
 .debug_loc     0x000000000000ec19     0x1b8e CMakeFiles/ControlBoard2.elf.dir/Drivers/STM32F3xx_HAL_Driver/Src/stm32f3xx_hal_uart.c.obj
 .debug_loc     0x00000000000107a7     0x56cb CMakeFiles/ControlBoard2.elf.dir/Middlewares/Third_Party/FreeRTOS/Source/CMSIS_RTOS_V2/cmsis_os2.c.obj
 .debug_loc     0x0000000000015e72       0xad CMakeFiles/ControlBoard2.elf.dir/Middlewares/Third_Party/FreeRTOS/Source/list.c.obj
 .debug_loc     0x0000000000015f1f      0x124 CMakeFiles/ControlBoard2.elf.dir/Middlewares/Third_Party/FreeRTOS/Source/portable/GCC/ARM_CM4F/port.c.obj
 .debug_loc     0x0000000000016043      0x331 CMakeFiles/ControlBoard2.elf.dir/Middlewares/Third_Party/FreeRTOS/Source/portable/MemMang/heap_4.c.obj
 .debug_loc     0x0000000000016374     0x19f3 CMakeFiles/ControlBoard2.elf.dir/Middlewares/Third_Party/FreeRTOS/Source/queue.c.obj
 .debug_loc     0x0000000000017d67     0x2389 CMakeFiles/ControlBoard2.elf.dir/Middlewares/Third_Party/FreeRTOS/Source/tasks.c.obj
 .debug_loc     0x000000000001a0f0      0xf17 CMakeFiles/ControlBoard2.elf.dir/Middlewares/Third_Party/FreeRTOS/Source/timers.c.obj

.debug_aranges  0x0000000000000000     0x18a8
 .debug_aranges
                0x0000000000000000       0x68 CMakeFiles/ControlBoard2.elf.dir/Core/Src/main.c.obj
 .debug_aranges
                0x0000000000000068       0x60 CMakeFiles/ControlBoard2.elf.dir/Core/Src/stm32f3xx_hal_msp.c.obj
 .debug_aranges
                0x00000000000000c8       0x30 CMakeFiles/ControlBoard2.elf.dir/Core/Src/stm32f3xx_hal_timebase_tim.c.obj
 .debug_aranges
                0x00000000000000f8       0x50 CMakeFiles/ControlBoard2.elf.dir/Core/Src/stm32f3xx_it.c.obj
 .debug_aranges
                0x0000000000000148       0x28 CMakeFiles/ControlBoard2.elf.dir/Core/Src/system_stm32f3xx.c.obj
 .debug_aranges
                0x0000000000000170       0x28 CMakeFiles/ControlBoard2.elf.dir/Core/Startup/startup_stm32f303k8tx.s.obj
 .debug_aranges
                0x0000000000000198       0xe0 CMakeFiles/ControlBoard2.elf.dir/Drivers/STM32F3xx_HAL_Driver/Src/stm32f3xx_hal.c.obj
 .debug_aranges
                0x0000000000000278      0x138 CMakeFiles/ControlBoard2.elf.dir/Drivers/STM32F3xx_HAL_Driver/Src/stm32f3xx_hal_can.c.obj
 .debug_aranges
                0x00000000000003b0       0x90 CMakeFiles/ControlBoard2.elf.dir/Drivers/STM32F3xx_HAL_Driver/Src/stm32f3xx_hal_cortex.c.obj
 .debug_aranges
                0x0000000000000440       0x58 CMakeFiles/ControlBoard2.elf.dir/Drivers/STM32F3xx_HAL_Driver/Src/stm32f3xx_hal_gpio.c.obj
 .debug_aranges
                0x0000000000000498      0x290 CMakeFiles/ControlBoard2.elf.dir/Drivers/STM32F3xx_HAL_Driver/Src/stm32f3xx_hal_i2c.c.obj
 .debug_aranges
                0x0000000000000728       0x48 CMakeFiles/ControlBoard2.elf.dir/Drivers/STM32F3xx_HAL_Driver/Src/stm32f3xx_hal_i2c_ex.c.obj
 .debug_aranges
                0x0000000000000770       0x88 CMakeFiles/ControlBoard2.elf.dir/Drivers/STM32F3xx_HAL_Driver/Src/stm32f3xx_hal_rcc.c.obj
 .debug_aranges
                0x00000000000007f8       0x38 CMakeFiles/ControlBoard2.elf.dir/Drivers/STM32F3xx_HAL_Driver/Src/stm32f3xx_hal_rcc_ex.c.obj
 .debug_aranges
                0x0000000000000830      0x1d8 CMakeFiles/ControlBoard2.elf.dir/Drivers/STM32F3xx_HAL_Driver/Src/stm32f3xx_hal_spi.c.obj
 .debug_aranges
                0x0000000000000a08      0x3c8 CMakeFiles/ControlBoard2.elf.dir/Drivers/STM32F3xx_HAL_Driver/Src/stm32f3xx_hal_tim.c.obj
 .debug_aranges
                0x0000000000000dd0      0x160 CMakeFiles/ControlBoard2.elf.dir/Drivers/STM32F3xx_HAL_Driver/Src/stm32f3xx_hal_tim_ex.c.obj
 .debug_aranges
                0x0000000000000f30      0x210 CMakeFiles/ControlBoard2.elf.dir/Drivers/STM32F3xx_HAL_Driver/Src/stm32f3xx_hal_uart.c.obj
 .debug_aranges
                0x0000000000001140      0x228 CMakeFiles/ControlBoard2.elf.dir/Middlewares/Third_Party/FreeRTOS/Source/CMSIS_RTOS_V2/cmsis_os2.c.obj
 .debug_aranges
                0x0000000000001368       0x40 CMakeFiles/ControlBoard2.elf.dir/Middlewares/Third_Party/FreeRTOS/Source/list.c.obj
 .debug_aranges
                0x00000000000013a8       0x80 CMakeFiles/ControlBoard2.elf.dir/Middlewares/Third_Party/FreeRTOS/Source/portable/GCC/ARM_CM4F/port.c.obj
 .debug_aranges
                0x0000000000001428       0x50 CMakeFiles/ControlBoard2.elf.dir/Middlewares/Third_Party/FreeRTOS/Source/portable/MemMang/heap_4.c.obj
 .debug_aranges
                0x0000000000001478      0x158 CMakeFiles/ControlBoard2.elf.dir/Middlewares/Third_Party/FreeRTOS/Source/queue.c.obj
 .debug_aranges
                0x00000000000015d0      0x1f8 CMakeFiles/ControlBoard2.elf.dir/Middlewares/Third_Party/FreeRTOS/Source/tasks.c.obj
 .debug_aranges
                0x00000000000017c8       0xe0 CMakeFiles/ControlBoard2.elf.dir/Middlewares/Third_Party/FreeRTOS/Source/timers.c.obj

.debug_ranges   0x0000000000000000     0x19e0
 .debug_ranges  0x0000000000000000       0x58 CMakeFiles/ControlBoard2.elf.dir/Core/Src/main.c.obj
 .debug_ranges  0x0000000000000058       0x50 CMakeFiles/ControlBoard2.elf.dir/Core/Src/stm32f3xx_hal_msp.c.obj
 .debug_ranges  0x00000000000000a8       0x20 CMakeFiles/ControlBoard2.elf.dir/Core/Src/stm32f3xx_hal_timebase_tim.c.obj
 .debug_ranges  0x00000000000000c8       0x40 CMakeFiles/ControlBoard2.elf.dir/Core/Src/stm32f3xx_it.c.obj
 .debug_ranges  0x0000000000000108       0x18 CMakeFiles/ControlBoard2.elf.dir/Core/Src/system_stm32f3xx.c.obj
 .debug_ranges  0x0000000000000120       0x20 CMakeFiles/ControlBoard2.elf.dir/Core/Startup/startup_stm32f303k8tx.s.obj
 .debug_ranges  0x0000000000000140       0xd0 CMakeFiles/ControlBoard2.elf.dir/Drivers/STM32F3xx_HAL_Driver/Src/stm32f3xx_hal.c.obj
 .debug_ranges  0x0000000000000210      0x128 CMakeFiles/ControlBoard2.elf.dir/Drivers/STM32F3xx_HAL_Driver/Src/stm32f3xx_hal_can.c.obj
 .debug_ranges  0x0000000000000338       0xe0 CMakeFiles/ControlBoard2.elf.dir/Drivers/STM32F3xx_HAL_Driver/Src/stm32f3xx_hal_cortex.c.obj
 .debug_ranges  0x0000000000000418       0x48 CMakeFiles/ControlBoard2.elf.dir/Drivers/STM32F3xx_HAL_Driver/Src/stm32f3xx_hal_gpio.c.obj
 .debug_ranges  0x0000000000000460      0x280 CMakeFiles/ControlBoard2.elf.dir/Drivers/STM32F3xx_HAL_Driver/Src/stm32f3xx_hal_i2c.c.obj
 .debug_ranges  0x00000000000006e0       0x38 CMakeFiles/ControlBoard2.elf.dir/Drivers/STM32F3xx_HAL_Driver/Src/stm32f3xx_hal_i2c_ex.c.obj
 .debug_ranges  0x0000000000000718       0x98 CMakeFiles/ControlBoard2.elf.dir/Drivers/STM32F3xx_HAL_Driver/Src/stm32f3xx_hal_rcc.c.obj
 .debug_ranges  0x00000000000007b0       0x40 CMakeFiles/ControlBoard2.elf.dir/Drivers/STM32F3xx_HAL_Driver/Src/stm32f3xx_hal_rcc_ex.c.obj
 .debug_ranges  0x00000000000007f0      0x1c8 CMakeFiles/ControlBoard2.elf.dir/Drivers/STM32F3xx_HAL_Driver/Src/stm32f3xx_hal_spi.c.obj
 .debug_ranges  0x00000000000009b8      0x3b8 CMakeFiles/ControlBoard2.elf.dir/Drivers/STM32F3xx_HAL_Driver/Src/stm32f3xx_hal_tim.c.obj
 .debug_ranges  0x0000000000000d70      0x150 CMakeFiles/ControlBoard2.elf.dir/Drivers/STM32F3xx_HAL_Driver/Src/stm32f3xx_hal_tim_ex.c.obj
 .debug_ranges  0x0000000000000ec0      0x200 CMakeFiles/ControlBoard2.elf.dir/Drivers/STM32F3xx_HAL_Driver/Src/stm32f3xx_hal_uart.c.obj
 .debug_ranges  0x00000000000010c0      0x218 CMakeFiles/ControlBoard2.elf.dir/Middlewares/Third_Party/FreeRTOS/Source/CMSIS_RTOS_V2/cmsis_os2.c.obj
 .debug_ranges  0x00000000000012d8       0x30 CMakeFiles/ControlBoard2.elf.dir/Middlewares/Third_Party/FreeRTOS/Source/list.c.obj
 .debug_ranges  0x0000000000001308       0x88 CMakeFiles/ControlBoard2.elf.dir/Middlewares/Third_Party/FreeRTOS/Source/portable/GCC/ARM_CM4F/port.c.obj
 .debug_ranges  0x0000000000001390       0x40 CMakeFiles/ControlBoard2.elf.dir/Middlewares/Third_Party/FreeRTOS/Source/portable/MemMang/heap_4.c.obj
 .debug_ranges  0x00000000000013d0      0x218 CMakeFiles/ControlBoard2.elf.dir/Middlewares/Third_Party/FreeRTOS/Source/queue.c.obj
 .debug_ranges  0x00000000000015e8      0x328 CMakeFiles/ControlBoard2.elf.dir/Middlewares/Third_Party/FreeRTOS/Source/tasks.c.obj
 .debug_ranges  0x0000000000001910       0xd0 CMakeFiles/ControlBoard2.elf.dir/Middlewares/Third_Party/FreeRTOS/Source/timers.c.obj

.debug_line     0x0000000000000000    0x1efc6
 .debug_line    0x0000000000000000      0x807 CMakeFiles/ControlBoard2.elf.dir/Core/Src/main.c.obj
 .debug_line    0x0000000000000807      0x65e CMakeFiles/ControlBoard2.elf.dir/Core/Src/stm32f3xx_hal_msp.c.obj
 .debug_line    0x0000000000000e65      0x429 CMakeFiles/ControlBoard2.elf.dir/Core/Src/stm32f3xx_hal_timebase_tim.c.obj
 .debug_line    0x000000000000128e      0x412 CMakeFiles/ControlBoard2.elf.dir/Core/Src/stm32f3xx_it.c.obj
 .debug_line    0x00000000000016a0      0x3d1 CMakeFiles/ControlBoard2.elf.dir/Core/Src/system_stm32f3xx.c.obj
 .debug_line    0x0000000000001a71       0xd6 CMakeFiles/ControlBoard2.elf.dir/Core/Startup/startup_stm32f303k8tx.s.obj
 .debug_line    0x0000000000001b47      0x672 CMakeFiles/ControlBoard2.elf.dir/Drivers/STM32F3xx_HAL_Driver/Src/stm32f3xx_hal.c.obj
 .debug_line    0x00000000000021b9     0x126a CMakeFiles/ControlBoard2.elf.dir/Drivers/STM32F3xx_HAL_Driver/Src/stm32f3xx_hal_can.c.obj
 .debug_line    0x0000000000003423      0x7be CMakeFiles/ControlBoard2.elf.dir/Drivers/STM32F3xx_HAL_Driver/Src/stm32f3xx_hal_cortex.c.obj
 .debug_line    0x0000000000003be1      0x804 CMakeFiles/ControlBoard2.elf.dir/Drivers/STM32F3xx_HAL_Driver/Src/stm32f3xx_hal_gpio.c.obj
 .debug_line    0x00000000000043e5     0x4a1d CMakeFiles/ControlBoard2.elf.dir/Drivers/STM32F3xx_HAL_Driver/Src/stm32f3xx_hal_i2c.c.obj
 .debug_line    0x0000000000008e02      0x65c CMakeFiles/ControlBoard2.elf.dir/Drivers/STM32F3xx_HAL_Driver/Src/stm32f3xx_hal_i2c_ex.c.obj
 .debug_line    0x000000000000945e     0x1315 CMakeFiles/ControlBoard2.elf.dir/Drivers/STM32F3xx_HAL_Driver/Src/stm32f3xx_hal_rcc.c.obj
 .debug_line    0x000000000000a773      0x84a CMakeFiles/ControlBoard2.elf.dir/Drivers/STM32F3xx_HAL_Driver/Src/stm32f3xx_hal_rcc_ex.c.obj
 .debug_line    0x000000000000afbd     0x29a1 CMakeFiles/ControlBoard2.elf.dir/Drivers/STM32F3xx_HAL_Driver/Src/stm32f3xx_hal_spi.c.obj
 .debug_line    0x000000000000d95e     0x3b38 CMakeFiles/ControlBoard2.elf.dir/Drivers/STM32F3xx_HAL_Driver/Src/stm32f3xx_hal_tim.c.obj
 .debug_line    0x0000000000011496     0x146d CMakeFiles/ControlBoard2.elf.dir/Drivers/STM32F3xx_HAL_Driver/Src/stm32f3xx_hal_tim_ex.c.obj
 .debug_line    0x0000000000012903     0x22a0 CMakeFiles/ControlBoard2.elf.dir/Drivers/STM32F3xx_HAL_Driver/Src/stm32f3xx_hal_uart.c.obj
 .debug_line    0x0000000000014ba3     0x2f16 CMakeFiles/ControlBoard2.elf.dir/Middlewares/Third_Party/FreeRTOS/Source/CMSIS_RTOS_V2/cmsis_os2.c.obj
 .debug_line    0x0000000000017ab9      0x5b3 CMakeFiles/ControlBoard2.elf.dir/Middlewares/Third_Party/FreeRTOS/Source/list.c.obj
 .debug_line    0x000000000001806c      0x801 CMakeFiles/ControlBoard2.elf.dir/Middlewares/Third_Party/FreeRTOS/Source/portable/GCC/ARM_CM4F/port.c.obj
 .debug_line    0x000000000001886d      0x831 CMakeFiles/ControlBoard2.elf.dir/Middlewares/Third_Party/FreeRTOS/Source/portable/MemMang/heap_4.c.obj
 .debug_line    0x000000000001909e     0x21ec CMakeFiles/ControlBoard2.elf.dir/Middlewares/Third_Party/FreeRTOS/Source/queue.c.obj
 .debug_line    0x000000000001b28a     0x2d7a CMakeFiles/ControlBoard2.elf.dir/Middlewares/Third_Party/FreeRTOS/Source/tasks.c.obj
 .debug_line    0x000000000001e004      0xfc2 CMakeFiles/ControlBoard2.elf.dir/Middlewares/Third_Party/FreeRTOS/Source/timers.c.obj

.debug_str      0x0000000000000000     0x8c2a
 .debug_str     0x0000000000000000     0x1701 CMakeFiles/ControlBoard2.elf.dir/Core/Src/main.c.obj
                                       0x183e (size before relaxing)
 .debug_str     0x0000000000001701      0x496 CMakeFiles/ControlBoard2.elf.dir/Core/Src/stm32f3xx_hal_msp.c.obj
                                       0x1264 (size before relaxing)
 .debug_str     0x0000000000001b97      0x150 CMakeFiles/ControlBoard2.elf.dir/Core/Src/stm32f3xx_hal_timebase_tim.c.obj
                                        0xc06 (size before relaxing)
 .debug_str     0x0000000000001ce7       0xfd CMakeFiles/ControlBoard2.elf.dir/Core/Src/stm32f3xx_it.c.obj
                                        0x7dd (size before relaxing)
 .debug_str     0x0000000000001de4      0x104 CMakeFiles/ControlBoard2.elf.dir/Core/Src/system_stm32f3xx.c.obj
                                        0x442 (size before relaxing)
 .debug_str     0x0000000000001ee8       0x87 CMakeFiles/ControlBoard2.elf.dir/Core/Startup/startup_stm32f303k8tx.s.obj
                                         0xed (size before relaxing)
 .debug_str     0x0000000000001f6f      0x2a1 CMakeFiles/ControlBoard2.elf.dir/Drivers/STM32F3xx_HAL_Driver/Src/stm32f3xx_hal.c.obj
                                        0x977 (size before relaxing)
 .debug_str     0x0000000000002210      0x5a3 CMakeFiles/ControlBoard2.elf.dir/Drivers/STM32F3xx_HAL_Driver/Src/stm32f3xx_hal_can.c.obj
                                        0xbdf (size before relaxing)
 .debug_str     0x00000000000027b3      0x374 CMakeFiles/ControlBoard2.elf.dir/Drivers/STM32F3xx_HAL_Driver/Src/stm32f3xx_hal_cortex.c.obj
                                        0xa71 (size before relaxing)
 .debug_str     0x0000000000002b27      0x201 CMakeFiles/ControlBoard2.elf.dir/Drivers/STM32F3xx_HAL_Driver/Src/stm32f3xx_hal_gpio.c.obj
                                        0x64d (size before relaxing)
 .debug_str     0x0000000000002d28      0x8f6 CMakeFiles/ControlBoard2.elf.dir/Drivers/STM32F3xx_HAL_Driver/Src/stm32f3xx_hal_i2c.c.obj
                                       0x111c (size before relaxing)
 .debug_str     0x000000000000361e      0x109 CMakeFiles/ControlBoard2.elf.dir/Drivers/STM32F3xx_HAL_Driver/Src/stm32f3xx_hal_i2c_ex.c.obj
                                        0x9ff (size before relaxing)
 .debug_str     0x0000000000003727      0x1ef CMakeFiles/ControlBoard2.elf.dir/Drivers/STM32F3xx_HAL_Driver/Src/stm32f3xx_hal_rcc.c.obj
                                        0x7df (size before relaxing)
 .debug_str     0x0000000000003916      0x10f CMakeFiles/ControlBoard2.elf.dir/Drivers/STM32F3xx_HAL_Driver/Src/stm32f3xx_hal_rcc_ex.c.obj
                                        0x5fd (size before relaxing)
 .debug_str     0x0000000000003a25      0x586 CMakeFiles/ControlBoard2.elf.dir/Drivers/STM32F3xx_HAL_Driver/Src/stm32f3xx_hal_spi.c.obj
                                        0xd32 (size before relaxing)
 .debug_str     0x0000000000003fab      0xea8 CMakeFiles/ControlBoard2.elf.dir/Drivers/STM32F3xx_HAL_Driver/Src/stm32f3xx_hal_tim.c.obj
                                       0x16af (size before relaxing)
 .debug_str     0x0000000000004e53      0x5f7 CMakeFiles/ControlBoard2.elf.dir/Drivers/STM32F3xx_HAL_Driver/Src/stm32f3xx_hal_tim_ex.c.obj
                                        0xeb5 (size before relaxing)
 .debug_str     0x000000000000544a      0x751 CMakeFiles/ControlBoard2.elf.dir/Drivers/STM32F3xx_HAL_Driver/Src/stm32f3xx_hal_uart.c.obj
                                        0xfc0 (size before relaxing)
 .debug_str     0x0000000000005b9b     0x15e9 CMakeFiles/ControlBoard2.elf.dir/Middlewares/Third_Party/FreeRTOS/Source/CMSIS_RTOS_V2/cmsis_os2.c.obj
                                       0x1d9c (size before relaxing)
 .debug_str     0x0000000000007184      0x194 CMakeFiles/ControlBoard2.elf.dir/Middlewares/Third_Party/FreeRTOS/Source/list.c.obj
                                        0x7c0 (size before relaxing)
 .debug_str     0x0000000000007318      0x2a1 CMakeFiles/ControlBoard2.elf.dir/Middlewares/Third_Party/FreeRTOS/Source/portable/GCC/ARM_CM4F/port.c.obj
                                        0x546 (size before relaxing)
 .debug_str     0x00000000000075b9      0x239 CMakeFiles/ControlBoard2.elf.dir/Middlewares/Third_Party/FreeRTOS/Source/portable/MemMang/heap_4.c.obj
                                        0x8a9 (size before relaxing)
 .debug_str     0x00000000000077f2      0x62c CMakeFiles/ControlBoard2.elf.dir/Middlewares/Third_Party/FreeRTOS/Source/queue.c.obj
                                       0x113e (size before relaxing)
 .debug_str     0x0000000000007e1e      0x8e6 CMakeFiles/ControlBoard2.elf.dir/Middlewares/Third_Party/FreeRTOS/Source/tasks.c.obj
                                       0x173a (size before relaxing)
 .debug_str     0x0000000000008704      0x526 CMakeFiles/ControlBoard2.elf.dir/Middlewares/Third_Party/FreeRTOS/Source/timers.c.obj
                                       0x10b1 (size before relaxing)

.comment        0x0000000000000000       0x79
 .comment       0x0000000000000000       0x79 CMakeFiles/ControlBoard2.elf.dir/Core/Src/main.c.obj
                                         0x7a (size before relaxing)
 .comment       0x0000000000000079       0x7a CMakeFiles/ControlBoard2.elf.dir/Core/Src/stm32f3xx_hal_msp.c.obj
 .comment       0x0000000000000079       0x7a CMakeFiles/ControlBoard2.elf.dir/Core/Src/stm32f3xx_hal_timebase_tim.c.obj
 .comment       0x0000000000000079       0x7a CMakeFiles/ControlBoard2.elf.dir/Core/Src/stm32f3xx_it.c.obj
 .comment       0x0000000000000079       0x7a CMakeFiles/ControlBoard2.elf.dir/Core/Src/system_stm32f3xx.c.obj
 .comment       0x0000000000000079       0x7a CMakeFiles/ControlBoard2.elf.dir/Drivers/STM32F3xx_HAL_Driver/Src/stm32f3xx_hal.c.obj
 .comment       0x0000000000000079       0x7a CMakeFiles/ControlBoard2.elf.dir/Drivers/STM32F3xx_HAL_Driver/Src/stm32f3xx_hal_can.c.obj
 .comment       0x0000000000000079       0x7a CMakeFiles/ControlBoard2.elf.dir/Drivers/STM32F3xx_HAL_Driver/Src/stm32f3xx_hal_cortex.c.obj
 .comment       0x0000000000000079       0x7a CMakeFiles/ControlBoard2.elf.dir/Drivers/STM32F3xx_HAL_Driver/Src/stm32f3xx_hal_gpio.c.obj
 .comment       0x0000000000000079       0x7a CMakeFiles/ControlBoard2.elf.dir/Drivers/STM32F3xx_HAL_Driver/Src/stm32f3xx_hal_i2c.c.obj
 .comment       0x0000000000000079       0x7a CMakeFiles/ControlBoard2.elf.dir/Drivers/STM32F3xx_HAL_Driver/Src/stm32f3xx_hal_i2c_ex.c.obj
 .comment       0x0000000000000079       0x7a CMakeFiles/ControlBoard2.elf.dir/Drivers/STM32F3xx_HAL_Driver/Src/stm32f3xx_hal_rcc.c.obj
 .comment       0x0000000000000079       0x7a CMakeFiles/ControlBoard2.elf.dir/Drivers/STM32F3xx_HAL_Driver/Src/stm32f3xx_hal_rcc_ex.c.obj
 .comment       0x0000000000000079       0x7a CMakeFiles/ControlBoard2.elf.dir/Drivers/STM32F3xx_HAL_Driver/Src/stm32f3xx_hal_spi.c.obj
 .comment       0x0000000000000079       0x7a CMakeFiles/ControlBoard2.elf.dir/Drivers/STM32F3xx_HAL_Driver/Src/stm32f3xx_hal_tim.c.obj
 .comment       0x0000000000000079       0x7a CMakeFiles/ControlBoard2.elf.dir/Drivers/STM32F3xx_HAL_Driver/Src/stm32f3xx_hal_tim_ex.c.obj
 .comment       0x0000000000000079       0x7a CMakeFiles/ControlBoard2.elf.dir/Drivers/STM32F3xx_HAL_Driver/Src/stm32f3xx_hal_uart.c.obj
 .comment       0x0000000000000079       0x7a CMakeFiles/ControlBoard2.elf.dir/Middlewares/Third_Party/FreeRTOS/Source/CMSIS_RTOS_V2/cmsis_os2.c.obj
 .comment       0x0000000000000079       0x7a CMakeFiles/ControlBoard2.elf.dir/Middlewares/Third_Party/FreeRTOS/Source/list.c.obj
 .comment       0x0000000000000079       0x7a CMakeFiles/ControlBoard2.elf.dir/Middlewares/Third_Party/FreeRTOS/Source/portable/GCC/ARM_CM4F/port.c.obj
 .comment       0x0000000000000079       0x7a CMakeFiles/ControlBoard2.elf.dir/Middlewares/Third_Party/FreeRTOS/Source/portable/MemMang/heap_4.c.obj
 .comment       0x0000000000000079       0x7a CMakeFiles/ControlBoard2.elf.dir/Middlewares/Third_Party/FreeRTOS/Source/queue.c.obj
 .comment       0x0000000000000079       0x7a CMakeFiles/ControlBoard2.elf.dir/Middlewares/Third_Party/FreeRTOS/Source/tasks.c.obj
 .comment       0x0000000000000079       0x7a CMakeFiles/ControlBoard2.elf.dir/Middlewares/Third_Party/FreeRTOS/Source/timers.c.obj

.debug_frame    0x0000000000000000     0x4928
 .debug_frame   0x0000000000000000      0x104 CMakeFiles/ControlBoard2.elf.dir/Core/Src/main.c.obj